=== retry 2026-09-07T00:18:22+09:00 ===
sample-input/pdf/01-Advanced Programming in the UNIX Environment- 3rd Edition.pdf family=B format=pdf normalize=false
Loading weights:   0%|          | 0/770 [00:00<?, ?it/s]Loading weights: 100%|██████████| 770/770 [00:00<00:00, 28560.69it/s]
2026-09-07 00:18:30,037 MatchingPostProcessor WARNING  Orphan pdf_cell 120 recovered to col=2 by nearest-column fallback (row=25, x=853.6, dist=89.2)
2026-09-07 00:18:30,037 MatchingPostProcessor WARNING  Orphan pdf_cell 183 recovered to row=37 by nearest-row fallback (col=0, y=1236.9, dist=39.0)
2026-09-07 00:18:30,037 MatchingPostProcessor WARNING  Orphan pdf_cell 184 recovered to row=37 by nearest-row fallback (col=1, y=1237.9, dist=40.0)
2026-09-07 00:18:30,038 MatchingPostProcessor WARNING  Orphan pdf_cell 185 recovered to row=37 by nearest-row fallback (col=1, y=1236.9, dist=39.0)
2026-09-07 00:18:30,038 MatchingPostProcessor WARNING  Orphan pdf_cell 186 recovered to row=37 by nearest-row fallback (col=1, y=1236.9, dist=39.0)
2026-09-07 00:18:30,941 MatchingPostProcessor WARNING  Orphan pdf_cell 17 recovered to col=1 by nearest-column fallback (row=3, x=853.6, dist=305.7)
2026-09-07 00:18:30,941 MatchingPostProcessor WARNING  Orphan pdf_cell 190 recovered to col=1 by nearest-column fallback (row=31, x=848.0, dist=300.1)
2026-09-07 00:18:32,461 MatchingPostProcessor WARNING  Orphan pdf_cell 175 recovered to row=35 by nearest-row fallback (col=0, y=1226.5, dist=36.4)
2026-09-07 00:18:32,461 MatchingPostProcessor WARNING  Orphan pdf_cell 176 recovered to row=35 by nearest-row fallback (col=1, y=1226.5, dist=36.4)
2026-09-07 00:18:32,461 MatchingPostProcessor WARNING  Orphan pdf_cell 177 recovered to row=35 by nearest-row fallback (col=1, y=1226.5, dist=36.4)
2026-09-07 00:18:36,608 MatchingPostProcessor WARNING  Orphan pdf_cell 126 recovered to row=29 by nearest-row fallback (col=0, y=984.7, dist=26.0)
2026-09-07 00:18:36,608 MatchingPostProcessor WARNING  Orphan pdf_cell 127 recovered to row=29 by nearest-row fallback (col=1, y=984.7, dist=26.0)
2026-09-07 00:18:36,608 MatchingPostProcessor WARNING  Orphan pdf_cell 128 recovered to row=29 by nearest-row fallback (col=1, y=984.7, dist=26.0)
2026-09-07 00:18:36,608 MatchingPostProcessor WARNING  Orphan pdf_cell 129 recovered to row=29 by nearest-row fallback (col=1, y=984.7, dist=26.0)
2026-09-07 00:18:36,608 MatchingPostProcessor WARNING  Orphan pdf_cell 130 recovered to row=29 by nearest-row fallback (col=1, y=984.7, dist=26.0)
2026-09-07 00:18:37,444 MatchingPostProcessor WARNING  Orphan pdf_cell 175 recovered to row=36 by nearest-row fallback (col=0, y=1200.5, dist=26.0)
2026-09-07 00:18:37,444 MatchingPostProcessor WARNING  Orphan pdf_cell 176 recovered to row=36 by nearest-row fallback (col=1, y=1200.5, dist=26.0)
2026-09-07 00:18:37,444 MatchingPostProcessor WARNING  Orphan pdf_cell 177 recovered to row=36 by nearest-row fallback (col=1, y=1200.5, dist=26.0)
2026-09-07 00:18:37,444 MatchingPostProcessor WARNING  Orphan pdf_cell 178 recovered to row=36 by nearest-row fallback (col=1, y=1200.5, dist=26.0)
2026-09-07 00:18:37,444 MatchingPostProcessor WARNING  Orphan pdf_cell 179 recovered to row=36 by nearest-row fallback (col=1, y=1200.5, dist=26.0)
2026-09-07 00:18:37,444 MatchingPostProcessor WARNING  Orphan pdf_cell 180 recovered to row=36 by nearest-row fallback (col=1, y=1200.5, dist=26.0)
2026-09-07 00:18:37,444 MatchingPostProcessor WARNING  Orphan pdf_cell 181 recovered to row=36 by nearest-row fallback (col=1, y=1200.5, dist=26.0)
2026-09-07 00:18:42,824 MatchingPostProcessor WARNING  Orphan pdf_cell 263 recovered to row=9 by nearest-row fallback (col=0, y=861.4, dist=20.0)
2026-09-07 00:18:42,824 MatchingPostProcessor WARNING  Orphan pdf_cell 264 recovered to row=9 by nearest-row fallback (col=2, y=861.4, dist=20.0)
2026-09-07 00:18:42,824 MatchingPostProcessor WARNING  Orphan pdf_cell 265 recovered to row=9 by nearest-row fallback (col=1, y=861.4, dist=20.0)
2026-09-07 00:18:42,824 MatchingPostProcessor WARNING  Orphan pdf_cell 266 recovered to row=9 by nearest-row fallback (col=1, y=861.4, dist=20.0)
2026-09-07 00:18:42,824 MatchingPostProcessor WARNING  Orphan pdf_cell 267 recovered to row=9 by nearest-row fallback (col=1, y=861.4, dist=20.0)
2026-09-07 00:18:42,824 MatchingPostProcessor WARNING  Orphan pdf_cell 268 recovered to row=9 by nearest-row fallback (col=1, y=861.4, dist=20.0)
2026-09-07 00:18:42,824 MatchingPostProcessor WARNING  Orphan pdf_cell 269 recovered to row=9 by nearest-row fallback (col=1, y=861.4, dist=20.0)
2026-09-07 00:18:42,824 MatchingPostProcessor WARNING  Orphan pdf_cell 270 recovered to row=9 by nearest-row fallback (col=1, y=861.4, dist=20.0)
2026-09-07 00:18:42,824 MatchingPostProcessor WARNING  Orphan pdf_cell 271 recovered to row=9 by nearest-row fallback (col=1, y=861.4, dist=20.0)
2026-09-07 00:18:51,666 MatchingPostProcessor WARNING  Orphan pdf_cell 284 recovered to col=1 by nearest-column fallback (row=0, x=492.7, dist=101.0)
2026-09-07 00:18:51,666 MatchingPostProcessor WARNING  Orphan pdf_cell 289 recovered to row=0 by nearest-row fallback (col=0, y=1229.5, dist=75.4)
2026-09-07 00:18:51,666 MatchingPostProcessor WARNING  Orphan pdf_cell 290 recovered to row=0 by nearest-row fallback (col=0, y=1229.5, dist=75.4)
2026-09-07 00:18:51,666 MatchingPostProcessor WARNING  Orphan pdf_cell 291 recovered to row=0 by nearest-row fallback (col=0, y=1229.5, dist=75.4)
2026-09-07 00:18:51,666 MatchingPostProcessor WARNING  Orphan pdf_cell 293 recovered to row=0 by nearest-row fallback (col=1, y=1229.5, dist=75.4)
2026-09-07 00:18:51,666 MatchingPostProcessor WARNING  Orphan pdf_cell 294 recovered to row=0 by nearest-row fallback (col=1, y=1229.5, dist=75.4)
2026-09-07 00:18:51,666 MatchingPostProcessor WARNING  Orphan pdf_cell 295 recovered to row=0 by nearest-row fallback (col=1, y=1229.5, dist=75.4)
2026-09-07 00:18:51,666 MatchingPostProcessor WARNING  Orphan pdf_cell 296 recovered to row=0 by nearest-row fallback (col=1, y=1229.5, dist=75.4)
2026-09-07 00:18:51,666 MatchingPostProcessor WARNING  3 of 47 pdf cells matched neither a row nor a column band of the 2x2 grid and were dropped from the table
2026-09-07 00:18:55,276 MatchingPostProcessor WARNING  Orphan pdf_cell 365 recovered to col=2 by nearest-column fallback (row=4, x=393.3, dist=55.5)
2026-09-07 00:18:55,276 MatchingPostProcessor WARNING  Orphan pdf_cell 375 recovered to col=2 by nearest-column fallback (row=5, x=393.3, dist=55.5)
2026-09-07 00:18:55,276 MatchingPostProcessor WARNING  Orphan pdf_cell 390 recovered to col=2 by nearest-column fallback (row=6, x=393.3, dist=55.5)
2026-09-07 00:18:59,376 MatchingPostProcessor WARNING  Orphan pdf_cell 271 recovered to row=1 by nearest-row fallback (col=0, y=858.5, dist=57.3)
2026-09-07 00:18:59,376 MatchingPostProcessor WARNING  Orphan pdf_cell 272 recovered to row=1 by nearest-row fallback (col=0, y=858.5, dist=57.3)
2026-09-07 00:18:59,377 MatchingPostProcessor WARNING  Orphan pdf_cell 282 recovered to row=4 by nearest-row fallback (col=1, y=974.1, dist=58.2)
2026-09-07 00:18:59,377 MatchingPostProcessor WARNING  Orphan pdf_cell 283 recovered to row=4 by nearest-row fallback (col=1, y=974.1, dist=58.2)
2026-09-07 00:18:59,377 MatchingPostProcessor WARNING  Orphan pdf_cell 284 recovered to row=4 by nearest-row fallback (col=1, y=974.1, dist=58.2)
2026-09-07 00:18:59,377 MatchingPostProcessor WARNING  Orphan pdf_cell 285 recovered to row=4 by nearest-row fallback (col=1, y=974.1, dist=58.2)
2026-09-07 00:18:59,377 MatchingPostProcessor WARNING  Orphan pdf_cell 286 recovered to row=4 by nearest-row fallback (col=1, y=974.1, dist=58.2)
2026-09-07 00:18:59,377 MatchingPostProcessor WARNING  Orphan pdf_cell 287 recovered to row=4 by nearest-row fallback (col=1, y=974.1, dist=58.2)
2026-09-07 00:18:59,377 MatchingPostProcessor WARNING  Orphan pdf_cell 288 recovered to row=4 by nearest-row fallback (col=1, y=974.1, dist=58.2)
2026-09-07 00:19:11,182 MatchingPostProcessor WARNING  Orphan pdf_cell 85 recovered to row=19 by nearest-row fallback (col=0, y=582.9, dist=20.0)
2026-09-07 00:19:11,182 MatchingPostProcessor WARNING  Orphan pdf_cell 86 recovered to row=19 by nearest-row fallback (col=1, y=582.9, dist=20.0)
2026-09-07 00:19:11,182 MatchingPostProcessor WARNING  Orphan pdf_cell 87 recovered to row=19 by nearest-row fallback (col=2, y=582.9, dist=20.0)
2026-09-07 00:19:11,182 MatchingPostProcessor WARNING  Orphan pdf_cell 88 recovered to row=19 by nearest-row fallback (col=3, y=582.9, dist=20.0)
2026-09-07 00:19:23,387 MatchingPostProcessor WARNING  Orphan pdf_cell 310 recovered to row=3 by nearest-row fallback (col=0, y=984.9, dist=20.0)
2026-09-07 00:19:23,387 MatchingPostProcessor WARNING  Orphan pdf_cell 311 recovered to row=3 by nearest-row fallback (col=0, y=984.9, dist=20.0)
2026-09-07 00:19:23,387 MatchingPostProcessor WARNING  Orphan pdf_cell 312 recovered to row=3 by nearest-row fallback (col=0, y=984.9, dist=20.0)
2026-09-07 00:19:23,388 MatchingPostProcessor WARNING  Orphan pdf_cell 313 recovered to row=3 by nearest-row fallback (col=0, y=984.9, dist=20.0)
2026-09-07 00:19:23,388 MatchingPostProcessor WARNING  Orphan pdf_cell 314 recovered to row=3 by nearest-row fallback (col=0, y=984.9, dist=20.0)
2026-09-07 00:19:23,388 MatchingPostProcessor WARNING  Orphan pdf_cell 315 recovered to row=3 by nearest-row fallback (col=0, y=984.9, dist=20.0)
2026-09-07 00:19:23,388 MatchingPostProcessor WARNING  Orphan pdf_cell 316 recovered to row=3 by nearest-row fallback (col=0, y=984.9, dist=20.0)
2026-09-07 00:19:23,388 MatchingPostProcessor WARNING  Orphan pdf_cell 317 recovered to row=3 by nearest-row fallback (col=0, y=984.9, dist=20.0)
2026-09-07 00:19:23,388 MatchingPostProcessor WARNING  Orphan pdf_cell 318 recovered to row=3 by nearest-row fallback (col=0, y=984.9, dist=20.0)
2026-09-07 00:19:23,388 MatchingPostProcessor WARNING  Orphan pdf_cell 319 recovered to row=3 by nearest-row fallback (col=0, y=984.9, dist=20.0)
2026-09-07 00:19:23,388 MatchingPostProcessor WARNING  Orphan pdf_cell 320 recovered to row=3 by nearest-row fallback (col=0, y=984.9, dist=20.0)
2026-09-07 00:19:27,728 MatchingPostProcessor WARNING  Orphan pdf_cell 155 recovered to row=2 by nearest-row fallback (col=0, y=604.8, dist=39.9)
2026-09-07 00:19:27,728 MatchingPostProcessor WARNING  Orphan pdf_cell 156 recovered to row=2 by nearest-row fallback (col=1, y=604.8, dist=39.9)
2026-09-07 00:19:27,728 MatchingPostProcessor WARNING  Orphan pdf_cell 157 recovered to row=2 by nearest-row fallback (col=2, y=604.8, dist=40.0)
2026-09-07 00:19:27,728 MatchingPostProcessor WARNING  Orphan pdf_cell 158 recovered to row=2 by nearest-row fallback (col=2, y=604.8, dist=40.0)
2026-09-07 00:19:27,728 MatchingPostProcessor WARNING  Orphan pdf_cell 159 recovered to row=2 by nearest-row fallback (col=2, y=604.8, dist=40.0)
2026-09-07 00:19:27,728 MatchingPostProcessor WARNING  Orphan pdf_cell 160 recovered to row=2 by nearest-row fallback (col=2, y=604.8, dist=40.0)
2026-09-07 00:19:27,728 MatchingPostProcessor WARNING  Orphan pdf_cell 161 recovered to row=2 by nearest-row fallback (col=2, y=604.8, dist=40.0)
2026-09-07 00:19:27,728 MatchingPostProcessor WARNING  Orphan pdf_cell 162 recovered to row=2 by nearest-row fallback (col=2, y=604.8, dist=40.0)
2026-09-07 00:19:27,728 MatchingPostProcessor WARNING  Orphan pdf_cell 163 recovered to row=2 by nearest-row fallback (col=2, y=604.8, dist=40.0)
2026-09-07 00:19:27,728 MatchingPostProcessor WARNING  Orphan pdf_cell 164 recovered to row=2 by nearest-row fallback (col=2, y=604.8, dist=39.9)
2026-09-07 00:19:27,728 MatchingPostProcessor WARNING  Orphan pdf_cell 165 recovered to row=2 by nearest-row fallback (col=2, y=604.8, dist=40.0)
2026-09-07 00:19:27,728 MatchingPostProcessor WARNING  Orphan pdf_cell 166 recovered to row=2 by nearest-row fallback (col=0, y=624.8, dist=59.9)
2026-09-07 00:19:27,728 MatchingPostProcessor WARNING  Orphan pdf_cell 167 recovered to row=2 by nearest-row fallback (col=1, y=624.8, dist=59.9)
2026-09-07 00:19:27,728 MatchingPostProcessor WARNING  Orphan pdf_cell 168 recovered to row=2 by nearest-row fallback (col=2, y=624.8, dist=60.0)
2026-09-07 00:19:27,728 MatchingPostProcessor WARNING  Orphan pdf_cell 169 recovered to row=2 by nearest-row fallback (col=2, y=624.8, dist=60.0)
2026-09-07 00:19:27,728 MatchingPostProcessor WARNING  Orphan pdf_cell 170 recovered to row=2 by nearest-row fallback (col=2, y=624.8, dist=60.0)
2026-09-07 00:19:27,728 MatchingPostProcessor WARNING  Orphan pdf_cell 171 recovered to row=2 by nearest-row fallback (col=2, y=624.8, dist=60.0)
2026-09-07 00:19:27,728 MatchingPostProcessor WARNING  Orphan pdf_cell 172 recovered to row=2 by nearest-row fallback (col=2, y=624.8, dist=60.0)
2026-09-07 00:19:27,728 MatchingPostProcessor WARNING  Orphan pdf_cell 173 recovered to row=2 by nearest-row fallback (col=2, y=624.8, dist=59.9)
2026-09-07 00:19:27,728 MatchingPostProcessor WARNING  Orphan pdf_cell 174 recovered to row=2 by nearest-row fallback (col=2, y=624.8, dist=60.0)
2026-09-07 00:19:27,728 MatchingPostProcessor WARNING  Orphan pdf_cell 175 recovered to row=2 by nearest-row fallback (col=2, y=624.8, dist=60.0)
2026-09-07 00:19:27,728 MatchingPostProcessor WARNING  Orphan pdf_cell 176 recovered to row=2 by nearest-row fallback (col=0, y=644.8, dist=79.9)
2026-09-07 00:19:27,728 MatchingPostProcessor WARNING  Orphan pdf_cell 177 recovered to row=2 by nearest-row fallback (col=1, y=644.8, dist=79.9)
2026-09-07 00:19:27,728 MatchingPostProcessor WARNING  Orphan pdf_cell 178 recovered to row=2 by nearest-row fallback (col=1, y=644.8, dist=79.9)
2026-09-07 00:19:27,728 MatchingPostProcessor WARNING  Orphan pdf_cell 179 recovered to row=2 by nearest-row fallback (col=2, y=644.8, dist=80.0)
2026-09-07 00:19:27,728 MatchingPostProcessor WARNING  Orphan pdf_cell 180 recovered to row=2 by nearest-row fallback (col=2, y=644.8, dist=80.0)
2026-09-07 00:19:27,728 MatchingPostProcessor WARNING  Orphan pdf_cell 181 recovered to row=2 by nearest-row fallback (col=2, y=644.8, dist=80.0)
2026-09-07 00:19:27,728 MatchingPostProcessor WARNING  Orphan pdf_cell 182 recovered to row=2 by nearest-row fallback (col=2, y=644.8, dist=80.0)
2026-09-07 00:19:27,728 MatchingPostProcessor WARNING  Orphan pdf_cell 183 recovered to row=2 by nearest-row fallback (col=2, y=644.8, dist=80.0)
2026-09-07 00:19:27,728 MatchingPostProcessor WARNING  Orphan pdf_cell 184 recovered to row=2 by nearest-row fallback (col=2, y=644.8, dist=80.0)
2026-09-07 00:19:27,728 MatchingPostProcessor WARNING  Orphan pdf_cell 185 recovered to row=2 by nearest-row fallback (col=2, y=644.8, dist=80.0)
2026-09-07 00:19:27,728 MatchingPostProcessor WARNING  Orphan pdf_cell 186 recovered to row=2 by nearest-row fallback (col=2, y=644.8, dist=80.0)
2026-09-07 00:19:27,728 MatchingPostProcessor WARNING  Orphan pdf_cell 187 recovered to row=2 by nearest-row fallback (col=2, y=644.8, dist=80.0)
2026-09-07 00:19:27,728 MatchingPostProcessor WARNING  Orphan pdf_cell 188 recovered to row=2 by nearest-row fallback (col=2, y=644.8, dist=80.0)
2026-09-07 00:19:27,728 MatchingPostProcessor WARNING  Orphan pdf_cell 189 recovered to row=2 by nearest-row fallback (col=0, y=664.8, dist=99.9)
2026-09-07 00:19:27,728 MatchingPostProcessor WARNING  Orphan pdf_cell 190 recovered to row=2 by nearest-row fallback (col=1, y=664.8, dist=99.9)
2026-09-07 00:19:27,728 MatchingPostProcessor WARNING  Orphan pdf_cell 191 recovered to row=2 by nearest-row fallback (col=2, y=664.8, dist=100.0)
2026-09-07 00:19:27,728 MatchingPostProcessor WARNING  Orphan pdf_cell 192 recovered to row=2 by nearest-row fallback (col=2, y=664.8, dist=100.0)
2026-09-07 00:19:27,728 MatchingPostProcessor WARNING  Orphan pdf_cell 193 recovered to row=2 by nearest-row fallback (col=2, y=664.8, dist=100.0)
2026-09-07 00:19:27,728 MatchingPostProcessor WARNING  Orphan pdf_cell 194 recovered to row=2 by nearest-row fallback (col=2, y=664.8, dist=100.0)
2026-09-07 00:19:27,728 MatchingPostProcessor WARNING  Orphan pdf_cell 195 recovered to row=2 by nearest-row fallback (col=2, y=664.8, dist=100.0)
2026-09-07 00:19:27,728 MatchingPostProcessor WARNING  Orphan pdf_cell 196 recovered to row=2 by nearest-row fallback (col=2, y=664.8, dist=100.0)
2026-09-07 00:19:27,728 MatchingPostProcessor WARNING  Orphan pdf_cell 197 recovered to row=2 by nearest-row fallback (col=2, y=664.8, dist=100.0)
2026-09-07 00:19:27,728 MatchingPostProcessor WARNING  Orphan pdf_cell 198 recovered to row=2 by nearest-row fallback (col=2, y=664.8, dist=100.0)
2026-09-07 00:19:27,728 MatchingPostProcessor WARNING  Orphan pdf_cell 199 recovered to row=2 by nearest-row fallback (col=2, y=664.8, dist=99.9)
2026-09-07 00:19:27,728 MatchingPostProcessor WARNING  Orphan pdf_cell 200 recovered to row=2 by nearest-row fallback (col=2, y=664.8, dist=100.0)
2026-09-07 00:19:27,728 MatchingPostProcessor WARNING  Orphan pdf_cell 201 recovered to row=2 by nearest-row fallback (col=2, y=684.8, dist=120.0)
2026-09-07 00:19:27,728 MatchingPostProcessor WARNING  Orphan pdf_cell 202 recovered to row=2 by nearest-row fallback (col=0, y=704.7, dist=139.9)
2026-09-07 00:19:27,728 MatchingPostProcessor WARNING  Orphan pdf_cell 203 recovered to row=2 by nearest-row fallback (col=1, y=704.7, dist=139.9)
2026-09-07 00:19:27,728 MatchingPostProcessor WARNING  Orphan pdf_cell 204 recovered to row=2 by nearest-row fallback (col=2, y=704.8, dist=140.0)
2026-09-07 00:19:27,728 MatchingPostProcessor WARNING  Orphan pdf_cell 205 recovered to row=2 by nearest-row fallback (col=2, y=704.8, dist=140.0)
2026-09-07 00:19:27,729 MatchingPostProcessor WARNING  Orphan pdf_cell 206 recovered to row=2 by nearest-row fallback (col=2, y=704.8, dist=140.0)
2026-09-07 00:19:27,729 MatchingPostProcessor WARNING  Orphan pdf_cell 207 recovered to row=2 by nearest-row fallback (col=2, y=704.8, dist=140.0)
2026-09-07 00:19:27,729 MatchingPostProcessor WARNING  Orphan pdf_cell 208 recovered to row=2 by nearest-row fallback (col=2, y=704.8, dist=140.0)
2026-09-07 00:19:27,729 MatchingPostProcessor WARNING  Orphan pdf_cell 209 recovered to row=2 by nearest-row fallback (col=2, y=704.8, dist=140.0)
2026-09-07 00:19:27,729 MatchingPostProcessor WARNING  Orphan pdf_cell 210 recovered to row=2 by nearest-row fallback (col=2, y=704.8, dist=140.0)
2026-09-07 00:19:27,729 MatchingPostProcessor WARNING  Orphan pdf_cell 211 recovered to row=2 by nearest-row fallback (col=2, y=704.8, dist=140.0)
2026-09-07 00:19:27,729 MatchingPostProcessor WARNING  Orphan pdf_cell 212 recovered to row=2 by nearest-row fallback (col=0, y=724.7, dist=159.9)
2026-09-07 00:19:27,729 MatchingPostProcessor WARNING  Orphan pdf_cell 213 recovered to row=2 by nearest-row fallback (col=1, y=724.7, dist=159.9)
2026-09-07 00:19:27,729 MatchingPostProcessor WARNING  Orphan pdf_cell 214 recovered to row=2 by nearest-row fallback (col=2, y=724.8, dist=160.0)
2026-09-07 00:19:27,729 MatchingPostProcessor WARNING  Orphan pdf_cell 215 recovered to row=2 by nearest-row fallback (col=2, y=724.8, dist=160.0)
2026-09-07 00:19:27,729 MatchingPostProcessor WARNING  Orphan pdf_cell 216 recovered to row=2 by nearest-row fallback (col=2, y=724.8, dist=160.0)
2026-09-07 00:19:27,729 MatchingPostProcessor WARNING  Orphan pdf_cell 217 recovered to row=2 by nearest-row fallback (col=2, y=724.8, dist=160.0)
2026-09-07 00:19:27,729 MatchingPostProcessor WARNING  Orphan pdf_cell 218 recovered to row=2 by nearest-row fallback (col=2, y=724.8, dist=160.0)
2026-09-07 00:19:27,729 MatchingPostProcessor WARNING  Orphan pdf_cell 219 recovered to row=2 by nearest-row fallback (col=2, y=724.8, dist=160.0)
2026-09-07 00:19:27,729 MatchingPostProcessor WARNING  Orphan pdf_cell 220 recovered to row=2 by nearest-row fallback (col=2, y=724.8, dist=160.0)
2026-09-07 00:19:27,729 MatchingPostProcessor WARNING  Orphan pdf_cell 221 recovered to row=2 by nearest-row fallback (col=2, y=724.8, dist=160.0)
2026-09-07 00:19:27,729 MatchingPostProcessor WARNING  Orphan pdf_cell 222 recovered to row=2 by nearest-row fallback (col=2, y=724.8, dist=160.0)
2026-09-07 00:19:27,729 MatchingPostProcessor WARNING  Orphan pdf_cell 223 recovered to row=2 by nearest-row fallback (col=2, y=724.8, dist=160.0)
2026-09-07 00:19:27,729 MatchingPostProcessor WARNING  Orphan pdf_cell 224 recovered to row=2 by nearest-row fallback (col=2, y=724.8, dist=160.0)
2026-09-07 00:19:27,729 MatchingPostProcessor WARNING  Orphan pdf_cell 225 recovered to row=2 by nearest-row fallback (col=2, y=724.8, dist=160.0)
2026-09-07 00:19:27,729 MatchingPostProcessor WARNING  Orphan pdf_cell 226 recovered to row=2 by nearest-row fallback (col=2, y=744.8, dist=180.0)
2026-09-07 00:19:27,729 MatchingPostProcessor WARNING  Orphan pdf_cell 227 recovered to row=2 by nearest-row fallback (col=0, y=764.7, dist=199.9)
2026-09-07 00:19:27,729 MatchingPostProcessor WARNING  Orphan pdf_cell 228 recovered to row=2 by nearest-row fallback (col=1, y=764.7, dist=199.9)
2026-09-07 00:19:27,729 MatchingPostProcessor WARNING  Orphan pdf_cell 229 recovered to row=2 by nearest-row fallback (col=1, y=764.7, dist=199.9)
2026-09-07 00:19:27,729 MatchingPostProcessor WARNING  Orphan pdf_cell 230 recovered to row=2 by nearest-row fallback (col=2, y=764.8, dist=200.0)
2026-09-07 00:19:27,729 MatchingPostProcessor WARNING  Orphan pdf_cell 231 recovered to row=2 by nearest-row fallback (col=2, y=764.8, dist=200.0)
2026-09-07 00:19:27,729 MatchingPostProcessor WARNING  Orphan pdf_cell 232 recovered to row=2 by nearest-row fallback (col=2, y=764.8, dist=200.0)
2026-09-07 00:19:27,729 MatchingPostProcessor WARNING  Orphan pdf_cell 233 recovered to row=2 by nearest-row fallback (col=2, y=764.8, dist=200.0)
2026-09-07 00:19:27,729 MatchingPostProcessor WARNING  Orphan pdf_cell 234 recovered to row=2 by nearest-row fallback (col=2, y=764.8, dist=200.0)
2026-09-07 00:19:27,729 MatchingPostProcessor WARNING  Orphan pdf_cell 235 recovered to row=2 by nearest-row fallback (col=2, y=764.8, dist=200.0)
2026-09-07 00:19:27,729 MatchingPostProcessor WARNING  Orphan pdf_cell 236 recovered to row=2 by nearest-row fallback (col=2, y=764.8, dist=200.0)
2026-09-07 00:19:27,729 MatchingPostProcessor WARNING  Orphan pdf_cell 237 recovered to row=2 by nearest-row fallback (col=2, y=764.8, dist=200.0)
2026-09-07 00:19:27,729 MatchingPostProcessor WARNING  Orphan pdf_cell 238 recovered to row=2 by nearest-row fallback (col=0, y=784.7, dist=219.9)
2026-09-07 00:19:27,729 MatchingPostProcessor WARNING  Orphan pdf_cell 239 recovered to row=2 by nearest-row fallback (col=1, y=784.7, dist=219.9)
2026-09-07 00:19:27,729 MatchingPostProcessor WARNING  Orphan pdf_cell 240 recovered to row=2 by nearest-row fallback (col=2, y=784.8, dist=219.9)
2026-09-07 00:19:27,729 MatchingPostProcessor WARNING  Orphan pdf_cell 241 recovered to row=2 by nearest-row fallback (col=2, y=784.8, dist=219.9)
2026-09-07 00:19:27,729 MatchingPostProcessor WARNING  Orphan pdf_cell 242 recovered to row=2 by nearest-row fallback (col=2, y=784.8, dist=219.9)
2026-09-07 00:19:27,729 MatchingPostProcessor WARNING  Orphan pdf_cell 243 recovered to row=2 by nearest-row fallback (col=2, y=784.7, dist=219.9)
2026-09-07 00:19:27,729 MatchingPostProcessor WARNING  Orphan pdf_cell 244 recovered to row=2 by nearest-row fallback (col=2, y=784.8, dist=219.9)
2026-09-07 00:19:27,729 MatchingPostProcessor WARNING  Orphan pdf_cell 245 recovered to row=2 by nearest-row fallback (col=2, y=784.7, dist=219.9)
2026-09-07 00:19:27,729 MatchingPostProcessor WARNING  Orphan pdf_cell 246 recovered to row=2 by nearest-row fallback (col=2, y=784.8, dist=219.9)
2026-09-07 00:19:27,729 MatchingPostProcessor WARNING  Orphan pdf_cell 247 recovered to row=2 by nearest-row fallback (col=2, y=784.8, dist=219.9)
2026-09-07 00:19:27,729 MatchingPostProcessor WARNING  Orphan pdf_cell 248 recovered to row=2 by nearest-row fallback (col=0, y=804.7, dist=239.9)
2026-09-07 00:19:27,729 MatchingPostProcessor WARNING  Orphan pdf_cell 249 recovered to row=2 by nearest-row fallback (col=1, y=804.7, dist=239.9)
2026-09-07 00:19:27,729 MatchingPostProcessor WARNING  Orphan pdf_cell 250 recovered to row=2 by nearest-row fallback (col=2, y=804.8, dist=239.9)
2026-09-07 00:19:27,729 MatchingPostProcessor WARNING  Orphan pdf_cell 251 recovered to row=2 by nearest-row fallback (col=2, y=804.8, dist=239.9)
2026-09-07 00:19:27,729 MatchingPostProcessor WARNING  Orphan pdf_cell 252 recovered to row=2 by nearest-row fallback (col=2, y=804.8, dist=239.9)
2026-09-07 00:19:27,729 MatchingPostProcessor WARNING  Orphan pdf_cell 253 recovered to row=2 by nearest-row fallback (col=2, y=804.8, dist=239.9)
2026-09-07 00:19:27,729 MatchingPostProcessor WARNING  Orphan pdf_cell 254 recovered to row=2 by nearest-row fallback (col=2, y=804.8, dist=239.9)
2026-09-07 00:19:27,729 MatchingPostProcessor WARNING  Orphan pdf_cell 255 recovered to row=2 by nearest-row fallback (col=2, y=804.8, dist=239.9)
2026-09-07 00:19:27,729 MatchingPostProcessor WARNING  Orphan pdf_cell 256 recovered to row=2 by nearest-row fallback (col=2, y=804.8, dist=239.9)
2026-09-07 00:19:27,729 MatchingPostProcessor WARNING  Orphan pdf_cell 257 recovered to row=2 by nearest-row fallback (col=2, y=804.8, dist=239.9)
2026-09-07 00:19:27,729 MatchingPostProcessor WARNING  Orphan pdf_cell 258 recovered to row=2 by nearest-row fallback (col=0, y=824.7, dist=259.9)
2026-09-07 00:19:27,729 MatchingPostProcessor WARNING  Orphan pdf_cell 259 recovered to row=2 by nearest-row fallback (col=1, y=824.7, dist=259.9)
2026-09-07 00:19:27,729 MatchingPostProcessor WARNING  Orphan pdf_cell 260 recovered to row=2 by nearest-row fallback (col=2, y=824.8, dist=259.9)
2026-09-07 00:19:27,729 MatchingPostProcessor WARNING  Orphan pdf_cell 261 recovered to row=2 by nearest-row fallback (col=2, y=824.8, dist=259.9)
2026-09-07 00:19:27,729 MatchingPostProcessor WARNING  Orphan pdf_cell 262 recovered to row=2 by nearest-row fallback (col=2, y=824.8, dist=259.9)
2026-09-07 00:19:27,729 MatchingPostProcessor WARNING  Orphan pdf_cell 263 recovered to row=2 by nearest-row fallback (col=2, y=824.8, dist=259.9)
2026-09-07 00:19:27,729 MatchingPostProcessor WARNING  Orphan pdf_cell 264 recovered to row=2 by nearest-row fallback (col=2, y=824.8, dist=259.9)
2026-09-07 00:19:27,729 MatchingPostProcessor WARNING  Orphan pdf_cell 265 recovered to row=2 by nearest-row fallback (col=2, y=824.8, dist=259.9)
2026-09-07 00:19:27,729 MatchingPostProcessor WARNING  Orphan pdf_cell 266 recovered to row=2 by nearest-row fallback (col=2, y=824.8, dist=259.9)
2026-09-07 00:19:27,729 MatchingPostProcessor WARNING  Orphan pdf_cell 267 recovered to row=2 by nearest-row fallback (col=2, y=824.8, dist=259.9)
2026-09-07 00:19:27,729 MatchingPostProcessor WARNING  Orphan pdf_cell 268 recovered to row=2 by nearest-row fallback (col=2, y=824.8, dist=259.9)
2026-09-07 00:19:27,729 MatchingPostProcessor WARNING  Orphan pdf_cell 269 recovered to row=2 by nearest-row fallback (col=2, y=824.8, dist=259.9)
2026-09-07 00:19:27,729 MatchingPostProcessor WARNING  Orphan pdf_cell 270 recovered to row=2 by nearest-row fallback (col=2, y=824.8, dist=259.9)
2026-09-07 00:19:27,729 MatchingPostProcessor WARNING  Orphan pdf_cell 271 recovered to row=2 by nearest-row fallback (col=2, y=824.8, dist=259.9)
2026-09-07 00:19:27,729 MatchingPostProcessor WARNING  Orphan pdf_cell 272 recovered to row=2 by nearest-row fallback (col=2, y=844.8, dist=279.9)
2026-09-07 00:19:27,729 MatchingPostProcessor WARNING  Orphan pdf_cell 273 recovered to row=2 by nearest-row fallback (col=0, y=864.7, dist=299.9)
2026-09-07 00:19:27,729 MatchingPostProcessor WARNING  Orphan pdf_cell 274 recovered to row=2 by nearest-row fallback (col=1, y=864.7, dist=299.9)
2026-09-07 00:19:27,730 MatchingPostProcessor WARNING  Orphan pdf_cell 275 recovered to row=2 by nearest-row fallback (col=1, y=864.7, dist=299.9)
2026-09-07 00:19:27,730 MatchingPostProcessor WARNING  Orphan pdf_cell 276 recovered to row=2 by nearest-row fallback (col=2, y=864.8, dist=299.9)
2026-09-07 00:19:27,730 MatchingPostProcessor WARNING  Orphan pdf_cell 277 recovered to row=2 by nearest-row fallback (col=2, y=864.8, dist=299.9)
2026-09-07 00:19:27,730 MatchingPostProcessor WARNING  Orphan pdf_cell 278 recovered to row=2 by nearest-row fallback (col=2, y=864.8, dist=299.9)
2026-09-07 00:19:27,730 MatchingPostProcessor WARNING  Orphan pdf_cell 279 recovered to row=2 by nearest-row fallback (col=2, y=864.8, dist=299.9)
2026-09-07 00:19:27,730 MatchingPostProcessor WARNING  Orphan pdf_cell 280 recovered to row=2 by nearest-row fallback (col=2, y=864.8, dist=299.9)
2026-09-07 00:19:27,730 MatchingPostProcessor WARNING  Orphan pdf_cell 281 recovered to row=2 by nearest-row fallback (col=2, y=864.8, dist=299.9)
2026-09-07 00:19:27,730 MatchingPostProcessor WARNING  Orphan pdf_cell 282 recovered to row=2 by nearest-row fallback (col=2, y=864.8, dist=299.9)
2026-09-07 00:19:27,730 MatchingPostProcessor WARNING  Orphan pdf_cell 283 recovered to row=2 by nearest-row fallback (col=2, y=864.8, dist=299.9)
2026-09-07 00:19:27,730 MatchingPostProcessor WARNING  Orphan pdf_cell 284 recovered to row=2 by nearest-row fallback (col=0, y=884.7, dist=319.9)
2026-09-07 00:19:27,730 MatchingPostProcessor WARNING  Orphan pdf_cell 285 recovered to row=2 by nearest-row fallback (col=1, y=884.7, dist=319.9)
2026-09-07 00:19:27,730 MatchingPostProcessor WARNING  Orphan pdf_cell 286 recovered to row=2 by nearest-row fallback (col=2, y=884.7, dist=319.9)
2026-09-07 00:19:27,730 MatchingPostProcessor WARNING  Orphan pdf_cell 287 recovered to row=2 by nearest-row fallback (col=2, y=884.7, dist=319.9)
2026-09-07 00:19:27,730 MatchingPostProcessor WARNING  Orphan pdf_cell 288 recovered to row=2 by nearest-row fallback (col=2, y=884.7, dist=319.9)
2026-09-07 00:19:27,730 MatchingPostProcessor WARNING  Orphan pdf_cell 289 recovered to row=2 by nearest-row fallback (col=2, y=884.7, dist=319.9)
2026-09-07 00:19:27,730 MatchingPostProcessor WARNING  Orphan pdf_cell 290 recovered to row=2 by nearest-row fallback (col=2, y=884.7, dist=319.9)
2026-09-07 00:19:27,730 MatchingPostProcessor WARNING  Orphan pdf_cell 291 recovered to row=2 by nearest-row fallback (col=2, y=884.7, dist=319.9)
2026-09-07 00:19:27,730 MatchingPostProcessor WARNING  Orphan pdf_cell 292 recovered to row=2 by nearest-row fallback (col=2, y=884.7, dist=319.9)
2026-09-07 00:19:32,100 MatchingPostProcessor WARNING  Orphan pdf_cell 47 recovered to row=0 by nearest-row fallback (col=1, y=270.2, dist=73.1)
2026-09-07 00:19:32,100 MatchingPostProcessor WARNING  Orphan pdf_cell 48 recovered to row=0 by nearest-row fallback (col=1, y=270.2, dist=73.1)
2026-09-07 00:19:32,100 MatchingPostProcessor WARNING  Orphan pdf_cell 49 recovered to row=0 by nearest-row fallback (col=1, y=270.1, dist=73.0)
2026-09-07 00:19:32,100 MatchingPostProcessor WARNING  Orphan pdf_cell 50 recovered to row=0 by nearest-row fallback (col=1, y=270.2, dist=73.1)
2026-09-07 00:19:32,100 MatchingPostProcessor WARNING  Orphan pdf_cell 51 recovered to row=0 by nearest-row fallback (col=1, y=270.2, dist=73.1)
2026-09-07 00:19:32,100 MatchingPostProcessor WARNING  Orphan pdf_cell 52 recovered to row=0 by nearest-row fallback (col=1, y=270.2, dist=73.1)
2026-09-07 00:19:32,100 MatchingPostProcessor WARNING  Orphan pdf_cell 53 recovered to row=0 by nearest-row fallback (col=1, y=270.2, dist=73.1)
2026-09-07 00:19:32,100 MatchingPostProcessor WARNING  Orphan pdf_cell 54 recovered to row=0 by nearest-row fallback (col=1, y=270.2, dist=73.1)
2026-09-07 00:19:32,100 MatchingPostProcessor WARNING  Orphan pdf_cell 55 recovered to row=0 by nearest-row fallback (col=1, y=270.2, dist=73.1)
2026-09-07 00:19:32,100 MatchingPostProcessor WARNING  Orphan pdf_cell 56 recovered to row=0 by nearest-row fallback (col=1, y=270.1, dist=73.0)
2026-09-07 00:19:32,100 MatchingPostProcessor WARNING  Orphan pdf_cell 57 recovered to row=0 by nearest-row fallback (col=1, y=270.2, dist=73.1)
2026-09-07 00:19:32,101 MatchingPostProcessor WARNING  Orphan pdf_cell 58 recovered to row=0 by nearest-row fallback (col=1, y=270.2, dist=73.1)
2026-09-07 00:19:32,101 MatchingPostProcessor WARNING  Orphan pdf_cell 59 recovered to row=1 by nearest-row fallback (col=1, y=294.1, dist=70.9)
2026-09-07 00:19:32,101 MatchingPostProcessor WARNING  Orphan pdf_cell 60 recovered to row=1 by nearest-row fallback (col=1, y=294.2, dist=70.9)
2026-09-07 00:19:32,101 MatchingPostProcessor WARNING  Orphan pdf_cell 61 recovered to row=1 by nearest-row fallback (col=1, y=294.2, dist=70.9)
2026-09-07 00:19:32,101 MatchingPostProcessor WARNING  Orphan pdf_cell 62 recovered to row=1 by nearest-row fallback (col=1, y=294.2, dist=70.9)
2026-09-07 00:19:33,222 MatchingPostProcessor WARNING  Orphan pdf_cell 199 recovered to row=2 by nearest-row fallback (col=1, y=679.0, dist=47.7)
2026-09-07 00:19:33,223 MatchingPostProcessor WARNING  Orphan pdf_cell 200 recovered to row=2 by nearest-row fallback (col=1, y=679.0, dist=47.7)
2026-09-07 00:19:33,223 MatchingPostProcessor WARNING  Orphan pdf_cell 201 recovered to row=2 by nearest-row fallback (col=1, y=679.0, dist=47.7)
2026-09-07 00:19:33,223 MatchingPostProcessor WARNING  Orphan pdf_cell 202 recovered to row=2 by nearest-row fallback (col=1, y=679.0, dist=47.7)
2026-09-07 00:19:34,643 MatchingPostProcessor WARNING  Orphan pdf_cell 176 recovered to col=2 by nearest-column fallback (row=1, x=289.2, dist=24.6)
2026-09-07 00:19:37,000 MatchingPostProcessor WARNING  Orphan pdf_cell 22 recovered to row=0 by nearest-row fallback (col=1, y=207.0, dist=36.0)
2026-09-07 00:19:37,000 MatchingPostProcessor WARNING  Orphan pdf_cell 23 recovered to row=0 by nearest-row fallback (col=1, y=207.0, dist=36.0)
2026-09-07 00:19:37,000 MatchingPostProcessor WARNING  Orphan pdf_cell 24 recovered to row=0 by nearest-row fallback (col=1, y=207.0, dist=36.0)
2026-09-07 00:19:37,000 MatchingPostProcessor WARNING  Orphan pdf_cell 25 recovered to row=0 by nearest-row fallback (col=1, y=207.0, dist=36.0)
2026-09-07 00:19:37,000 MatchingPostProcessor WARNING  Orphan pdf_cell 26 recovered to row=0 by nearest-row fallback (col=1, y=207.3, dist=36.3)
2026-09-07 00:19:37,000 MatchingPostProcessor WARNING  Orphan pdf_cell 27 recovered to row=0 by nearest-row fallback (col=1, y=207.0, dist=36.0)
2026-09-07 00:19:37,000 MatchingPostProcessor WARNING  Orphan pdf_cell 28 recovered to row=0 by nearest-row fallback (col=1, y=207.0, dist=36.0)
2026-09-07 00:19:37,000 MatchingPostProcessor WARNING  Orphan pdf_cell 29 recovered to row=0 by nearest-row fallback (col=1, y=207.0, dist=36.0)
2026-09-07 00:19:37,000 MatchingPostProcessor WARNING  Orphan pdf_cell 42 recovered to row=1 by nearest-row fallback (col=1, y=299.8, dist=36.0)
2026-09-07 00:19:37,000 MatchingPostProcessor WARNING  Orphan pdf_cell 43 recovered to row=1 by nearest-row fallback (col=1, y=299.8, dist=36.0)
2026-09-07 00:19:37,000 MatchingPostProcessor WARNING  Orphan pdf_cell 44 recovered to row=1 by nearest-row fallback (col=1, y=299.8, dist=36.0)
2026-09-07 00:19:37,000 MatchingPostProcessor WARNING  Orphan pdf_cell 45 recovered to row=1 by nearest-row fallback (col=1, y=299.8, dist=36.0)
2026-09-07 00:19:37,000 MatchingPostProcessor WARNING  Orphan pdf_cell 46 recovered to row=1 by nearest-row fallback (col=1, y=299.8, dist=36.0)
2026-09-07 00:19:37,000 MatchingPostProcessor WARNING  Orphan pdf_cell 47 recovered to row=1 by nearest-row fallback (col=1, y=299.7, dist=36.0)
2026-09-07 00:19:37,000 MatchingPostProcessor WARNING  Orphan pdf_cell 48 recovered to row=1 by nearest-row fallback (col=1, y=299.8, dist=36.0)
2026-09-07 00:19:37,000 MatchingPostProcessor WARNING  Orphan pdf_cell 49 recovered to row=1 by nearest-row fallback (col=1, y=299.8, dist=36.0)
2026-09-07 00:19:37,308 MatchingPostProcessor WARNING  Orphan pdf_cell 14 recovered to row=0 by nearest-row fallback (col=1, y=207.0, dist=36.0)
2026-09-07 00:19:37,308 MatchingPostProcessor WARNING  Orphan pdf_cell 15 recovered to row=0 by nearest-row fallback (col=1, y=207.0, dist=36.0)
2026-09-07 00:19:37,308 MatchingPostProcessor WARNING  Orphan pdf_cell 16 recovered to row=0 by nearest-row fallback (col=1, y=207.0, dist=36.0)
2026-09-07 00:19:37,308 MatchingPostProcessor WARNING  Orphan pdf_cell 17 recovered to row=0 by nearest-row fallback (col=1, y=207.0, dist=36.0)
2026-09-07 00:19:37,308 MatchingPostProcessor WARNING  Orphan pdf_cell 18 recovered to row=0 by nearest-row fallback (col=1, y=207.0, dist=36.0)
2026-09-07 00:19:37,308 MatchingPostProcessor WARNING  Orphan pdf_cell 19 recovered to row=0 by nearest-row fallback (col=1, y=207.0, dist=36.0)
2026-09-07 00:19:37,308 MatchingPostProcessor WARNING  Orphan pdf_cell 20 recovered to row=0 by nearest-row fallback (col=1, y=207.0, dist=36.0)
2026-09-07 00:19:37,308 MatchingPostProcessor WARNING  Orphan pdf_cell 21 recovered to row=0 by nearest-row fallback (col=1, y=207.0, dist=36.0)
2026-09-07 00:19:37,308 MatchingPostProcessor WARNING  Orphan pdf_cell 31 recovered to row=1 by nearest-row fallback (col=1, y=303.0, dist=36.0)
2026-09-07 00:19:37,308 MatchingPostProcessor WARNING  Orphan pdf_cell 32 recovered to row=1 by nearest-row fallback (col=1, y=303.0, dist=36.0)
2026-09-07 00:19:37,308 MatchingPostProcessor WARNING  Orphan pdf_cell 33 recovered to row=1 by nearest-row fallback (col=1, y=303.0, dist=36.0)
2026-09-07 00:19:37,308 MatchingPostProcessor WARNING  Orphan pdf_cell 34 recovered to row=1 by nearest-row fallback (col=1, y=303.0, dist=36.0)
2026-09-07 00:19:37,308 MatchingPostProcessor WARNING  Orphan pdf_cell 35 recovered to row=1 by nearest-row fallback (col=1, y=303.0, dist=36.0)
2026-09-07 00:19:37,308 MatchingPostProcessor WARNING  Orphan pdf_cell 36 recovered to row=1 by nearest-row fallback (col=1, y=303.0, dist=36.0)
2026-09-07 00:19:37,308 MatchingPostProcessor WARNING  Orphan pdf_cell 37 recovered to row=1 by nearest-row fallback (col=1, y=303.0, dist=36.0)
2026-09-07 00:19:37,308 MatchingPostProcessor WARNING  Orphan pdf_cell 38 recovered to row=1 by nearest-row fallback (col=1, y=303.0, dist=36.0)
2026-09-07 00:19:37,308 MatchingPostProcessor WARNING  Orphan pdf_cell 53 recovered to row=2 by nearest-row fallback (col=1, y=419.0, dist=46.0)
2026-09-07 00:19:37,308 MatchingPostProcessor WARNING  Orphan pdf_cell 54 recovered to row=2 by nearest-row fallback (col=1, y=419.0, dist=46.0)
2026-09-07 00:19:37,308 MatchingPostProcessor WARNING  Orphan pdf_cell 55 recovered to row=2 by nearest-row fallback (col=1, y=419.0, dist=46.0)
2026-09-07 00:19:37,308 MatchingPostProcessor WARNING  Orphan pdf_cell 56 recovered to row=2 by nearest-row fallback (col=1, y=419.0, dist=46.0)
2026-09-07 00:19:37,308 MatchingPostProcessor WARNING  Orphan pdf_cell 57 recovered to row=2 by nearest-row fallback (col=1, y=419.0, dist=46.0)
2026-09-07 00:19:37,308 MatchingPostProcessor WARNING  Orphan pdf_cell 58 recovered to row=2 by nearest-row fallback (col=1, y=419.0, dist=46.0)
2026-09-07 00:19:37,308 MatchingPostProcessor WARNING  Orphan pdf_cell 59 recovered to row=2 by nearest-row fallback (col=1, y=419.0, dist=46.0)
2026-09-07 00:19:37,308 MatchingPostProcessor WARNING  Orphan pdf_cell 60 recovered to row=2 by nearest-row fallback (col=1, y=419.0, dist=46.0)
2026-09-07 00:19:37,308 MatchingPostProcessor WARNING  Orphan pdf_cell 165 recovered to row=7 by nearest-row fallback (col=1, y=1038.9, dist=36.0)
2026-09-07 00:19:37,308 MatchingPostProcessor WARNING  Orphan pdf_cell 166 recovered to row=7 by nearest-row fallback (col=1, y=1038.9, dist=36.0)
2026-09-07 00:19:37,308 MatchingPostProcessor WARNING  Orphan pdf_cell 167 recovered to row=7 by nearest-row fallback (col=1, y=1038.9, dist=36.0)
2026-09-07 00:19:37,308 MatchingPostProcessor WARNING  Orphan pdf_cell 168 recovered to row=7 by nearest-row fallback (col=1, y=1038.9, dist=36.0)
2026-09-07 00:19:37,308 MatchingPostProcessor WARNING  Orphan pdf_cell 169 recovered to row=7 by nearest-row fallback (col=1, y=1038.9, dist=36.0)
2026-09-07 00:19:37,308 MatchingPostProcessor WARNING  Orphan pdf_cell 170 recovered to row=7 by nearest-row fallback (col=1, y=1038.9, dist=36.0)
2026-09-07 00:19:37,308 MatchingPostProcessor WARNING  Orphan pdf_cell 171 recovered to row=7 by nearest-row fallback (col=1, y=1038.9, dist=36.0)
2026-09-07 00:19:37,308 MatchingPostProcessor WARNING  Orphan pdf_cell 172 recovered to row=7 by nearest-row fallback (col=1, y=1038.9, dist=36.0)
2026-09-07 00:19:39,271 MatchingPostProcessor WARNING  Orphan pdf_cell 171 recovered to col=0 by nearest-column fallback (row=48, x=504.1, dist=182.9)
2026-09-07 00:19:39,271 MatchingPostProcessor WARNING  Orphan pdf_cell 153 recovered to row=45 by nearest-row fallback (col=0, y=1078.9, dist=18.2)
2026-09-07 00:19:39,271 MatchingPostProcessor WARNING  Orphan pdf_cell 154 recovered to row=45 by nearest-row fallback (col=0, y=1078.9, dist=18.1)
2026-09-07 00:19:39,271 MatchingPostProcessor WARNING  Orphan pdf_cell 155 recovered to row=45 by nearest-row fallback (col=0, y=1078.9, dist=18.1)
2026-09-07 00:19:39,271 MatchingPostProcessor WARNING  Orphan pdf_cell 156 recovered to row=45 by nearest-row fallback (col=0, y=1078.9, dist=18.1)
2026-09-07 00:19:39,271 MatchingPostProcessor WARNING  Orphan pdf_cell 157 recovered to row=45 by nearest-row fallback (col=0, y=1078.9, dist=18.1)
2026-09-07 00:19:39,271 MatchingPostProcessor WARNING  Orphan pdf_cell 158 recovered to row=45 by nearest-row fallback (col=0, y=1078.9, dist=18.1)
2026-09-07 00:19:39,271 MatchingPostProcessor WARNING  Orphan pdf_cell 302 recovered to row=45 by nearest-row fallback (col=1, y=1078.9, dist=18.2)
2026-09-07 00:19:39,271 MatchingPostProcessor WARNING  Orphan pdf_cell 303 recovered to row=45 by nearest-row fallback (col=1, y=1078.9, dist=18.1)
2026-09-07 00:19:39,272 MatchingPostProcessor WARNING  Orphan pdf_cell 304 recovered to row=45 by nearest-row fallback (col=1, y=1078.9, dist=18.1)
2026-09-07 00:19:39,410 MatchingPostProcessor WARNING  Orphan pdf_cell 153 recovered to row=0 by nearest-row fallback (col=0, y=1178.9, dist=557.3)
2026-09-07 00:19:39,410 MatchingPostProcessor WARNING  Orphan pdf_cell 154 recovered to row=0 by nearest-row fallback (col=0, y=1178.9, dist=557.3)
2026-09-07 00:19:39,410 MatchingPostProcessor WARNING  Orphan pdf_cell 155 recovered to row=0 by nearest-row fallback (col=0, y=1178.9, dist=557.3)
2026-09-07 00:19:39,410 MatchingPostProcessor WARNING  Orphan pdf_cell 156 recovered to row=0 by nearest-row fallback (col=0, y=1178.9, dist=557.3)
2026-09-07 00:19:39,410 MatchingPostProcessor WARNING  Orphan pdf_cell 157 recovered to row=0 by nearest-row fallback (col=0, y=1198.9, dist=577.3)
2026-09-07 00:19:39,410 MatchingPostProcessor WARNING  Orphan pdf_cell 158 recovered to row=0 by nearest-row fallback (col=0, y=1198.9, dist=577.3)
2026-09-07 00:19:39,410 MatchingPostProcessor WARNING  Orphan pdf_cell 159 recovered to row=0 by nearest-row fallback (col=0, y=1198.9, dist=577.3)
2026-09-07 00:19:39,410 MatchingPostProcessor WARNING  Orphan pdf_cell 327 recovered to row=0 by nearest-row fallback (col=1, y=1178.9, dist=557.3)
2026-09-07 00:19:39,410 MatchingPostProcessor WARNING  Orphan pdf_cell 328 recovered to row=0 by nearest-row fallback (col=1, y=1178.9, dist=557.3)
2026-09-07 00:19:39,410 MatchingPostProcessor WARNING  Orphan pdf_cell 329 recovered to row=0 by nearest-row fallback (col=1, y=1178.9, dist=557.3)
2026-09-07 00:19:39,410 MatchingPostProcessor WARNING  Orphan pdf_cell 330 recovered to row=0 by nearest-row fallback (col=1, y=1198.9, dist=577.3)
2026-09-07 00:19:39,411 MatchingPostProcessor WARNING  Orphan pdf_cell 331 recovered to row=0 by nearest-row fallback (col=1, y=1198.9, dist=577.3)
2026-09-07 00:19:39,411 MatchingPostProcessor WARNING  Orphan pdf_cell 332 recovered to row=0 by nearest-row fallback (col=1, y=1198.9, dist=577.3)
sample-input/pdf/01-Advanced Programming in the UNIX Environment- 3rd Edition.pdf chunks=607 collection=market_quality_chunks_hybrid json=6706d1ca582d70ac/docling.json
=== end 2026-09-07T00:26:40+09:00 ===
