=== 2026-09-07T00:34:11+09:00 sample-input/pdf/04-Microservices for the Enterprise.pdf ===
sample-input/pdf/04-Microservices for the Enterprise.pdf family=B format=pdf normalize=false
Loading weights:   0%|          | 0/770 [00:00<?, ?it/s]Loading weights: 100%|██████████| 770/770 [00:00<00:00, 28694.67it/s]
2026-09-07 00:34:22,690 MatchingPostProcessor WARNING  Orphan pdf_cell 117 recovered to row=15 by nearest-row fallback (col=0, y=763.5, dist=48.4)
2026-09-07 00:34:22,690 MatchingPostProcessor WARNING  Orphan pdf_cell 118 recovered to row=15 by nearest-row fallback (col=0, y=763.5, dist=48.4)
2026-09-07 00:34:22,690 MatchingPostProcessor WARNING  Orphan pdf_cell 119 recovered to row=15 by nearest-row fallback (col=1, y=763.5, dist=48.4)
2026-09-07 00:34:22,690 MatchingPostProcessor WARNING  1 of 119 pdf cells matched neither a row nor a column band of the 16x2 grid and were dropped from the table
2026-09-07 00:34:35,283 MatchingPostProcessor WARNING  Orphan pdf_cell 87 recovered to row=1 by nearest-row fallback (col=0, y=1183.5, dist=277.2)
2026-09-07 00:34:35,283 MatchingPostProcessor WARNING  Orphan pdf_cell 88 recovered to row=1 by nearest-row fallback (col=0, y=1183.5, dist=277.2)
2026-09-07 00:34:35,283 MatchingPostProcessor WARNING  Orphan pdf_cell 89 recovered to row=1 by nearest-row fallback (col=0, y=1183.5, dist=277.2)
2026-09-07 00:34:35,283 MatchingPostProcessor WARNING  Orphan pdf_cell 90 recovered to row=1 by nearest-row fallback (col=0, y=1213.5, dist=307.2)
2026-09-07 00:34:35,283 MatchingPostProcessor WARNING  Orphan pdf_cell 91 recovered to row=1 by nearest-row fallback (col=0, y=1213.5, dist=307.2)
2026-09-07 00:34:35,283 MatchingPostProcessor WARNING  Orphan pdf_cell 92 recovered to row=1 by nearest-row fallback (col=0, y=1213.5, dist=307.2)
2026-09-07 00:34:35,283 MatchingPostProcessor WARNING  Orphan pdf_cell 93 recovered to row=1 by nearest-row fallback (col=0, y=1243.5, dist=337.2)
2026-09-07 00:34:35,283 MatchingPostProcessor WARNING  Orphan pdf_cell 94 recovered to row=1 by nearest-row fallback (col=0, y=1243.5, dist=337.2)
2026-09-07 00:34:35,283 MatchingPostProcessor WARNING  Orphan pdf_cell 95 recovered to row=1 by nearest-row fallback (col=0, y=1243.5, dist=337.2)
2026-09-07 00:34:35,283 MatchingPostProcessor WARNING  Orphan pdf_cell 96 recovered to row=1 by nearest-row fallback (col=0, y=1243.5, dist=337.2)
2026-09-07 00:34:35,284 MatchingPostProcessor WARNING  Orphan pdf_cell 154 recovered to row=1 by nearest-row fallback (col=1, y=1182.7, dist=276.5)
2026-09-07 00:34:35,284 MatchingPostProcessor WARNING  Orphan pdf_cell 155 recovered to row=1 by nearest-row fallback (col=1, y=1212.7, dist=306.5)
2026-09-07 00:34:35,284 MatchingPostProcessor WARNING  Orphan pdf_cell 156 recovered to row=1 by nearest-row fallback (col=1, y=1212.7, dist=306.5)
2026-09-07 00:34:35,284 MatchingPostProcessor WARNING  Orphan pdf_cell 157 recovered to row=1 by nearest-row fallback (col=1, y=1212.7, dist=306.5)
2026-09-07 00:34:35,284 MatchingPostProcessor WARNING  Orphan pdf_cell 158 recovered to row=1 by nearest-row fallback (col=1, y=1242.7, dist=336.5)
2026-09-07 00:34:35,284 MatchingPostProcessor WARNING  Orphan pdf_cell 159 recovered to row=1 by nearest-row fallback (col=1, y=1242.7, dist=336.5)
2026-09-07 00:34:56,565 MatchingPostProcessor WARNING  Orphan pdf_cell 82 recovered to row=3 by nearest-row fallback (col=0, y=1188.2, dist=45.1)
2026-09-07 00:34:56,565 MatchingPostProcessor WARNING  Orphan pdf_cell 83 recovered to row=3 by nearest-row fallback (col=0, y=1188.2, dist=45.1)
2026-09-07 00:34:56,565 MatchingPostProcessor WARNING  Orphan pdf_cell 84 recovered to row=3 by nearest-row fallback (col=0, y=1218.2, dist=75.1)
2026-09-07 00:34:56,565 MatchingPostProcessor WARNING  Orphan pdf_cell 85 recovered to row=3 by nearest-row fallback (col=0, y=1248.2, dist=105.1)
2026-09-07 00:34:56,565 MatchingPostProcessor WARNING  Orphan pdf_cell 86 recovered to row=3 by nearest-row fallback (col=0, y=1248.2, dist=105.1)
2026-09-07 00:34:56,565 MatchingPostProcessor WARNING  Orphan pdf_cell 87 recovered to row=3 by nearest-row fallback (col=0, y=1248.2, dist=105.1)
2026-09-07 00:34:56,565 MatchingPostProcessor WARNING  Orphan pdf_cell 165 recovered to row=3 by nearest-row fallback (col=1, y=1183.0, dist=39.8)
2026-09-07 00:34:56,565 MatchingPostProcessor WARNING  Orphan pdf_cell 166 recovered to row=3 by nearest-row fallback (col=1, y=1183.0, dist=39.8)
2026-09-07 00:34:56,565 MatchingPostProcessor WARNING  Orphan pdf_cell 167 recovered to row=3 by nearest-row fallback (col=1, y=1213.0, dist=69.8)
2026-09-07 00:34:56,565 MatchingPostProcessor WARNING  Orphan pdf_cell 168 recovered to row=3 by nearest-row fallback (col=1, y=1213.0, dist=69.8)
2026-09-07 00:34:56,565 MatchingPostProcessor WARNING  Orphan pdf_cell 169 recovered to row=3 by nearest-row fallback (col=1, y=1213.0, dist=69.8)
2026-09-07 00:34:56,565 MatchingPostProcessor WARNING  Orphan pdf_cell 170 recovered to row=3 by nearest-row fallback (col=1, y=1243.0, dist=99.8)
2026-09-07 00:34:56,565 MatchingPostProcessor WARNING  Orphan pdf_cell 171 recovered to row=3 by nearest-row fallback (col=1, y=1243.0, dist=99.8)
2026-09-07 00:34:56,671 MatchingPostProcessor WARNING  Orphan pdf_cell 148 recovered to col=1 by nearest-column fallback (row=0, x=889.0, dist=199.9)
2026-09-07 00:34:56,671 MatchingPostProcessor WARNING  Orphan pdf_cell 105 recovered to row=0 by nearest-row fallback (col=0, y=1292.5, dist=577.6)
2026-09-07 00:34:56,671 MatchingPostProcessor WARNING  Orphan pdf_cell 106 recovered to row=0 by nearest-row fallback (col=0, y=1292.5, dist=577.6)
2026-09-07 00:34:56,671 MatchingPostProcessor WARNING  Orphan pdf_cell 205 recovered to row=0 by nearest-row fallback (col=1, y=1292.2, dist=577.3)
2026-09-07 00:34:56,671 MatchingPostProcessor WARNING  Orphan pdf_cell 206 recovered to row=0 by nearest-row fallback (col=1, y=1292.2, dist=577.3)
2026-09-07 00:34:56,671 MatchingPostProcessor WARNING  Orphan pdf_cell 207 recovered to row=0 by nearest-row fallback (col=1, y=1292.2, dist=577.3)
2026-09-07 00:34:56,786 MatchingPostProcessor WARNING  Orphan pdf_cell 71 recovered to row=1 by nearest-row fallback (col=0, y=969.0, dist=263.9)
2026-09-07 00:34:56,786 MatchingPostProcessor WARNING  Orphan pdf_cell 72 recovered to row=1 by nearest-row fallback (col=0, y=999.0, dist=293.9)
2026-09-07 00:34:56,786 MatchingPostProcessor WARNING  Orphan pdf_cell 73 recovered to row=1 by nearest-row fallback (col=0, y=999.0, dist=293.9)
2026-09-07 00:34:56,786 MatchingPostProcessor WARNING  Orphan pdf_cell 74 recovered to row=1 by nearest-row fallback (col=0, y=1029.0, dist=323.9)
2026-09-07 00:34:56,786 MatchingPostProcessor WARNING  Orphan pdf_cell 75 recovered to row=1 by nearest-row fallback (col=0, y=1029.0, dist=323.9)
2026-09-07 00:34:56,786 MatchingPostProcessor WARNING  Orphan pdf_cell 76 recovered to row=1 by nearest-row fallback (col=0, y=1059.0, dist=353.9)
2026-09-07 00:34:56,786 MatchingPostProcessor WARNING  Orphan pdf_cell 77 recovered to row=1 by nearest-row fallback (col=0, y=1059.0, dist=353.9)
2026-09-07 00:34:56,786 MatchingPostProcessor WARNING  Orphan pdf_cell 78 recovered to row=1 by nearest-row fallback (col=0, y=1089.0, dist=383.9)
2026-09-07 00:34:56,786 MatchingPostProcessor WARNING  Orphan pdf_cell 79 recovered to row=1 by nearest-row fallback (col=0, y=1089.0, dist=383.9)
2026-09-07 00:34:56,786 MatchingPostProcessor WARNING  Orphan pdf_cell 80 recovered to row=1 by nearest-row fallback (col=0, y=1089.0, dist=383.9)
2026-09-07 00:34:56,786 MatchingPostProcessor WARNING  Orphan pdf_cell 81 recovered to row=1 by nearest-row fallback (col=0, y=1089.0, dist=383.9)
2026-09-07 00:34:56,786 MatchingPostProcessor WARNING  Orphan pdf_cell 82 recovered to row=1 by nearest-row fallback (col=0, y=1119.0, dist=413.9)
2026-09-07 00:34:56,786 MatchingPostProcessor WARNING  Orphan pdf_cell 83 recovered to row=1 by nearest-row fallback (col=0, y=1119.0, dist=413.9)
2026-09-07 00:34:56,786 MatchingPostProcessor WARNING  Orphan pdf_cell 84 recovered to row=1 by nearest-row fallback (col=0, y=1149.0, dist=443.9)
2026-09-07 00:34:56,786 MatchingPostProcessor WARNING  Orphan pdf_cell 85 recovered to row=1 by nearest-row fallback (col=0, y=1149.0, dist=443.9)
2026-09-07 00:34:56,786 MatchingPostProcessor WARNING  Orphan pdf_cell 86 recovered to row=1 by nearest-row fallback (col=0, y=1179.0, dist=473.9)
2026-09-07 00:34:56,786 MatchingPostProcessor WARNING  Orphan pdf_cell 87 recovered to row=1 by nearest-row fallback (col=0, y=1179.0, dist=473.9)
2026-09-07 00:34:56,786 MatchingPostProcessor WARNING  Orphan pdf_cell 88 recovered to row=1 by nearest-row fallback (col=0, y=1209.0, dist=503.9)
2026-09-07 00:34:56,786 MatchingPostProcessor WARNING  Orphan pdf_cell 89 recovered to row=1 by nearest-row fallback (col=0, y=1209.0, dist=503.9)
2026-09-07 00:34:56,786 MatchingPostProcessor WARNING  Orphan pdf_cell 90 recovered to row=1 by nearest-row fallback (col=0, y=1239.0, dist=533.9)
2026-09-07 00:34:56,786 MatchingPostProcessor WARNING  Orphan pdf_cell 91 recovered to row=1 by nearest-row fallback (col=0, y=1239.0, dist=533.9)
2026-09-07 00:34:56,786 MatchingPostProcessor WARNING  Orphan pdf_cell 155 recovered to row=1 by nearest-row fallback (col=1, y=977.2, dist=272.1)
2026-09-07 00:34:56,786 MatchingPostProcessor WARNING  Orphan pdf_cell 156 recovered to row=1 by nearest-row fallback (col=1, y=977.2, dist=272.1)
2026-09-07 00:34:56,786 MatchingPostProcessor WARNING  Orphan pdf_cell 157 recovered to row=1 by nearest-row fallback (col=1, y=1007.3, dist=302.2)
2026-09-07 00:34:56,786 MatchingPostProcessor WARNING  Orphan pdf_cell 158 recovered to row=1 by nearest-row fallback (col=1, y=1007.3, dist=302.2)
2026-09-07 00:34:56,786 MatchingPostProcessor WARNING  Orphan pdf_cell 159 recovered to row=1 by nearest-row fallback (col=1, y=1083.1, dist=378.0)
2026-09-07 00:34:56,786 MatchingPostProcessor WARNING  Orphan pdf_cell 160 recovered to row=1 by nearest-row fallback (col=1, y=1123.0, dist=417.9)
2026-09-07 00:34:56,786 MatchingPostProcessor WARNING  Orphan pdf_cell 161 recovered to row=1 by nearest-row fallback (col=1, y=1123.0, dist=417.9)
2026-09-07 00:34:56,786 MatchingPostProcessor WARNING  Orphan pdf_cell 162 recovered to row=1 by nearest-row fallback (col=1, y=1153.0, dist=447.9)
2026-09-07 00:34:56,786 MatchingPostProcessor WARNING  Orphan pdf_cell 163 recovered to row=1 by nearest-row fallback (col=1, y=1153.0, dist=447.9)
2026-09-07 00:34:56,786 MatchingPostProcessor WARNING  Orphan pdf_cell 164 recovered to row=1 by nearest-row fallback (col=1, y=1183.0, dist=477.9)
2026-09-07 00:34:56,786 MatchingPostProcessor WARNING  Orphan pdf_cell 165 recovered to row=1 by nearest-row fallback (col=1, y=1183.0, dist=477.9)
2026-09-07 00:34:56,787 MatchingPostProcessor WARNING  Orphan pdf_cell 166 recovered to row=1 by nearest-row fallback (col=1, y=1183.0, dist=477.9)
2026-09-07 00:34:56,787 MatchingPostProcessor WARNING  Orphan pdf_cell 167 recovered to row=1 by nearest-row fallback (col=1, y=1213.0, dist=507.9)
2026-09-07 00:34:56,787 MatchingPostProcessor WARNING  Orphan pdf_cell 168 recovered to row=1 by nearest-row fallback (col=1, y=1213.0, dist=507.9)
2026-09-07 00:34:56,787 MatchingPostProcessor WARNING  Orphan pdf_cell 169 recovered to row=1 by nearest-row fallback (col=1, y=1213.0, dist=507.9)
2026-09-07 00:34:56,787 MatchingPostProcessor WARNING  Orphan pdf_cell 170 recovered to row=1 by nearest-row fallback (col=1, y=1243.0, dist=537.9)
2026-09-07 00:34:56,787 MatchingPostProcessor WARNING  Orphan pdf_cell 171 recovered to row=1 by nearest-row fallback (col=1, y=1243.0, dist=537.9)
2026-09-07 00:35:19,175 MatchingPostProcessor WARNING  Orphan pdf_cell 197 recovered to col=1 by nearest-column fallback (row=0, x=862.2, dist=185.4)
2026-09-07 00:35:19,175 MatchingPostProcessor WARNING  Orphan pdf_cell 94 recovered to row=0 by nearest-row fallback (col=0, y=1157.2, dist=510.0)
2026-09-07 00:35:19,175 MatchingPostProcessor WARNING  Orphan pdf_cell 95 recovered to row=0 by nearest-row fallback (col=0, y=1157.2, dist=510.0)
2026-09-07 00:35:19,175 MatchingPostProcessor WARNING  Orphan pdf_cell 96 recovered to row=0 by nearest-row fallback (col=0, y=1187.2, dist=540.0)
2026-09-07 00:35:19,175 MatchingPostProcessor WARNING  Orphan pdf_cell 97 recovered to row=0 by nearest-row fallback (col=0, y=1187.2, dist=540.0)
2026-09-07 00:35:19,175 MatchingPostProcessor WARNING  Orphan pdf_cell 98 recovered to row=0 by nearest-row fallback (col=0, y=1217.2, dist=570.0)
2026-09-07 00:35:19,175 MatchingPostProcessor WARNING  Orphan pdf_cell 99 recovered to row=0 by nearest-row fallback (col=0, y=1217.2, dist=570.0)
2026-09-07 00:35:19,175 MatchingPostProcessor WARNING  Orphan pdf_cell 100 recovered to row=0 by nearest-row fallback (col=0, y=1247.3, dist=600.0)
2026-09-07 00:35:19,175 MatchingPostProcessor WARNING  Orphan pdf_cell 101 recovered to row=0 by nearest-row fallback (col=0, y=1247.3, dist=600.0)
2026-09-07 00:35:19,175 MatchingPostProcessor WARNING  Orphan pdf_cell 102 recovered to row=0 by nearest-row fallback (col=0, y=1277.3, dist=630.0)
2026-09-07 00:35:19,175 MatchingPostProcessor WARNING  Orphan pdf_cell 103 recovered to row=0 by nearest-row fallback (col=0, y=1277.3, dist=630.0)
2026-09-07 00:35:19,175 MatchingPostProcessor WARNING  Orphan pdf_cell 104 recovered to row=0 by nearest-row fallback (col=0, y=1277.3, dist=630.0)
2026-09-07 00:35:19,175 MatchingPostProcessor WARNING  Orphan pdf_cell 205 recovered to row=0 by nearest-row fallback (col=1, y=1157.5, dist=510.3)
2026-09-07 00:35:19,175 MatchingPostProcessor WARNING  Orphan pdf_cell 206 recovered to row=0 by nearest-row fallback (col=1, y=1157.5, dist=510.3)
2026-09-07 00:35:19,175 MatchingPostProcessor WARNING  Orphan pdf_cell 207 recovered to row=0 by nearest-row fallback (col=1, y=1187.5, dist=540.3)
2026-09-07 00:35:19,175 MatchingPostProcessor WARNING  Orphan pdf_cell 208 recovered to row=0 by nearest-row fallback (col=1, y=1187.5, dist=540.3)
2026-09-07 00:35:19,175 MatchingPostProcessor WARNING  Orphan pdf_cell 209 recovered to row=0 by nearest-row fallback (col=1, y=1187.5, dist=540.3)
2026-09-07 00:35:19,175 MatchingPostProcessor WARNING  Orphan pdf_cell 210 recovered to row=0 by nearest-row fallback (col=1, y=1217.5, dist=570.3)
2026-09-07 00:35:19,175 MatchingPostProcessor WARNING  Orphan pdf_cell 211 recovered to row=0 by nearest-row fallback (col=1, y=1217.5, dist=570.3)
2026-09-07 00:35:19,175 MatchingPostProcessor WARNING  Orphan pdf_cell 212 recovered to row=0 by nearest-row fallback (col=1, y=1247.5, dist=600.3)
2026-09-07 00:35:19,175 MatchingPostProcessor WARNING  Orphan pdf_cell 213 recovered to row=0 by nearest-row fallback (col=1, y=1247.5, dist=600.3)
2026-09-07 00:35:19,175 MatchingPostProcessor WARNING  Orphan pdf_cell 214 recovered to row=0 by nearest-row fallback (col=1, y=1277.5, dist=630.3)
2026-09-07 00:35:19,175 MatchingPostProcessor WARNING  Orphan pdf_cell 215 recovered to row=0 by nearest-row fallback (col=1, y=1277.5, dist=630.3)
sample-input/pdf/04-Microservices for the Enterprise.pdf chunks=433 collection=market_quality_chunks_hybrid json=f1081777f6ad5093/docling.json
=== end 2026-09-07T00:37:31+09:00 ===
