=== 2026-09-07T00:26:53+09:00 sample-input/pdf/02-Effective awk Programming- 4th Edition.pdf ===
sample-input/pdf/02-Effective awk Programming- 4th Edition.pdf family=B format=pdf normalize=false
Loading weights:   0%|          | 0/770 [00:00<?, ?it/s]Loading weights: 100%|██████████| 770/770 [00:00<00:00, 26842.32it/s]
2026-09-07 00:26:59,681 MatchingPostProcessor WARNING  Orphan pdf_cell 46 recovered to col=2 by nearest-column fallback (row=0, x=725.9, dist=124.0)
2026-09-07 00:26:59,681 MatchingPostProcessor WARNING  Orphan pdf_cell 47 recovered to col=2 by nearest-column fallback (row=0, x=734.9, dist=115.0)
2026-09-07 00:26:59,681 MatchingPostProcessor WARNING  Orphan pdf_cell 48 recovered to col=2 by nearest-column fallback (row=0, x=743.9, dist=106.0)
2026-09-07 00:26:59,681 MatchingPostProcessor WARNING  Orphan pdf_cell 49 recovered to col=2 by nearest-column fallback (row=0, x=752.8, dist=97.1)
2026-09-07 00:26:59,681 MatchingPostProcessor WARNING  Orphan pdf_cell 50 recovered to col=2 by nearest-column fallback (row=0, x=761.8, dist=88.1)
2026-09-07 00:26:59,681 MatchingPostProcessor WARNING  Orphan pdf_cell 51 recovered to col=2 by nearest-column fallback (row=0, x=770.8, dist=79.1)
2026-09-07 00:26:59,681 MatchingPostProcessor WARNING  Orphan pdf_cell 52 recovered to col=2 by nearest-column fallback (row=0, x=779.8, dist=70.1)
2026-09-07 00:26:59,681 MatchingPostProcessor WARNING  Orphan pdf_cell 53 recovered to col=2 by nearest-column fallback (row=0, x=788.7, dist=61.2)
2026-09-07 00:26:59,681 MatchingPostProcessor WARNING  Orphan pdf_cell 54 recovered to col=2 by nearest-column fallback (row=0, x=797.7, dist=52.2)
2026-09-07 00:26:59,681 MatchingPostProcessor WARNING  Orphan pdf_cell 55 recovered to col=2 by nearest-column fallback (row=0, x=806.7, dist=43.2)
2026-09-07 00:26:59,681 MatchingPostProcessor WARNING  Orphan pdf_cell 56 recovered to col=2 by nearest-column fallback (row=0, x=815.7, dist=34.2)
2026-09-07 00:26:59,681 MatchingPostProcessor WARNING  Orphan pdf_cell 57 recovered to col=2 by nearest-column fallback (row=0, x=824.6, dist=25.3)
2026-09-07 00:26:59,682 MatchingPostProcessor WARNING  Orphan pdf_cell 101 recovered to col=2 by nearest-column fallback (row=0, x=720.1, dist=129.8)
2026-09-07 00:26:59,682 MatchingPostProcessor WARNING  Orphan pdf_cell 102 recovered to col=2 by nearest-column fallback (row=0, x=729.1, dist=120.9)
2026-09-07 00:26:59,682 MatchingPostProcessor WARNING  Orphan pdf_cell 103 recovered to col=2 by nearest-column fallback (row=0, x=738.0, dist=111.9)
2026-09-07 00:26:59,682 MatchingPostProcessor WARNING  Orphan pdf_cell 104 recovered to col=2 by nearest-column fallback (row=0, x=747.0, dist=102.9)
2026-09-07 00:26:59,682 MatchingPostProcessor WARNING  Orphan pdf_cell 105 recovered to col=2 by nearest-column fallback (row=0, x=756.0, dist=93.9)
2026-09-07 00:26:59,682 MatchingPostProcessor WARNING  Orphan pdf_cell 106 recovered to col=2 by nearest-column fallback (row=0, x=765.0, dist=84.9)
2026-09-07 00:26:59,682 MatchingPostProcessor WARNING  Orphan pdf_cell 107 recovered to col=2 by nearest-column fallback (row=0, x=773.9, dist=76.0)
2026-09-07 00:26:59,682 MatchingPostProcessor WARNING  Orphan pdf_cell 108 recovered to col=2 by nearest-column fallback (row=0, x=782.9, dist=67.0)
2026-09-07 00:26:59,682 MatchingPostProcessor WARNING  Orphan pdf_cell 109 recovered to col=2 by nearest-column fallback (row=0, x=791.9, dist=58.0)
2026-09-07 00:26:59,682 MatchingPostProcessor WARNING  Orphan pdf_cell 110 recovered to col=2 by nearest-column fallback (row=0, x=800.9, dist=49.0)
2026-09-07 00:26:59,682 MatchingPostProcessor WARNING  Orphan pdf_cell 111 recovered to col=2 by nearest-column fallback (row=0, x=809.8, dist=40.1)
2026-09-07 00:26:59,682 MatchingPostProcessor WARNING  Orphan pdf_cell 112 recovered to col=2 by nearest-column fallback (row=0, x=818.8, dist=31.1)
2026-09-07 00:26:59,683 MatchingPostProcessor WARNING  Orphan pdf_cell 154 recovered to col=1 by nearest-column fallback (row=0, x=564.3, dist=198.7)
2026-09-07 00:26:59,683 MatchingPostProcessor WARNING  Orphan pdf_cell 155 recovered to col=1 by nearest-column fallback (row=0, x=573.3, dist=207.6)
2026-09-07 00:26:59,683 MatchingPostProcessor WARNING  Orphan pdf_cell 156 recovered to col=1 by nearest-column fallback (row=0, x=582.2, dist=216.6)
2026-09-07 00:26:59,683 MatchingPostProcessor WARNING  Orphan pdf_cell 157 recovered to col=1 by nearest-column fallback (row=0, x=591.2, dist=225.6)
2026-09-07 00:26:59,683 MatchingPostProcessor WARNING  Orphan pdf_cell 158 recovered to col=1 by nearest-column fallback (row=0, x=600.2, dist=234.6)
2026-09-07 00:26:59,683 MatchingPostProcessor WARNING  Orphan pdf_cell 159 recovered to col=2 by nearest-column fallback (row=0, x=609.2, dist=240.7)
2026-09-07 00:26:59,683 MatchingPostProcessor WARNING  Orphan pdf_cell 160 recovered to col=2 by nearest-column fallback (row=0, x=618.1, dist=231.8)
2026-09-07 00:26:59,683 MatchingPostProcessor WARNING  Orphan pdf_cell 161 recovered to col=2 by nearest-column fallback (row=0, x=627.1, dist=222.8)
2026-09-07 00:26:59,683 MatchingPostProcessor WARNING  Orphan pdf_cell 162 recovered to col=2 by nearest-column fallback (row=0, x=636.1, dist=213.8)
2026-09-07 00:26:59,683 MatchingPostProcessor WARNING  Orphan pdf_cell 163 recovered to col=2 by nearest-column fallback (row=0, x=645.1, dist=204.8)
2026-09-07 00:26:59,683 MatchingPostProcessor WARNING  Orphan pdf_cell 164 recovered to col=2 by nearest-column fallback (row=0, x=654.1, dist=195.9)
2026-09-07 00:26:59,683 MatchingPostProcessor WARNING  Orphan pdf_cell 165 recovered to col=2 by nearest-column fallback (row=0, x=663.0, dist=186.9)
2026-09-07 00:26:59,683 MatchingPostProcessor WARNING  Orphan pdf_cell 166 recovered to col=2 by nearest-column fallback (row=0, x=672.0, dist=177.9)
2026-09-07 00:26:59,683 MatchingPostProcessor WARNING  Orphan pdf_cell 167 recovered to col=2 by nearest-column fallback (row=0, x=681.0, dist=168.9)
2026-09-07 00:26:59,683 MatchingPostProcessor WARNING  Orphan pdf_cell 168 recovered to col=2 by nearest-column fallback (row=0, x=690.0, dist=159.9)
2026-09-07 00:26:59,683 MatchingPostProcessor WARNING  Orphan pdf_cell 169 recovered to col=2 by nearest-column fallback (row=0, x=698.9, dist=151.0)
2026-09-07 00:26:59,683 MatchingPostProcessor WARNING  Orphan pdf_cell 170 recovered to col=2 by nearest-column fallback (row=0, x=707.9, dist=142.0)
2026-09-07 00:26:59,683 MatchingPostProcessor WARNING  Orphan pdf_cell 171 recovered to col=2 by nearest-column fallback (row=0, x=716.9, dist=133.0)
2026-09-07 00:26:59,683 MatchingPostProcessor WARNING  Orphan pdf_cell 172 recovered to col=2 by nearest-column fallback (row=0, x=725.9, dist=124.0)
2026-09-07 00:26:59,683 MatchingPostProcessor WARNING  Orphan pdf_cell 173 recovered to col=2 by nearest-column fallback (row=0, x=734.8, dist=115.1)
2026-09-07 00:26:59,683 MatchingPostProcessor WARNING  Orphan pdf_cell 174 recovered to col=2 by nearest-column fallback (row=0, x=743.8, dist=106.1)
2026-09-07 00:26:59,683 MatchingPostProcessor WARNING  Orphan pdf_cell 175 recovered to col=2 by nearest-column fallback (row=0, x=752.8, dist=97.1)
2026-09-07 00:26:59,683 MatchingPostProcessor WARNING  Orphan pdf_cell 176 recovered to col=2 by nearest-column fallback (row=0, x=761.8, dist=88.1)
2026-09-07 00:26:59,683 MatchingPostProcessor WARNING  Orphan pdf_cell 177 recovered to col=2 by nearest-column fallback (row=0, x=770.7, dist=79.2)
2026-09-07 00:26:59,683 MatchingPostProcessor WARNING  Orphan pdf_cell 178 recovered to col=2 by nearest-column fallback (row=0, x=779.7, dist=70.2)
2026-09-07 00:26:59,683 MatchingPostProcessor WARNING  Orphan pdf_cell 179 recovered to col=2 by nearest-column fallback (row=0, x=788.7, dist=61.2)
2026-09-07 00:26:59,683 MatchingPostProcessor WARNING  Orphan pdf_cell 180 recovered to col=2 by nearest-column fallback (row=0, x=797.7, dist=52.2)
2026-09-07 00:26:59,683 MatchingPostProcessor WARNING  Orphan pdf_cell 181 recovered to col=2 by nearest-column fallback (row=0, x=806.6, dist=43.3)
2026-09-07 00:26:59,683 MatchingPostProcessor WARNING  Orphan pdf_cell 182 recovered to col=2 by nearest-column fallback (row=0, x=815.6, dist=34.3)
2026-09-07 00:26:59,683 MatchingPostProcessor WARNING  Orphan pdf_cell 183 recovered to col=2 by nearest-column fallback (row=0, x=824.6, dist=25.3)
2026-09-07 00:26:59,683 MatchingPostProcessor WARNING  Orphan pdf_cell 215 recovered to col=1 by nearest-column fallback (row=3, x=563.3, dist=197.6)
2026-09-07 00:26:59,683 MatchingPostProcessor WARNING  Orphan pdf_cell 216 recovered to col=1 by nearest-column fallback (row=3, x=572.2, dist=206.6)
2026-09-07 00:26:59,684 MatchingPostProcessor WARNING  Orphan pdf_cell 217 recovered to col=1 by nearest-column fallback (row=3, x=581.2, dist=215.6)
2026-09-07 00:26:59,684 MatchingPostProcessor WARNING  Orphan pdf_cell 218 recovered to col=1 by nearest-column fallback (row=3, x=590.2, dist=224.6)
2026-09-07 00:26:59,684 MatchingPostProcessor WARNING  Orphan pdf_cell 219 recovered to col=1 by nearest-column fallback (row=3, x=599.2, dist=233.5)
2026-09-07 00:26:59,684 MatchingPostProcessor WARNING  Orphan pdf_cell 220 recovered to col=2 by nearest-column fallback (row=3, x=608.1, dist=241.8)
2026-09-07 00:26:59,684 MatchingPostProcessor WARNING  Orphan pdf_cell 221 recovered to col=2 by nearest-column fallback (row=3, x=617.1, dist=232.8)
2026-09-07 00:26:59,684 MatchingPostProcessor WARNING  Orphan pdf_cell 222 recovered to col=2 by nearest-column fallback (row=3, x=626.1, dist=223.8)
2026-09-07 00:26:59,684 MatchingPostProcessor WARNING  Orphan pdf_cell 223 recovered to col=2 by nearest-column fallback (row=3, x=635.1, dist=214.8)
2026-09-07 00:26:59,684 MatchingPostProcessor WARNING  Orphan pdf_cell 224 recovered to col=2 by nearest-column fallback (row=3, x=644.1, dist=205.9)
2026-09-07 00:26:59,684 MatchingPostProcessor WARNING  Orphan pdf_cell 225 recovered to col=2 by nearest-column fallback (row=3, x=653.0, dist=196.9)
2026-09-07 00:26:59,684 MatchingPostProcessor WARNING  Orphan pdf_cell 226 recovered to col=2 by nearest-column fallback (row=3, x=662.0, dist=187.9)
2026-09-07 00:26:59,684 MatchingPostProcessor WARNING  Orphan pdf_cell 227 recovered to col=2 by nearest-column fallback (row=3, x=671.0, dist=178.9)
2026-09-07 00:26:59,684 MatchingPostProcessor WARNING  Orphan pdf_cell 228 recovered to col=2 by nearest-column fallback (row=3, x=680.0, dist=169.9)
2026-09-07 00:26:59,684 MatchingPostProcessor WARNING  Orphan pdf_cell 229 recovered to col=2 by nearest-column fallback (row=3, x=688.9, dist=161.0)
2026-09-07 00:26:59,684 MatchingPostProcessor WARNING  Orphan pdf_cell 230 recovered to col=2 by nearest-column fallback (row=3, x=697.9, dist=152.0)
2026-09-07 00:26:59,684 MatchingPostProcessor WARNING  Orphan pdf_cell 231 recovered to col=2 by nearest-column fallback (row=3, x=706.9, dist=143.0)
2026-09-07 00:26:59,684 MatchingPostProcessor WARNING  Orphan pdf_cell 232 recovered to col=2 by nearest-column fallback (row=3, x=715.9, dist=134.0)
2026-09-07 00:26:59,684 MatchingPostProcessor WARNING  Orphan pdf_cell 233 recovered to col=2 by nearest-column fallback (row=3, x=724.8, dist=125.1)
2026-09-07 00:26:59,684 MatchingPostProcessor WARNING  Orphan pdf_cell 234 recovered to col=2 by nearest-column fallback (row=3, x=733.8, dist=116.1)
2026-09-07 00:26:59,684 MatchingPostProcessor WARNING  Orphan pdf_cell 235 recovered to col=2 by nearest-column fallback (row=3, x=742.8, dist=107.1)
2026-09-07 00:26:59,684 MatchingPostProcessor WARNING  Orphan pdf_cell 236 recovered to col=2 by nearest-column fallback (row=3, x=751.8, dist=98.1)
2026-09-07 00:26:59,684 MatchingPostProcessor WARNING  Orphan pdf_cell 237 recovered to col=2 by nearest-column fallback (row=3, x=760.7, dist=89.2)
2026-09-07 00:26:59,684 MatchingPostProcessor WARNING  Orphan pdf_cell 238 recovered to col=2 by nearest-column fallback (row=3, x=769.7, dist=80.2)
2026-09-07 00:26:59,684 MatchingPostProcessor WARNING  Orphan pdf_cell 239 recovered to col=2 by nearest-column fallback (row=3, x=778.7, dist=71.2)
2026-09-07 00:26:59,684 MatchingPostProcessor WARNING  Orphan pdf_cell 240 recovered to col=2 by nearest-column fallback (row=3, x=787.7, dist=62.2)
2026-09-07 00:26:59,684 MatchingPostProcessor WARNING  Orphan pdf_cell 241 recovered to col=2 by nearest-column fallback (row=3, x=796.6, dist=53.3)
2026-09-07 00:26:59,684 MatchingPostProcessor WARNING  Orphan pdf_cell 242 recovered to col=2 by nearest-column fallback (row=3, x=805.6, dist=44.3)
2026-09-07 00:26:59,684 MatchingPostProcessor WARNING  Orphan pdf_cell 243 recovered to col=2 by nearest-column fallback (row=3, x=814.6, dist=35.3)
2026-09-07 00:26:59,684 MatchingPostProcessor WARNING  Orphan pdf_cell 244 recovered to col=2 by nearest-column fallback (row=3, x=823.6, dist=26.3)
2026-09-07 00:26:59,684 MatchingPostProcessor WARNING  Orphan pdf_cell 346 recovered to col=1 by nearest-column fallback (row=19, x=566.9, dist=201.2)
2026-09-07 00:26:59,685 MatchingPostProcessor WARNING  Orphan pdf_cell 347 recovered to col=1 by nearest-column fallback (row=19, x=575.8, dist=210.2)
2026-09-07 00:26:59,685 MatchingPostProcessor WARNING  Orphan pdf_cell 348 recovered to col=1 by nearest-column fallback (row=19, x=584.8, dist=219.2)
2026-09-07 00:26:59,685 MatchingPostProcessor WARNING  Orphan pdf_cell 349 recovered to col=1 by nearest-column fallback (row=19, x=593.8, dist=228.2)
2026-09-07 00:26:59,685 MatchingPostProcessor WARNING  Orphan pdf_cell 350 recovered to col=1 by nearest-column fallback (row=19, x=602.8, dist=237.1)
2026-09-07 00:26:59,685 MatchingPostProcessor WARNING  Orphan pdf_cell 351 recovered to col=2 by nearest-column fallback (row=19, x=611.7, dist=238.2)
2026-09-07 00:26:59,685 MatchingPostProcessor WARNING  Orphan pdf_cell 352 recovered to col=2 by nearest-column fallback (row=19, x=620.7, dist=229.2)
2026-09-07 00:26:59,685 MatchingPostProcessor WARNING  Orphan pdf_cell 353 recovered to col=2 by nearest-column fallback (row=19, x=629.7, dist=220.2)
2026-09-07 00:26:59,685 MatchingPostProcessor WARNING  Orphan pdf_cell 354 recovered to col=2 by nearest-column fallback (row=19, x=638.7, dist=211.2)
2026-09-07 00:26:59,685 MatchingPostProcessor WARNING  Orphan pdf_cell 355 recovered to col=2 by nearest-column fallback (row=19, x=647.7, dist=202.3)
2026-09-07 00:26:59,685 MatchingPostProcessor WARNING  Orphan pdf_cell 356 recovered to col=2 by nearest-column fallback (row=19, x=656.6, dist=193.3)
2026-09-07 00:26:59,685 MatchingPostProcessor WARNING  Orphan pdf_cell 357 recovered to col=2 by nearest-column fallback (row=19, x=665.6, dist=184.3)
2026-09-07 00:26:59,685 MatchingPostProcessor WARNING  Orphan pdf_cell 358 recovered to col=2 by nearest-column fallback (row=19, x=674.6, dist=175.3)
2026-09-07 00:26:59,685 MatchingPostProcessor WARNING  Orphan pdf_cell 359 recovered to col=2 by nearest-column fallback (row=19, x=683.6, dist=166.4)
2026-09-07 00:26:59,685 MatchingPostProcessor WARNING  Orphan pdf_cell 360 recovered to col=2 by nearest-column fallback (row=19, x=692.5, dist=157.4)
2026-09-07 00:26:59,685 MatchingPostProcessor WARNING  Orphan pdf_cell 361 recovered to col=2 by nearest-column fallback (row=19, x=701.5, dist=148.4)
2026-09-07 00:26:59,685 MatchingPostProcessor WARNING  Orphan pdf_cell 362 recovered to col=2 by nearest-column fallback (row=19, x=710.5, dist=139.4)
2026-09-07 00:26:59,685 MatchingPostProcessor WARNING  Orphan pdf_cell 363 recovered to col=2 by nearest-column fallback (row=19, x=719.5, dist=130.4)
2026-09-07 00:26:59,685 MatchingPostProcessor WARNING  Orphan pdf_cell 364 recovered to col=2 by nearest-column fallback (row=19, x=728.4, dist=121.5)
2026-09-07 00:26:59,685 MatchingPostProcessor WARNING  Orphan pdf_cell 365 recovered to col=2 by nearest-column fallback (row=19, x=737.4, dist=112.5)
2026-09-07 00:26:59,685 MatchingPostProcessor WARNING  Orphan pdf_cell 366 recovered to col=2 by nearest-column fallback (row=19, x=746.4, dist=103.5)
2026-09-07 00:26:59,685 MatchingPostProcessor WARNING  Orphan pdf_cell 367 recovered to col=2 by nearest-column fallback (row=19, x=755.4, dist=94.5)
2026-09-07 00:26:59,685 MatchingPostProcessor WARNING  Orphan pdf_cell 368 recovered to col=2 by nearest-column fallback (row=19, x=764.3, dist=85.6)
2026-09-07 00:26:59,685 MatchingPostProcessor WARNING  Orphan pdf_cell 369 recovered to col=2 by nearest-column fallback (row=19, x=773.3, dist=76.6)
2026-09-07 00:26:59,685 MatchingPostProcessor WARNING  Orphan pdf_cell 370 recovered to col=2 by nearest-column fallback (row=19, x=782.3, dist=67.6)
2026-09-07 00:26:59,685 MatchingPostProcessor WARNING  Orphan pdf_cell 371 recovered to col=2 by nearest-column fallback (row=19, x=791.3, dist=58.6)
2026-09-07 00:26:59,685 MatchingPostProcessor WARNING  Orphan pdf_cell 372 recovered to col=2 by nearest-column fallback (row=19, x=800.2, dist=49.7)
2026-09-07 00:26:59,685 MatchingPostProcessor WARNING  Orphan pdf_cell 373 recovered to col=2 by nearest-column fallback (row=19, x=809.2, dist=40.7)
2026-09-07 00:26:59,685 MatchingPostProcessor WARNING  Orphan pdf_cell 374 recovered to col=2 by nearest-column fallback (row=19, x=818.2, dist=31.7)
2026-09-07 00:26:59,685 MatchingPostProcessor WARNING  Orphan pdf_cell 375 recovered to col=2 by nearest-column fallback (row=19, x=827.2, dist=22.7)
2026-09-07 00:27:00,729 MatchingPostProcessor WARNING  Orphan pdf_cell 75 recovered to col=0 by nearest-column fallback (row=9, x=592.4, dist=215.2)
2026-09-07 00:27:00,729 MatchingPostProcessor WARNING  Orphan pdf_cell 76 recovered to col=0 by nearest-column fallback (row=9, x=601.4, dist=224.2)
2026-09-07 00:27:00,729 MatchingPostProcessor WARNING  Orphan pdf_cell 77 recovered to col=0 by nearest-column fallback (row=9, x=610.4, dist=233.2)
2026-09-07 00:27:00,729 MatchingPostProcessor WARNING  Orphan pdf_cell 78 recovered to col=1 by nearest-column fallback (row=9, x=619.3, dist=232.9)
2026-09-07 00:27:00,729 MatchingPostProcessor WARNING  Orphan pdf_cell 79 recovered to col=1 by nearest-column fallback (row=9, x=628.3, dist=224.0)
2026-09-07 00:27:00,729 MatchingPostProcessor WARNING  Orphan pdf_cell 80 recovered to col=1 by nearest-column fallback (row=9, x=637.3, dist=215.0)
2026-09-07 00:27:00,729 MatchingPostProcessor WARNING  Orphan pdf_cell 81 recovered to col=1 by nearest-column fallback (row=9, x=646.3, dist=206.0)
2026-09-07 00:27:00,729 MatchingPostProcessor WARNING  Orphan pdf_cell 82 recovered to col=1 by nearest-column fallback (row=9, x=655.2, dist=197.0)
2026-09-07 00:27:00,729 MatchingPostProcessor WARNING  Orphan pdf_cell 83 recovered to col=1 by nearest-column fallback (row=9, x=664.2, dist=188.1)
2026-09-07 00:27:00,729 MatchingPostProcessor WARNING  Orphan pdf_cell 84 recovered to col=1 by nearest-column fallback (row=9, x=673.2, dist=179.1)
2026-09-07 00:27:00,729 MatchingPostProcessor WARNING  Orphan pdf_cell 85 recovered to col=1 by nearest-column fallback (row=9, x=682.2, dist=170.1)
2026-09-07 00:27:00,729 MatchingPostProcessor WARNING  Orphan pdf_cell 86 recovered to col=1 by nearest-column fallback (row=9, x=691.1, dist=161.1)
2026-09-07 00:27:00,729 MatchingPostProcessor WARNING  Orphan pdf_cell 87 recovered to col=1 by nearest-column fallback (row=9, x=700.1, dist=152.2)
2026-09-07 00:27:00,729 MatchingPostProcessor WARNING  Orphan pdf_cell 88 recovered to col=1 by nearest-column fallback (row=9, x=709.1, dist=143.2)
2026-09-07 00:27:00,730 MatchingPostProcessor WARNING  Orphan pdf_cell 89 recovered to col=1 by nearest-column fallback (row=9, x=718.1, dist=134.2)
2026-09-07 00:27:00,730 MatchingPostProcessor WARNING  Orphan pdf_cell 90 recovered to col=1 by nearest-column fallback (row=9, x=727.0, dist=125.2)
2026-09-07 00:27:00,730 MatchingPostProcessor WARNING  Orphan pdf_cell 91 recovered to col=1 by nearest-column fallback (row=9, x=736.0, dist=116.3)
2026-09-07 00:27:00,730 MatchingPostProcessor WARNING  Orphan pdf_cell 92 recovered to col=1 by nearest-column fallback (row=9, x=745.0, dist=107.3)
2026-09-07 00:27:00,730 MatchingPostProcessor WARNING  Orphan pdf_cell 93 recovered to col=1 by nearest-column fallback (row=9, x=754.0, dist=98.3)
2026-09-07 00:27:00,730 MatchingPostProcessor WARNING  Orphan pdf_cell 94 recovered to col=1 by nearest-column fallback (row=9, x=762.9, dist=89.3)
2026-09-07 00:27:00,730 MatchingPostProcessor WARNING  Orphan pdf_cell 95 recovered to col=1 by nearest-column fallback (row=9, x=771.9, dist=80.4)
2026-09-07 00:27:00,730 MatchingPostProcessor WARNING  Orphan pdf_cell 96 recovered to col=1 by nearest-column fallback (row=9, x=780.9, dist=71.4)
2026-09-07 00:27:00,730 MatchingPostProcessor WARNING  Orphan pdf_cell 97 recovered to col=1 by nearest-column fallback (row=9, x=789.9, dist=62.4)
2026-09-07 00:27:00,730 MatchingPostProcessor WARNING  Orphan pdf_cell 98 recovered to col=1 by nearest-column fallback (row=9, x=798.8, dist=53.4)
2026-09-07 00:27:00,730 MatchingPostProcessor WARNING  Orphan pdf_cell 99 recovered to col=1 by nearest-column fallback (row=9, x=807.8, dist=44.4)
2026-09-07 00:27:00,730 MatchingPostProcessor WARNING  Orphan pdf_cell 100 recovered to col=1 by nearest-column fallback (row=9, x=816.8, dist=35.5)
2026-09-07 00:27:00,730 MatchingPostProcessor WARNING  Orphan pdf_cell 101 recovered to col=1 by nearest-column fallback (row=9, x=825.8, dist=26.5)
2026-09-07 00:27:00,730 MatchingPostProcessor WARNING  Orphan pdf_cell 172 recovered to col=0 by nearest-column fallback (row=19, x=587.3, dist=210.1)
2026-09-07 00:27:00,730 MatchingPostProcessor WARNING  Orphan pdf_cell 173 recovered to col=0 by nearest-column fallback (row=19, x=596.3, dist=219.1)
2026-09-07 00:27:00,730 MatchingPostProcessor WARNING  Orphan pdf_cell 174 recovered to col=0 by nearest-column fallback (row=19, x=605.2, dist=228.1)
2026-09-07 00:27:00,730 MatchingPostProcessor WARNING  Orphan pdf_cell 175 recovered to col=0 by nearest-column fallback (row=19, x=614.2, dist=237.0)
2026-09-07 00:27:00,730 MatchingPostProcessor WARNING  Orphan pdf_cell 176 recovered to col=1 by nearest-column fallback (row=19, x=623.2, dist=229.1)
2026-09-07 00:27:00,730 MatchingPostProcessor WARNING  Orphan pdf_cell 177 recovered to col=1 by nearest-column fallback (row=19, x=632.2, dist=220.1)
2026-09-07 00:27:00,730 MatchingPostProcessor WARNING  Orphan pdf_cell 178 recovered to col=1 by nearest-column fallback (row=19, x=641.1, dist=211.1)
2026-09-07 00:27:00,730 MatchingPostProcessor WARNING  Orphan pdf_cell 179 recovered to col=1 by nearest-column fallback (row=19, x=650.1, dist=202.2)
2026-09-07 00:27:00,730 MatchingPostProcessor WARNING  Orphan pdf_cell 180 recovered to col=1 by nearest-column fallback (row=19, x=659.1, dist=193.2)
2026-09-07 00:27:00,730 MatchingPostProcessor WARNING  Orphan pdf_cell 181 recovered to col=1 by nearest-column fallback (row=19, x=668.1, dist=184.2)
2026-09-07 00:27:00,730 MatchingPostProcessor WARNING  Orphan pdf_cell 182 recovered to col=1 by nearest-column fallback (row=19, x=677.0, dist=175.2)
2026-09-07 00:27:00,730 MatchingPostProcessor WARNING  Orphan pdf_cell 183 recovered to col=1 by nearest-column fallback (row=19, x=686.0, dist=166.2)
2026-09-07 00:27:00,730 MatchingPostProcessor WARNING  Orphan pdf_cell 184 recovered to col=1 by nearest-column fallback (row=19, x=695.0, dist=157.3)
2026-09-07 00:27:00,730 MatchingPostProcessor WARNING  Orphan pdf_cell 185 recovered to col=1 by nearest-column fallback (row=19, x=704.0, dist=148.3)
2026-09-07 00:27:00,730 MatchingPostProcessor WARNING  Orphan pdf_cell 186 recovered to col=1 by nearest-column fallback (row=19, x=713.0, dist=139.3)
2026-09-07 00:27:00,730 MatchingPostProcessor WARNING  Orphan pdf_cell 187 recovered to col=1 by nearest-column fallback (row=19, x=721.9, dist=130.3)
2026-09-07 00:27:00,730 MatchingPostProcessor WARNING  Orphan pdf_cell 188 recovered to col=1 by nearest-column fallback (row=19, x=730.9, dist=121.4)
2026-09-07 00:27:00,730 MatchingPostProcessor WARNING  Orphan pdf_cell 189 recovered to col=1 by nearest-column fallback (row=19, x=739.9, dist=112.4)
2026-09-07 00:27:00,730 MatchingPostProcessor WARNING  Orphan pdf_cell 190 recovered to col=1 by nearest-column fallback (row=19, x=748.9, dist=103.4)
2026-09-07 00:27:00,731 MatchingPostProcessor WARNING  Orphan pdf_cell 191 recovered to col=1 by nearest-column fallback (row=19, x=757.8, dist=94.4)
2026-09-07 00:27:00,731 MatchingPostProcessor WARNING  Orphan pdf_cell 192 recovered to col=1 by nearest-column fallback (row=19, x=766.8, dist=85.5)
2026-09-07 00:27:00,731 MatchingPostProcessor WARNING  Orphan pdf_cell 193 recovered to col=1 by nearest-column fallback (row=19, x=775.8, dist=76.5)
2026-09-07 00:27:00,731 MatchingPostProcessor WARNING  Orphan pdf_cell 194 recovered to col=1 by nearest-column fallback (row=19, x=784.8, dist=67.5)
2026-09-07 00:27:00,731 MatchingPostProcessor WARNING  Orphan pdf_cell 195 recovered to col=1 by nearest-column fallback (row=19, x=793.7, dist=58.5)
2026-09-07 00:27:00,731 MatchingPostProcessor WARNING  Orphan pdf_cell 196 recovered to col=1 by nearest-column fallback (row=19, x=802.7, dist=49.6)
2026-09-07 00:27:00,731 MatchingPostProcessor WARNING  Orphan pdf_cell 197 recovered to col=1 by nearest-column fallback (row=19, x=811.7, dist=40.6)
2026-09-07 00:27:00,731 MatchingPostProcessor WARNING  Orphan pdf_cell 198 recovered to col=1 by nearest-column fallback (row=19, x=820.7, dist=31.6)
2026-09-07 00:27:00,731 MatchingPostProcessor WARNING  Orphan pdf_cell 199 recovered to col=1 by nearest-column fallback (row=19, x=829.6, dist=22.6)
2026-09-07 00:27:01,625 MatchingPostProcessor WARNING  Orphan pdf_cell 100 recovered to col=0 by nearest-column fallback (row=10, x=604.7, dist=222.8)
2026-09-07 00:27:01,625 MatchingPostProcessor WARNING  Orphan pdf_cell 101 recovered to col=0 by nearest-column fallback (row=10, x=613.7, dist=231.7)
2026-09-07 00:27:01,626 MatchingPostProcessor WARNING  Orphan pdf_cell 102 recovered to col=1 by nearest-column fallback (row=10, x=622.7, dist=223.6)
2026-09-07 00:27:01,626 MatchingPostProcessor WARNING  Orphan pdf_cell 103 recovered to col=1 by nearest-column fallback (row=10, x=631.6, dist=214.6)
2026-09-07 00:27:01,626 MatchingPostProcessor WARNING  Orphan pdf_cell 104 recovered to col=1 by nearest-column fallback (row=10, x=640.6, dist=205.6)
2026-09-07 00:27:01,626 MatchingPostProcessor WARNING  Orphan pdf_cell 105 recovered to col=1 by nearest-column fallback (row=10, x=649.6, dist=196.6)
2026-09-07 00:27:01,626 MatchingPostProcessor WARNING  Orphan pdf_cell 106 recovered to col=1 by nearest-column fallback (row=10, x=658.6, dist=187.7)
2026-09-07 00:27:01,626 MatchingPostProcessor WARNING  Orphan pdf_cell 107 recovered to col=1 by nearest-column fallback (row=10, x=667.5, dist=178.7)
2026-09-07 00:27:01,626 MatchingPostProcessor WARNING  Orphan pdf_cell 108 recovered to col=1 by nearest-column fallback (row=10, x=676.5, dist=169.7)
2026-09-07 00:27:01,626 MatchingPostProcessor WARNING  Orphan pdf_cell 109 recovered to col=1 by nearest-column fallback (row=10, x=685.5, dist=160.7)
2026-09-07 00:27:01,626 MatchingPostProcessor WARNING  Orphan pdf_cell 110 recovered to col=1 by nearest-column fallback (row=10, x=694.5, dist=151.8)
2026-09-07 00:27:01,626 MatchingPostProcessor WARNING  Orphan pdf_cell 111 recovered to col=1 by nearest-column fallback (row=10, x=703.4, dist=142.8)
2026-09-07 00:27:01,626 MatchingPostProcessor WARNING  Orphan pdf_cell 112 recovered to col=1 by nearest-column fallback (row=10, x=712.4, dist=133.8)
2026-09-07 00:27:01,626 MatchingPostProcessor WARNING  Orphan pdf_cell 113 recovered to col=1 by nearest-column fallback (row=10, x=721.4, dist=124.8)
2026-09-07 00:27:01,626 MatchingPostProcessor WARNING  Orphan pdf_cell 114 recovered to col=1 by nearest-column fallback (row=10, x=730.4, dist=115.9)
2026-09-07 00:27:01,626 MatchingPostProcessor WARNING  Orphan pdf_cell 115 recovered to col=1 by nearest-column fallback (row=10, x=739.3, dist=106.9)
2026-09-07 00:27:01,626 MatchingPostProcessor WARNING  Orphan pdf_cell 116 recovered to col=1 by nearest-column fallback (row=10, x=748.3, dist=97.9)
2026-09-07 00:27:01,626 MatchingPostProcessor WARNING  Orphan pdf_cell 117 recovered to col=1 by nearest-column fallback (row=10, x=757.3, dist=88.9)
2026-09-07 00:27:01,626 MatchingPostProcessor WARNING  Orphan pdf_cell 118 recovered to col=1 by nearest-column fallback (row=10, x=766.3, dist=80.0)
2026-09-07 00:27:01,626 MatchingPostProcessor WARNING  Orphan pdf_cell 119 recovered to col=1 by nearest-column fallback (row=10, x=775.3, dist=71.0)
2026-09-07 00:27:01,626 MatchingPostProcessor WARNING  Orphan pdf_cell 120 recovered to col=1 by nearest-column fallback (row=10, x=784.2, dist=62.0)
2026-09-07 00:27:01,626 MatchingPostProcessor WARNING  Orphan pdf_cell 121 recovered to col=1 by nearest-column fallback (row=10, x=793.2, dist=53.0)
2026-09-07 00:27:01,626 MatchingPostProcessor WARNING  Orphan pdf_cell 122 recovered to col=1 by nearest-column fallback (row=10, x=802.2, dist=44.1)
2026-09-07 00:27:01,626 MatchingPostProcessor WARNING  Orphan pdf_cell 123 recovered to col=1 by nearest-column fallback (row=10, x=811.2, dist=35.1)
2026-09-07 00:27:01,626 MatchingPostProcessor WARNING  Orphan pdf_cell 124 recovered to col=1 by nearest-column fallback (row=10, x=820.1, dist=26.1)
2026-09-07 00:27:01,626 MatchingPostProcessor WARNING  Orphan pdf_cell 252 recovered to col=0 by nearest-column fallback (row=28, x=598.8, dist=216.8)
2026-09-07 00:27:01,626 MatchingPostProcessor WARNING  Orphan pdf_cell 253 recovered to col=0 by nearest-column fallback (row=28, x=607.7, dist=225.8)
2026-09-07 00:27:01,626 MatchingPostProcessor WARNING  Orphan pdf_cell 254 recovered to col=1 by nearest-column fallback (row=28, x=616.7, dist=229.5)
2026-09-07 00:27:01,626 MatchingPostProcessor WARNING  Orphan pdf_cell 255 recovered to col=1 by nearest-column fallback (row=28, x=625.7, dist=220.5)
2026-09-07 00:27:01,627 MatchingPostProcessor WARNING  Orphan pdf_cell 256 recovered to col=1 by nearest-column fallback (row=28, x=634.7, dist=211.6)
2026-09-07 00:27:01,627 MatchingPostProcessor WARNING  Orphan pdf_cell 257 recovered to col=1 by nearest-column fallback (row=28, x=643.6, dist=202.6)
2026-09-07 00:27:01,627 MatchingPostProcessor WARNING  Orphan pdf_cell 258 recovered to col=1 by nearest-column fallback (row=28, x=652.6, dist=193.6)
2026-09-07 00:27:01,627 MatchingPostProcessor WARNING  Orphan pdf_cell 259 recovered to col=1 by nearest-column fallback (row=28, x=661.6, dist=184.6)
2026-09-07 00:27:01,627 MatchingPostProcessor WARNING  Orphan pdf_cell 260 recovered to col=1 by nearest-column fallback (row=28, x=670.6, dist=175.7)
2026-09-07 00:27:01,627 MatchingPostProcessor WARNING  Orphan pdf_cell 261 recovered to col=1 by nearest-column fallback (row=28, x=679.5, dist=166.7)
2026-09-07 00:27:01,627 MatchingPostProcessor WARNING  Orphan pdf_cell 262 recovered to col=1 by nearest-column fallback (row=28, x=688.5, dist=157.7)
2026-09-07 00:27:01,627 MatchingPostProcessor WARNING  Orphan pdf_cell 263 recovered to col=1 by nearest-column fallback (row=28, x=697.5, dist=148.7)
2026-09-07 00:27:01,627 MatchingPostProcessor WARNING  Orphan pdf_cell 264 recovered to col=1 by nearest-column fallback (row=28, x=706.5, dist=139.8)
2026-09-07 00:27:01,627 MatchingPostProcessor WARNING  Orphan pdf_cell 265 recovered to col=1 by nearest-column fallback (row=28, x=715.4, dist=130.8)
2026-09-07 00:27:01,627 MatchingPostProcessor WARNING  Orphan pdf_cell 266 recovered to col=1 by nearest-column fallback (row=28, x=724.4, dist=121.8)
2026-09-07 00:27:01,627 MatchingPostProcessor WARNING  Orphan pdf_cell 267 recovered to col=1 by nearest-column fallback (row=28, x=733.4, dist=112.8)
2026-09-07 00:27:01,627 MatchingPostProcessor WARNING  Orphan pdf_cell 268 recovered to col=1 by nearest-column fallback (row=28, x=742.4, dist=103.9)
2026-09-07 00:27:01,627 MatchingPostProcessor WARNING  Orphan pdf_cell 269 recovered to col=1 by nearest-column fallback (row=28, x=751.4, dist=94.9)
2026-09-07 00:27:01,627 MatchingPostProcessor WARNING  Orphan pdf_cell 270 recovered to col=1 by nearest-column fallback (row=28, x=760.3, dist=85.9)
2026-09-07 00:27:01,627 MatchingPostProcessor WARNING  Orphan pdf_cell 271 recovered to col=1 by nearest-column fallback (row=28, x=769.3, dist=76.9)
2026-09-07 00:27:01,627 MatchingPostProcessor WARNING  Orphan pdf_cell 272 recovered to col=1 by nearest-column fallback (row=28, x=778.3, dist=68.0)
2026-09-07 00:27:01,627 MatchingPostProcessor WARNING  Orphan pdf_cell 273 recovered to col=1 by nearest-column fallback (row=28, x=787.3, dist=59.0)
2026-09-07 00:27:01,627 MatchingPostProcessor WARNING  Orphan pdf_cell 274 recovered to col=1 by nearest-column fallback (row=28, x=796.2, dist=50.0)
2026-09-07 00:27:01,627 MatchingPostProcessor WARNING  Orphan pdf_cell 275 recovered to col=1 by nearest-column fallback (row=28, x=805.2, dist=41.0)
2026-09-07 00:27:01,627 MatchingPostProcessor WARNING  Orphan pdf_cell 276 recovered to col=1 by nearest-column fallback (row=28, x=814.2, dist=32.1)
2026-09-07 00:27:01,627 MatchingPostProcessor WARNING  Orphan pdf_cell 277 recovered to col=1 by nearest-column fallback (row=28, x=823.2, dist=23.1)
2026-09-07 00:27:02,525 MatchingPostProcessor WARNING  Orphan pdf_cell 60 recovered to col=0 by nearest-column fallback (row=8, x=603.3, dist=219.6)
2026-09-07 00:27:02,525 MatchingPostProcessor WARNING  Orphan pdf_cell 61 recovered to col=0 by nearest-column fallback (row=8, x=612.3, dist=228.6)
2026-09-07 00:27:02,525 MatchingPostProcessor WARNING  Orphan pdf_cell 62 recovered to col=1 by nearest-column fallback (row=8, x=621.2, dist=227.6)
2026-09-07 00:27:02,525 MatchingPostProcessor WARNING  Orphan pdf_cell 63 recovered to col=1 by nearest-column fallback (row=8, x=630.2, dist=218.7)
2026-09-07 00:27:02,525 MatchingPostProcessor WARNING  Orphan pdf_cell 64 recovered to col=1 by nearest-column fallback (row=8, x=639.2, dist=209.7)
2026-09-07 00:27:02,525 MatchingPostProcessor WARNING  Orphan pdf_cell 65 recovered to col=1 by nearest-column fallback (row=8, x=648.2, dist=200.7)
2026-09-07 00:27:02,525 MatchingPostProcessor WARNING  Orphan pdf_cell 66 recovered to col=1 by nearest-column fallback (row=8, x=657.2, dist=191.7)
2026-09-07 00:27:02,525 MatchingPostProcessor WARNING  Orphan pdf_cell 67 recovered to col=1 by nearest-column fallback (row=8, x=666.1, dist=182.8)
2026-09-07 00:27:02,525 MatchingPostProcessor WARNING  Orphan pdf_cell 68 recovered to col=1 by nearest-column fallback (row=8, x=675.1, dist=173.8)
2026-09-07 00:27:02,525 MatchingPostProcessor WARNING  Orphan pdf_cell 69 recovered to col=1 by nearest-column fallback (row=8, x=684.1, dist=164.8)
2026-09-07 00:27:02,525 MatchingPostProcessor WARNING  Orphan pdf_cell 70 recovered to col=1 by nearest-column fallback (row=8, x=693.1, dist=155.8)
2026-09-07 00:27:02,525 MatchingPostProcessor WARNING  Orphan pdf_cell 71 recovered to col=1 by nearest-column fallback (row=8, x=702.0, dist=146.9)
2026-09-07 00:27:02,525 MatchingPostProcessor WARNING  Orphan pdf_cell 72 recovered to col=1 by nearest-column fallback (row=8, x=711.0, dist=137.9)
2026-09-07 00:27:02,525 MatchingPostProcessor WARNING  Orphan pdf_cell 73 recovered to col=1 by nearest-column fallback (row=8, x=720.0, dist=128.9)
2026-09-07 00:27:02,526 MatchingPostProcessor WARNING  Orphan pdf_cell 74 recovered to col=1 by nearest-column fallback (row=8, x=729.0, dist=119.9)
2026-09-07 00:27:02,526 MatchingPostProcessor WARNING  Orphan pdf_cell 75 recovered to col=1 by nearest-column fallback (row=8, x=737.9, dist=111.0)
2026-09-07 00:27:02,526 MatchingPostProcessor WARNING  Orphan pdf_cell 76 recovered to col=1 by nearest-column fallback (row=8, x=746.9, dist=102.0)
2026-09-07 00:27:02,526 MatchingPostProcessor WARNING  Orphan pdf_cell 77 recovered to col=1 by nearest-column fallback (row=8, x=755.9, dist=93.0)
2026-09-07 00:27:02,526 MatchingPostProcessor WARNING  Orphan pdf_cell 78 recovered to col=1 by nearest-column fallback (row=8, x=764.9, dist=84.0)
2026-09-07 00:27:02,526 MatchingPostProcessor WARNING  Orphan pdf_cell 79 recovered to col=1 by nearest-column fallback (row=8, x=773.8, dist=75.0)
2026-09-07 00:27:02,526 MatchingPostProcessor WARNING  Orphan pdf_cell 80 recovered to col=1 by nearest-column fallback (row=8, x=782.8, dist=66.1)
2026-09-07 00:27:02,526 MatchingPostProcessor WARNING  Orphan pdf_cell 81 recovered to col=1 by nearest-column fallback (row=8, x=791.8, dist=57.1)
2026-09-07 00:27:02,526 MatchingPostProcessor WARNING  Orphan pdf_cell 82 recovered to col=1 by nearest-column fallback (row=8, x=800.8, dist=48.1)
2026-09-07 00:27:02,526 MatchingPostProcessor WARNING  Orphan pdf_cell 83 recovered to col=1 by nearest-column fallback (row=8, x=809.7, dist=39.1)
2026-09-07 00:27:02,526 MatchingPostProcessor WARNING  Orphan pdf_cell 84 recovered to col=1 by nearest-column fallback (row=8, x=818.7, dist=30.2)
2026-09-07 00:27:02,526 MatchingPostProcessor WARNING  Orphan pdf_cell 236 recovered to col=0 by nearest-column fallback (row=34, x=604.0, dist=220.3)
2026-09-07 00:27:02,526 MatchingPostProcessor WARNING  Orphan pdf_cell 237 recovered to col=0 by nearest-column fallback (row=34, x=613.0, dist=229.3)
2026-09-07 00:27:02,526 MatchingPostProcessor WARNING  Orphan pdf_cell 238 recovered to col=1 by nearest-column fallback (row=34, x=622.0, dist=226.9)
2026-09-07 00:27:02,526 MatchingPostProcessor WARNING  Orphan pdf_cell 239 recovered to col=1 by nearest-column fallback (row=34, x=631.0, dist=217.9)
2026-09-07 00:27:02,526 MatchingPostProcessor WARNING  Orphan pdf_cell 240 recovered to col=1 by nearest-column fallback (row=34, x=639.9, dist=208.9)
2026-09-07 00:27:02,526 MatchingPostProcessor WARNING  Orphan pdf_cell 241 recovered to col=1 by nearest-column fallback (row=34, x=648.9, dist=200.0)
2026-09-07 00:27:02,526 MatchingPostProcessor WARNING  Orphan pdf_cell 242 recovered to col=1 by nearest-column fallback (row=34, x=657.9, dist=191.0)
2026-09-07 00:27:02,526 MatchingPostProcessor WARNING  Orphan pdf_cell 243 recovered to col=1 by nearest-column fallback (row=34, x=666.9, dist=182.0)
2026-09-07 00:27:02,526 MatchingPostProcessor WARNING  Orphan pdf_cell 244 recovered to col=1 by nearest-column fallback (row=34, x=675.8, dist=173.0)
2026-09-07 00:27:02,526 MatchingPostProcessor WARNING  Orphan pdf_cell 245 recovered to col=1 by nearest-column fallback (row=34, x=684.8, dist=164.1)
2026-09-07 00:27:02,526 MatchingPostProcessor WARNING  Orphan pdf_cell 246 recovered to col=1 by nearest-column fallback (row=34, x=693.8, dist=155.1)
2026-09-07 00:27:02,526 MatchingPostProcessor WARNING  Orphan pdf_cell 247 recovered to col=1 by nearest-column fallback (row=34, x=702.8, dist=146.1)
2026-09-07 00:27:02,526 MatchingPostProcessor WARNING  Orphan pdf_cell 248 recovered to col=1 by nearest-column fallback (row=34, x=711.8, dist=137.1)
2026-09-07 00:27:02,526 MatchingPostProcessor WARNING  Orphan pdf_cell 249 recovered to col=1 by nearest-column fallback (row=34, x=720.7, dist=128.2)
2026-09-07 00:27:02,526 MatchingPostProcessor WARNING  Orphan pdf_cell 250 recovered to col=1 by nearest-column fallback (row=34, x=729.7, dist=119.2)
2026-09-07 00:27:02,526 MatchingPostProcessor WARNING  Orphan pdf_cell 251 recovered to col=1 by nearest-column fallback (row=34, x=738.7, dist=110.2)
2026-09-07 00:27:02,526 MatchingPostProcessor WARNING  Orphan pdf_cell 252 recovered to col=1 by nearest-column fallback (row=34, x=747.7, dist=101.2)
2026-09-07 00:27:02,526 MatchingPostProcessor WARNING  Orphan pdf_cell 253 recovered to col=1 by nearest-column fallback (row=34, x=756.6, dist=92.3)
2026-09-07 00:27:02,526 MatchingPostProcessor WARNING  Orphan pdf_cell 254 recovered to col=1 by nearest-column fallback (row=34, x=765.6, dist=83.3)
2026-09-07 00:27:02,526 MatchingPostProcessor WARNING  Orphan pdf_cell 255 recovered to col=1 by nearest-column fallback (row=34, x=774.6, dist=74.3)
2026-09-07 00:27:02,526 MatchingPostProcessor WARNING  Orphan pdf_cell 256 recovered to col=1 by nearest-column fallback (row=34, x=783.6, dist=65.3)
2026-09-07 00:27:02,526 MatchingPostProcessor WARNING  Orphan pdf_cell 257 recovered to col=1 by nearest-column fallback (row=34, x=792.5, dist=56.4)
2026-09-07 00:27:02,526 MatchingPostProcessor WARNING  Orphan pdf_cell 258 recovered to col=1 by nearest-column fallback (row=34, x=801.5, dist=47.4)
2026-09-07 00:27:02,526 MatchingPostProcessor WARNING  Orphan pdf_cell 259 recovered to col=1 by nearest-column fallback (row=34, x=810.5, dist=38.4)
2026-09-07 00:27:02,526 MatchingPostProcessor WARNING  Orphan pdf_cell 260 recovered to col=1 by nearest-column fallback (row=34, x=819.5, dist=29.4)
2026-09-07 00:27:03,390 MatchingPostProcessor WARNING  Orphan pdf_cell 87 recovered to col=1 by nearest-column fallback (row=9, x=629.1, dist=219.8)
2026-09-07 00:27:03,390 MatchingPostProcessor WARNING  Orphan pdf_cell 88 recovered to col=1 by nearest-column fallback (row=9, x=638.0, dist=210.8)
2026-09-07 00:27:03,390 MatchingPostProcessor WARNING  Orphan pdf_cell 89 recovered to col=1 by nearest-column fallback (row=9, x=647.0, dist=201.9)
2026-09-07 00:27:03,390 MatchingPostProcessor WARNING  Orphan pdf_cell 90 recovered to col=1 by nearest-column fallback (row=9, x=656.0, dist=192.9)
2026-09-07 00:27:03,390 MatchingPostProcessor WARNING  Orphan pdf_cell 91 recovered to col=1 by nearest-column fallback (row=9, x=665.0, dist=183.9)
2026-09-07 00:27:03,390 MatchingPostProcessor WARNING  Orphan pdf_cell 92 recovered to col=1 by nearest-column fallback (row=9, x=674.0, dist=174.9)
2026-09-07 00:27:03,390 MatchingPostProcessor WARNING  Orphan pdf_cell 93 recovered to col=1 by nearest-column fallback (row=9, x=682.9, dist=166.0)
2026-09-07 00:27:03,390 MatchingPostProcessor WARNING  Orphan pdf_cell 94 recovered to col=1 by nearest-column fallback (row=9, x=691.9, dist=157.0)
2026-09-07 00:27:03,390 MatchingPostProcessor WARNING  Orphan pdf_cell 95 recovered to col=1 by nearest-column fallback (row=9, x=700.9, dist=148.0)
2026-09-07 00:27:03,390 MatchingPostProcessor WARNING  Orphan pdf_cell 96 recovered to col=1 by nearest-column fallback (row=9, x=709.9, dist=139.0)
2026-09-07 00:27:03,390 MatchingPostProcessor WARNING  Orphan pdf_cell 97 recovered to col=1 by nearest-column fallback (row=9, x=718.8, dist=130.1)
2026-09-07 00:27:03,390 MatchingPostProcessor WARNING  Orphan pdf_cell 98 recovered to col=1 by nearest-column fallback (row=9, x=727.8, dist=121.1)
2026-09-07 00:27:03,390 MatchingPostProcessor WARNING  Orphan pdf_cell 99 recovered to col=1 by nearest-column fallback (row=9, x=736.8, dist=112.1)
2026-09-07 00:27:03,390 MatchingPostProcessor WARNING  Orphan pdf_cell 100 recovered to col=1 by nearest-column fallback (row=9, x=745.8, dist=103.1)
2026-09-07 00:27:03,390 MatchingPostProcessor WARNING  Orphan pdf_cell 101 recovered to col=1 by nearest-column fallback (row=9, x=754.7, dist=94.1)
2026-09-07 00:27:03,390 MatchingPostProcessor WARNING  Orphan pdf_cell 102 recovered to col=1 by nearest-column fallback (row=9, x=763.7, dist=85.2)
2026-09-07 00:27:03,390 MatchingPostProcessor WARNING  Orphan pdf_cell 103 recovered to col=1 by nearest-column fallback (row=9, x=772.7, dist=76.2)
2026-09-07 00:27:03,390 MatchingPostProcessor WARNING  Orphan pdf_cell 104 recovered to col=1 by nearest-column fallback (row=9, x=781.7, dist=67.2)
2026-09-07 00:27:03,390 MatchingPostProcessor WARNING  Orphan pdf_cell 105 recovered to col=1 by nearest-column fallback (row=9, x=790.6, dist=58.2)
2026-09-07 00:27:03,390 MatchingPostProcessor WARNING  Orphan pdf_cell 106 recovered to col=1 by nearest-column fallback (row=9, x=799.6, dist=49.3)
2026-09-07 00:27:03,390 MatchingPostProcessor WARNING  Orphan pdf_cell 107 recovered to col=1 by nearest-column fallback (row=9, x=808.6, dist=40.3)
2026-09-07 00:27:03,390 MatchingPostProcessor WARNING  Orphan pdf_cell 108 recovered to col=1 by nearest-column fallback (row=9, x=817.6, dist=31.3)
2026-09-07 00:27:03,390 MatchingPostProcessor WARNING  Orphan pdf_cell 211 recovered to col=1 by nearest-column fallback (row=28, x=634.2, dist=214.6)
2026-09-07 00:27:03,390 MatchingPostProcessor WARNING  Orphan pdf_cell 212 recovered to col=1 by nearest-column fallback (row=28, x=643.2, dist=205.7)
2026-09-07 00:27:03,390 MatchingPostProcessor WARNING  Orphan pdf_cell 213 recovered to col=1 by nearest-column fallback (row=28, x=652.2, dist=196.7)
2026-09-07 00:27:03,390 MatchingPostProcessor WARNING  Orphan pdf_cell 214 recovered to col=1 by nearest-column fallback (row=28, x=661.2, dist=187.7)
2026-09-07 00:27:03,390 MatchingPostProcessor WARNING  Orphan pdf_cell 215 recovered to col=1 by nearest-column fallback (row=28, x=670.2, dist=178.7)
2026-09-07 00:27:03,390 MatchingPostProcessor WARNING  Orphan pdf_cell 216 recovered to col=1 by nearest-column fallback (row=28, x=679.1, dist=169.8)
2026-09-07 00:27:03,390 MatchingPostProcessor WARNING  Orphan pdf_cell 217 recovered to col=1 by nearest-column fallback (row=28, x=688.1, dist=160.8)
2026-09-07 00:27:03,390 MatchingPostProcessor WARNING  Orphan pdf_cell 218 recovered to col=1 by nearest-column fallback (row=28, x=697.1, dist=151.8)
2026-09-07 00:27:03,390 MatchingPostProcessor WARNING  Orphan pdf_cell 219 recovered to col=1 by nearest-column fallback (row=28, x=706.1, dist=142.8)
2026-09-07 00:27:03,390 MatchingPostProcessor WARNING  Orphan pdf_cell 220 recovered to col=1 by nearest-column fallback (row=28, x=715.0, dist=133.9)
2026-09-07 00:27:03,390 MatchingPostProcessor WARNING  Orphan pdf_cell 221 recovered to col=1 by nearest-column fallback (row=28, x=724.0, dist=124.9)
2026-09-07 00:27:03,390 MatchingPostProcessor WARNING  Orphan pdf_cell 222 recovered to col=1 by nearest-column fallback (row=28, x=733.0, dist=115.9)
2026-09-07 00:27:03,390 MatchingPostProcessor WARNING  Orphan pdf_cell 223 recovered to col=1 by nearest-column fallback (row=28, x=742.0, dist=106.9)
2026-09-07 00:27:03,390 MatchingPostProcessor WARNING  Orphan pdf_cell 224 recovered to col=1 by nearest-column fallback (row=28, x=750.9, dist=97.9)
2026-09-07 00:27:03,390 MatchingPostProcessor WARNING  Orphan pdf_cell 225 recovered to col=1 by nearest-column fallback (row=28, x=759.9, dist=89.0)
2026-09-07 00:27:03,390 MatchingPostProcessor WARNING  Orphan pdf_cell 226 recovered to col=1 by nearest-column fallback (row=28, x=768.9, dist=80.0)
2026-09-07 00:27:03,390 MatchingPostProcessor WARNING  Orphan pdf_cell 227 recovered to col=1 by nearest-column fallback (row=28, x=777.9, dist=71.0)
2026-09-07 00:27:03,390 MatchingPostProcessor WARNING  Orphan pdf_cell 228 recovered to col=1 by nearest-column fallback (row=28, x=786.8, dist=62.0)
2026-09-07 00:27:03,390 MatchingPostProcessor WARNING  Orphan pdf_cell 229 recovered to col=1 by nearest-column fallback (row=28, x=795.8, dist=53.1)
2026-09-07 00:27:03,390 MatchingPostProcessor WARNING  Orphan pdf_cell 230 recovered to col=1 by nearest-column fallback (row=28, x=804.8, dist=44.1)
2026-09-07 00:27:03,390 MatchingPostProcessor WARNING  Orphan pdf_cell 231 recovered to col=1 by nearest-column fallback (row=28, x=813.8, dist=35.1)
2026-09-07 00:27:03,390 MatchingPostProcessor WARNING  Orphan pdf_cell 232 recovered to col=1 by nearest-column fallback (row=28, x=822.7, dist=26.1)
2026-09-07 00:27:04,346 MatchingPostProcessor WARNING  Orphan pdf_cell 92 recovered to col=0 by nearest-column fallback (row=13, x=593.3, dist=214.2)
2026-09-07 00:27:04,346 MatchingPostProcessor WARNING  Orphan pdf_cell 93 recovered to col=0 by nearest-column fallback (row=13, x=602.2, dist=223.2)
2026-09-07 00:27:04,346 MatchingPostProcessor WARNING  Orphan pdf_cell 94 recovered to col=0 by nearest-column fallback (row=13, x=611.2, dist=232.2)
2026-09-07 00:27:04,346 MatchingPostProcessor WARNING  Orphan pdf_cell 95 recovered to col=1 by nearest-column fallback (row=13, x=620.2, dist=228.7)
2026-09-07 00:27:04,346 MatchingPostProcessor WARNING  Orphan pdf_cell 96 recovered to col=1 by nearest-column fallback (row=13, x=629.2, dist=219.7)
2026-09-07 00:27:04,346 MatchingPostProcessor WARNING  Orphan pdf_cell 97 recovered to col=1 by nearest-column fallback (row=13, x=638.1, dist=210.7)
2026-09-07 00:27:04,346 MatchingPostProcessor WARNING  Orphan pdf_cell 98 recovered to col=1 by nearest-column fallback (row=13, x=647.1, dist=201.8)
2026-09-07 00:27:04,346 MatchingPostProcessor WARNING  Orphan pdf_cell 99 recovered to col=1 by nearest-column fallback (row=13, x=656.1, dist=192.8)
2026-09-07 00:27:04,346 MatchingPostProcessor WARNING  Orphan pdf_cell 100 recovered to col=1 by nearest-column fallback (row=13, x=665.1, dist=183.8)
2026-09-07 00:27:04,346 MatchingPostProcessor WARNING  Orphan pdf_cell 101 recovered to col=1 by nearest-column fallback (row=13, x=674.0, dist=174.8)
2026-09-07 00:27:04,346 MatchingPostProcessor WARNING  Orphan pdf_cell 102 recovered to col=1 by nearest-column fallback (row=13, x=683.0, dist=165.9)
2026-09-07 00:27:04,346 MatchingPostProcessor WARNING  Orphan pdf_cell 103 recovered to col=1 by nearest-column fallback (row=13, x=692.0, dist=156.9)
2026-09-07 00:27:04,346 MatchingPostProcessor WARNING  Orphan pdf_cell 104 recovered to col=1 by nearest-column fallback (row=13, x=701.0, dist=147.9)
2026-09-07 00:27:04,346 MatchingPostProcessor WARNING  Orphan pdf_cell 105 recovered to col=1 by nearest-column fallback (row=13, x=710.0, dist=138.9)
2026-09-07 00:27:04,347 MatchingPostProcessor WARNING  Orphan pdf_cell 106 recovered to col=1 by nearest-column fallback (row=13, x=718.9, dist=130.0)
2026-09-07 00:27:04,347 MatchingPostProcessor WARNING  Orphan pdf_cell 107 recovered to col=1 by nearest-column fallback (row=13, x=727.9, dist=121.0)
2026-09-07 00:27:04,347 MatchingPostProcessor WARNING  Orphan pdf_cell 108 recovered to col=1 by nearest-column fallback (row=13, x=736.9, dist=112.0)
2026-09-07 00:27:04,347 MatchingPostProcessor WARNING  Orphan pdf_cell 109 recovered to col=1 by nearest-column fallback (row=13, x=745.9, dist=103.0)
2026-09-07 00:27:04,347 MatchingPostProcessor WARNING  Orphan pdf_cell 110 recovered to col=1 by nearest-column fallback (row=13, x=754.8, dist=94.1)
2026-09-07 00:27:04,347 MatchingPostProcessor WARNING  Orphan pdf_cell 111 recovered to col=1 by nearest-column fallback (row=13, x=763.8, dist=85.1)
2026-09-07 00:27:04,347 MatchingPostProcessor WARNING  Orphan pdf_cell 112 recovered to col=1 by nearest-column fallback (row=13, x=772.8, dist=76.1)
2026-09-07 00:27:04,347 MatchingPostProcessor WARNING  Orphan pdf_cell 113 recovered to col=1 by nearest-column fallback (row=13, x=781.8, dist=67.1)
2026-09-07 00:27:04,347 MatchingPostProcessor WARNING  Orphan pdf_cell 114 recovered to col=1 by nearest-column fallback (row=13, x=790.7, dist=58.2)
2026-09-07 00:27:04,347 MatchingPostProcessor WARNING  Orphan pdf_cell 115 recovered to col=1 by nearest-column fallback (row=13, x=799.7, dist=49.2)
2026-09-07 00:27:04,347 MatchingPostProcessor WARNING  Orphan pdf_cell 116 recovered to col=1 by nearest-column fallback (row=13, x=808.7, dist=40.2)
2026-09-07 00:27:04,347 MatchingPostProcessor WARNING  Orphan pdf_cell 117 recovered to col=1 by nearest-column fallback (row=13, x=817.7, dist=31.2)
2026-09-07 00:27:05,455 MatchingPostProcessor WARNING  Orphan pdf_cell 53 recovered to col=2 by nearest-column fallback (row=0, x=758.3, dist=85.9)
2026-09-07 00:27:05,456 MatchingPostProcessor WARNING  Orphan pdf_cell 54 recovered to col=2 by nearest-column fallback (row=0, x=767.2, dist=76.9)
2026-09-07 00:27:05,456 MatchingPostProcessor WARNING  Orphan pdf_cell 55 recovered to col=2 by nearest-column fallback (row=0, x=776.2, dist=68.0)
2026-09-07 00:27:05,456 MatchingPostProcessor WARNING  Orphan pdf_cell 56 recovered to col=2 by nearest-column fallback (row=0, x=785.2, dist=59.0)
2026-09-07 00:27:05,456 MatchingPostProcessor WARNING  Orphan pdf_cell 57 recovered to col=2 by nearest-column fallback (row=0, x=794.2, dist=50.0)
2026-09-07 00:27:05,456 MatchingPostProcessor WARNING  Orphan pdf_cell 58 recovered to col=2 by nearest-column fallback (row=0, x=803.1, dist=41.0)
2026-09-07 00:27:05,456 MatchingPostProcessor WARNING  Orphan pdf_cell 59 recovered to col=2 by nearest-column fallback (row=0, x=812.1, dist=32.1)
2026-09-07 00:27:05,456 MatchingPostProcessor WARNING  Orphan pdf_cell 60 recovered to col=2 by nearest-column fallback (row=0, x=821.1, dist=23.1)
2026-09-07 00:27:05,456 MatchingPostProcessor WARNING  Orphan pdf_cell 145 recovered to col=2 by nearest-column fallback (row=9, x=754.2, dist=90.0)
2026-09-07 00:27:05,456 MatchingPostProcessor WARNING  Orphan pdf_cell 146 recovered to col=2 by nearest-column fallback (row=9, x=763.2, dist=81.0)
2026-09-07 00:27:05,456 MatchingPostProcessor WARNING  Orphan pdf_cell 147 recovered to col=2 by nearest-column fallback (row=9, x=772.1, dist=72.0)
2026-09-07 00:27:05,456 MatchingPostProcessor WARNING  Orphan pdf_cell 148 recovered to col=2 by nearest-column fallback (row=9, x=781.1, dist=63.1)
2026-09-07 00:27:05,456 MatchingPostProcessor WARNING  Orphan pdf_cell 149 recovered to col=2 by nearest-column fallback (row=9, x=790.1, dist=54.1)
2026-09-07 00:27:05,456 MatchingPostProcessor WARNING  Orphan pdf_cell 150 recovered to col=2 by nearest-column fallback (row=9, x=799.1, dist=45.1)
2026-09-07 00:27:05,456 MatchingPostProcessor WARNING  Orphan pdf_cell 151 recovered to col=2 by nearest-column fallback (row=9, x=808.0, dist=36.1)
2026-09-07 00:27:05,456 MatchingPostProcessor WARNING  Orphan pdf_cell 152 recovered to col=2 by nearest-column fallback (row=9, x=817.0, dist=27.2)
2026-09-07 00:27:05,457 MatchingPostProcessor WARNING  Orphan pdf_cell 239 recovered to col=2 by nearest-column fallback (row=20, x=755.9, dist=88.3)
2026-09-07 00:27:05,457 MatchingPostProcessor WARNING  Orphan pdf_cell 240 recovered to col=2 by nearest-column fallback (row=20, x=764.9, dist=79.3)
2026-09-07 00:27:05,457 MatchingPostProcessor WARNING  Orphan pdf_cell 241 recovered to col=2 by nearest-column fallback (row=20, x=773.9, dist=70.3)
2026-09-07 00:27:05,457 MatchingPostProcessor WARNING  Orphan pdf_cell 242 recovered to col=2 by nearest-column fallback (row=20, x=782.8, dist=61.3)
2026-09-07 00:27:05,457 MatchingPostProcessor WARNING  Orphan pdf_cell 243 recovered to col=2 by nearest-column fallback (row=20, x=791.8, dist=52.4)
2026-09-07 00:27:05,457 MatchingPostProcessor WARNING  Orphan pdf_cell 244 recovered to col=2 by nearest-column fallback (row=20, x=800.8, dist=43.4)
2026-09-07 00:27:05,457 MatchingPostProcessor WARNING  Orphan pdf_cell 245 recovered to col=2 by nearest-column fallback (row=20, x=809.8, dist=34.4)
2026-09-07 00:27:05,457 MatchingPostProcessor WARNING  Orphan pdf_cell 246 recovered to col=2 by nearest-column fallback (row=20, x=818.8, dist=25.4)
2026-09-07 00:27:05,838 MatchingPostProcessor WARNING  Orphan pdf_cell 91 recovered to col=1 by nearest-column fallback (row=11, x=807.9, dist=41.0)
2026-09-07 00:27:05,838 MatchingPostProcessor WARNING  Orphan pdf_cell 92 recovered to col=1 by nearest-column fallback (row=11, x=816.9, dist=32.0)
2026-09-07 00:27:05,838 MatchingPostProcessor WARNING  Orphan pdf_cell 153 recovered to col=1 by nearest-column fallback (row=12, x=806.5, dist=42.4)
2026-09-07 00:27:05,838 MatchingPostProcessor WARNING  Orphan pdf_cell 154 recovered to col=1 by nearest-column fallback (row=12, x=815.5, dist=33.4)
2026-09-07 00:27:05,838 MatchingPostProcessor WARNING  Orphan pdf_cell 208 recovered to col=1 by nearest-column fallback (row=13, x=814.8, dist=34.1)
2026-09-07 00:27:05,838 MatchingPostProcessor WARNING  Orphan pdf_cell 209 recovered to col=1 by nearest-column fallback (row=13, x=823.8, dist=25.1)
2026-09-07 00:27:05,838 MatchingPostProcessor WARNING  Orphan pdf_cell 280 recovered to col=1 by nearest-column fallback (row=14, x=810.1, dist=38.8)
2026-09-07 00:27:05,838 MatchingPostProcessor WARNING  Orphan pdf_cell 281 recovered to col=1 by nearest-column fallback (row=14, x=819.1, dist=29.8)
2026-09-07 00:27:06,739 MatchingPostProcessor WARNING  Orphan pdf_cell 12 recovered to col=1 by nearest-column fallback (row=0, x=674.5, dist=174.4)
2026-09-07 00:27:06,739 MatchingPostProcessor WARNING  Orphan pdf_cell 13 recovered to col=1 by nearest-column fallback (row=0, x=683.5, dist=165.4)
2026-09-07 00:27:06,739 MatchingPostProcessor WARNING  Orphan pdf_cell 14 recovered to col=1 by nearest-column fallback (row=0, x=692.5, dist=156.4)
2026-09-07 00:27:06,739 MatchingPostProcessor WARNING  Orphan pdf_cell 15 recovered to col=1 by nearest-column fallback (row=0, x=701.4, dist=147.4)
2026-09-07 00:27:06,739 MatchingPostProcessor WARNING  Orphan pdf_cell 16 recovered to col=1 by nearest-column fallback (row=0, x=710.4, dist=138.5)
2026-09-07 00:27:06,739 MatchingPostProcessor WARNING  Orphan pdf_cell 17 recovered to col=1 by nearest-column fallback (row=0, x=719.4, dist=129.5)
2026-09-07 00:27:06,739 MatchingPostProcessor WARNING  Orphan pdf_cell 18 recovered to col=1 by nearest-column fallback (row=0, x=728.4, dist=120.5)
2026-09-07 00:27:06,739 MatchingPostProcessor WARNING  Orphan pdf_cell 19 recovered to col=1 by nearest-column fallback (row=0, x=737.4, dist=111.5)
2026-09-07 00:27:06,739 MatchingPostProcessor WARNING  Orphan pdf_cell 20 recovered to col=1 by nearest-column fallback (row=0, x=746.3, dist=102.6)
2026-09-07 00:27:06,739 MatchingPostProcessor WARNING  Orphan pdf_cell 21 recovered to col=1 by nearest-column fallback (row=0, x=755.3, dist=93.6)
2026-09-07 00:27:06,739 MatchingPostProcessor WARNING  Orphan pdf_cell 22 recovered to col=1 by nearest-column fallback (row=0, x=764.3, dist=84.6)
2026-09-07 00:27:06,739 MatchingPostProcessor WARNING  Orphan pdf_cell 23 recovered to col=1 by nearest-column fallback (row=0, x=773.3, dist=75.6)
2026-09-07 00:27:06,739 MatchingPostProcessor WARNING  Orphan pdf_cell 24 recovered to col=1 by nearest-column fallback (row=0, x=782.2, dist=66.6)
2026-09-07 00:27:06,739 MatchingPostProcessor WARNING  Orphan pdf_cell 25 recovered to col=1 by nearest-column fallback (row=0, x=791.2, dist=57.7)
2026-09-07 00:27:06,739 MatchingPostProcessor WARNING  Orphan pdf_cell 26 recovered to col=1 by nearest-column fallback (row=0, x=800.2, dist=48.7)
2026-09-07 00:27:06,739 MatchingPostProcessor WARNING  Orphan pdf_cell 27 recovered to col=1 by nearest-column fallback (row=0, x=809.2, dist=39.7)
2026-09-07 00:27:06,739 MatchingPostProcessor WARNING  Orphan pdf_cell 28 recovered to col=1 by nearest-column fallback (row=0, x=818.1, dist=30.7)
2026-09-07 00:27:06,739 MatchingPostProcessor WARNING  Orphan pdf_cell 131 recovered to col=1 by nearest-column fallback (row=13, x=665.9, dist=183.0)
2026-09-07 00:27:06,739 MatchingPostProcessor WARNING  Orphan pdf_cell 132 recovered to col=1 by nearest-column fallback (row=13, x=674.9, dist=174.0)
2026-09-07 00:27:06,739 MatchingPostProcessor WARNING  Orphan pdf_cell 133 recovered to col=1 by nearest-column fallback (row=13, x=683.9, dist=165.0)
2026-09-07 00:27:06,739 MatchingPostProcessor WARNING  Orphan pdf_cell 134 recovered to col=1 by nearest-column fallback (row=13, x=692.9, dist=156.0)
2026-09-07 00:27:06,740 MatchingPostProcessor WARNING  Orphan pdf_cell 135 recovered to col=1 by nearest-column fallback (row=13, x=701.8, dist=147.0)
2026-09-07 00:27:06,740 MatchingPostProcessor WARNING  Orphan pdf_cell 136 recovered to col=1 by nearest-column fallback (row=13, x=710.8, dist=138.1)
2026-09-07 00:27:06,740 MatchingPostProcessor WARNING  Orphan pdf_cell 137 recovered to col=1 by nearest-column fallback (row=13, x=719.8, dist=129.1)
2026-09-07 00:27:06,740 MatchingPostProcessor WARNING  Orphan pdf_cell 138 recovered to col=1 by nearest-column fallback (row=13, x=728.8, dist=120.1)
2026-09-07 00:27:06,740 MatchingPostProcessor WARNING  Orphan pdf_cell 139 recovered to col=1 by nearest-column fallback (row=13, x=737.7, dist=111.1)
2026-09-07 00:27:06,740 MatchingPostProcessor WARNING  Orphan pdf_cell 140 recovered to col=1 by nearest-column fallback (row=13, x=746.7, dist=102.2)
2026-09-07 00:27:06,740 MatchingPostProcessor WARNING  Orphan pdf_cell 141 recovered to col=1 by nearest-column fallback (row=13, x=755.7, dist=93.2)
2026-09-07 00:27:06,740 MatchingPostProcessor WARNING  Orphan pdf_cell 142 recovered to col=1 by nearest-column fallback (row=13, x=764.7, dist=84.2)
2026-09-07 00:27:06,740 MatchingPostProcessor WARNING  Orphan pdf_cell 143 recovered to col=1 by nearest-column fallback (row=13, x=773.6, dist=75.2)
2026-09-07 00:27:06,740 MatchingPostProcessor WARNING  Orphan pdf_cell 144 recovered to col=1 by nearest-column fallback (row=13, x=782.6, dist=66.3)
2026-09-07 00:27:06,740 MatchingPostProcessor WARNING  Orphan pdf_cell 145 recovered to col=1 by nearest-column fallback (row=13, x=791.6, dist=57.3)
2026-09-07 00:27:06,740 MatchingPostProcessor WARNING  Orphan pdf_cell 146 recovered to col=1 by nearest-column fallback (row=13, x=800.6, dist=48.3)
2026-09-07 00:27:06,740 MatchingPostProcessor WARNING  Orphan pdf_cell 147 recovered to col=1 by nearest-column fallback (row=13, x=809.5, dist=39.3)
2026-09-07 00:27:06,740 MatchingPostProcessor WARNING  Orphan pdf_cell 148 recovered to col=1 by nearest-column fallback (row=13, x=818.5, dist=30.4)
2026-09-07 00:27:40,280 MatchingPostProcessor WARNING  Orphan pdf_cell 298 recovered to col=4 by nearest-column fallback (row=26, x=824.6, dist=478.6)
2026-09-07 00:27:40,281 MatchingPostProcessor WARNING  Orphan pdf_cell 355 recovered to col=4 by nearest-column fallback (row=36, x=743.2, dist=397.2)
2026-09-07 00:27:40,522 MatchingPostProcessor WARNING  Orphan pdf_cell 343 recovered to row=0 by nearest-row fallback (col=1, y=1167.7, dist=549.5)
2026-09-07 00:27:40,522 MatchingPostProcessor WARNING  Orphan pdf_cell 344 recovered to row=0 by nearest-row fallback (col=1, y=1167.7, dist=549.5)
2026-09-07 00:27:40,522 MatchingPostProcessor WARNING  Orphan pdf_cell 345 recovered to row=0 by nearest-row fallback (col=1, y=1167.7, dist=549.5)
2026-09-07 00:27:40,522 MatchingPostProcessor WARNING  Orphan pdf_cell 346 recovered to row=0 by nearest-row fallback (col=1, y=1167.7, dist=549.5)
2026-09-07 00:27:48,686 MatchingPostProcessor WARNING  Orphan pdf_cell 304 recovered to col=4 by nearest-column fallback (row=133, x=769.7, dist=252.8)
2026-09-07 00:27:48,687 MatchingPostProcessor WARNING  Orphan pdf_cell 336 recovered to col=4 by nearest-column fallback (row=185, x=834.1, dist=317.3)
2026-09-07 00:27:51,446 MatchingPostProcessor WARNING  Orphan pdf_cell 153 recovered to row=1 by nearest-row fallback (col=0, y=1059.7, dist=483.6)
2026-09-07 00:27:51,446 MatchingPostProcessor WARNING  Orphan pdf_cell 154 recovered to row=1 by nearest-row fallback (col=0, y=1059.7, dist=483.6)
2026-09-07 00:27:51,446 MatchingPostProcessor WARNING  Orphan pdf_cell 155 recovered to row=1 by nearest-row fallback (col=0, y=1059.7, dist=483.6)
2026-09-07 00:27:51,446 MatchingPostProcessor WARNING  Orphan pdf_cell 156 recovered to row=1 by nearest-row fallback (col=0, y=1059.7, dist=483.6)
2026-09-07 00:27:51,446 MatchingPostProcessor WARNING  Orphan pdf_cell 157 recovered to row=1 by nearest-row fallback (col=0, y=1081.3, dist=505.2)
2026-09-07 00:27:51,446 MatchingPostProcessor WARNING  Orphan pdf_cell 158 recovered to row=1 by nearest-row fallback (col=0, y=1081.3, dist=505.2)
2026-09-07 00:27:51,446 MatchingPostProcessor WARNING  Orphan pdf_cell 159 recovered to row=1 by nearest-row fallback (col=0, y=1081.3, dist=505.2)
2026-09-07 00:27:51,446 MatchingPostProcessor WARNING  Orphan pdf_cell 160 recovered to row=1 by nearest-row fallback (col=0, y=1102.9, dist=526.8)
2026-09-07 00:27:51,446 MatchingPostProcessor WARNING  Orphan pdf_cell 161 recovered to row=1 by nearest-row fallback (col=0, y=1102.9, dist=526.8)
2026-09-07 00:27:51,446 MatchingPostProcessor WARNING  Orphan pdf_cell 162 recovered to row=1 by nearest-row fallback (col=0, y=1124.5, dist=548.4)
2026-09-07 00:27:51,446 MatchingPostProcessor WARNING  Orphan pdf_cell 163 recovered to row=1 by nearest-row fallback (col=0, y=1124.5, dist=548.4)
2026-09-07 00:27:51,446 MatchingPostProcessor WARNING  Orphan pdf_cell 164 recovered to row=1 by nearest-row fallback (col=0, y=1124.5, dist=548.4)
2026-09-07 00:27:51,446 MatchingPostProcessor WARNING  Orphan pdf_cell 165 recovered to row=1 by nearest-row fallback (col=0, y=1124.5, dist=548.4)
2026-09-07 00:27:51,446 MatchingPostProcessor WARNING  Orphan pdf_cell 166 recovered to row=1 by nearest-row fallback (col=0, y=1124.5, dist=548.4)
2026-09-07 00:27:51,446 MatchingPostProcessor WARNING  Orphan pdf_cell 167 recovered to row=1 by nearest-row fallback (col=0, y=1146.1, dist=570.0)
2026-09-07 00:27:51,446 MatchingPostProcessor WARNING  Orphan pdf_cell 168 recovered to row=1 by nearest-row fallback (col=0, y=1146.1, dist=570.0)
2026-09-07 00:27:51,446 MatchingPostProcessor WARNING  Orphan pdf_cell 169 recovered to row=1 by nearest-row fallback (col=0, y=1146.1, dist=570.0)
2026-09-07 00:27:51,446 MatchingPostProcessor WARNING  Orphan pdf_cell 333 recovered to row=1 by nearest-row fallback (col=1, y=1067.6, dist=491.5)
2026-09-07 00:27:51,446 MatchingPostProcessor WARNING  Orphan pdf_cell 334 recovered to row=1 by nearest-row fallback (col=1, y=1089.2, dist=513.1)
2026-09-07 00:27:51,446 MatchingPostProcessor WARNING  Orphan pdf_cell 335 recovered to row=1 by nearest-row fallback (col=1, y=1089.2, dist=513.1)
2026-09-07 00:27:51,446 MatchingPostProcessor WARNING  Orphan pdf_cell 336 recovered to row=1 by nearest-row fallback (col=1, y=1089.2, dist=513.1)
2026-09-07 00:27:51,446 MatchingPostProcessor WARNING  Orphan pdf_cell 337 recovered to row=1 by nearest-row fallback (col=1, y=1089.2, dist=513.1)
2026-09-07 00:27:51,446 MatchingPostProcessor WARNING  Orphan pdf_cell 338 recovered to row=1 by nearest-row fallback (col=1, y=1110.8, dist=534.7)
2026-09-07 00:27:51,446 MatchingPostProcessor WARNING  Orphan pdf_cell 339 recovered to row=1 by nearest-row fallback (col=1, y=1110.8, dist=534.7)
2026-09-07 00:27:51,447 MatchingPostProcessor WARNING  Orphan pdf_cell 340 recovered to row=1 by nearest-row fallback (col=1, y=1110.8, dist=534.7)
2026-09-07 00:27:51,447 MatchingPostProcessor WARNING  Orphan pdf_cell 341 recovered to row=1 by nearest-row fallback (col=1, y=1110.8, dist=534.7)
2026-09-07 00:27:51,447 MatchingPostProcessor WARNING  Orphan pdf_cell 342 recovered to row=1 by nearest-row fallback (col=1, y=1132.4, dist=556.3)
2026-09-07 00:27:51,447 MatchingPostProcessor WARNING  Orphan pdf_cell 343 recovered to row=1 by nearest-row fallback (col=1, y=1132.4, dist=556.3)
2026-09-07 00:27:51,447 MatchingPostProcessor WARNING  Orphan pdf_cell 344 recovered to row=1 by nearest-row fallback (col=1, y=1132.4, dist=556.3)
2026-09-07 00:27:51,447 MatchingPostProcessor WARNING  Orphan pdf_cell 345 recovered to row=1 by nearest-row fallback (col=1, y=1132.4, dist=556.3)
2026-09-07 00:28:08,431 MatchingPostProcessor WARNING  Orphan pdf_cell 147 recovered to row=39 by nearest-row fallback (col=3, y=1038.1, dist=41.0)
2026-09-07 00:28:08,431 MatchingPostProcessor WARNING  Orphan pdf_cell 148 recovered to row=39 by nearest-row fallback (col=3, y=1038.1, dist=41.0)
2026-09-07 00:28:08,431 MatchingPostProcessor WARNING  Orphan pdf_cell 149 recovered to row=39 by nearest-row fallback (col=1, y=1038.1, dist=41.0)
2026-09-07 00:28:17,670 MatchingPostProcessor WARNING  Orphan pdf_cell 245 recovered to col=1 by nearest-column fallback (row=13, x=753.4, dist=415.3)
2026-09-07 00:28:17,671 MatchingPostProcessor WARNING  Orphan pdf_cell 246 recovered to col=1 by nearest-column fallback (row=13, x=819.2, dist=481.1)
2026-09-07 00:28:17,671 MatchingPostProcessor WARNING  Orphan pdf_cell 275 recovered to col=1 by nearest-column fallback (row=23, x=752.4, dist=414.3)
2026-09-07 00:28:17,671 MatchingPostProcessor WARNING  Orphan pdf_cell 298 recovered to col=1 by nearest-column fallback (row=28, x=832.6, dist=494.5)
2026-09-07 00:28:17,671 MatchingPostProcessor WARNING  Orphan pdf_cell 305 recovered to col=1 by nearest-column fallback (row=29, x=829.3, dist=491.2)
2026-09-07 00:28:17,671 MatchingPostProcessor WARNING  Orphan pdf_cell 337 recovered to col=1 by nearest-column fallback (row=40, x=740.2, dist=402.1)
2026-09-07 00:28:26,953 MatchingPostProcessor WARNING  Orphan pdf_cell 344 recovered to col=4 by nearest-column fallback (row=32, x=813.5, dist=215.7)
2026-09-07 00:28:26,953 MatchingPostProcessor WARNING  Orphan pdf_cell 345 recovered to col=4 by nearest-column fallback (row=32, x=845.8, dist=248.0)
2026-09-07 00:28:26,953 MatchingPostProcessor WARNING  Orphan pdf_cell 360 recovered to col=4 by nearest-column fallback (row=36, x=832.8, dist=235.0)
2026-09-07 00:28:26,953 MatchingPostProcessor WARNING  Orphan pdf_cell 369 recovered to col=4 by nearest-column fallback (row=39, x=760.1, dist=162.3)
2026-09-07 00:28:26,954 MatchingPostProcessor WARNING  Orphan pdf_cell 373 recovered to col=4 by nearest-column fallback (row=40, x=752.8, dist=155.1)
2026-09-07 00:28:26,954 MatchingPostProcessor WARNING  Orphan pdf_cell 374 recovered to col=4 by nearest-column fallback (row=40, x=784.9, dist=187.1)
2026-09-07 00:28:27,183 MatchingPostProcessor WARNING  Orphan pdf_cell 56 recovered to row=0 by nearest-row fallback (col=0, y=476.5, dist=197.2)
2026-09-07 00:28:27,183 MatchingPostProcessor WARNING  Orphan pdf_cell 57 recovered to row=0 by nearest-row fallback (col=0, y=476.5, dist=197.2)
2026-09-07 00:28:27,183 MatchingPostProcessor WARNING  Orphan pdf_cell 58 recovered to row=0 by nearest-row fallback (col=0, y=476.5, dist=197.2)
2026-09-07 00:28:27,183 MatchingPostProcessor WARNING  Orphan pdf_cell 59 recovered to row=0 by nearest-row fallback (col=0, y=498.1, dist=218.8)
2026-09-07 00:28:27,183 MatchingPostProcessor WARNING  Orphan pdf_cell 60 recovered to row=0 by nearest-row fallback (col=0, y=498.1, dist=218.8)
2026-09-07 00:28:27,183 MatchingPostProcessor WARNING  Orphan pdf_cell 61 recovered to row=0 by nearest-row fallback (col=0, y=498.1, dist=218.8)
2026-09-07 00:28:27,183 MatchingPostProcessor WARNING  Orphan pdf_cell 62 recovered to row=0 by nearest-row fallback (col=0, y=519.7, dist=240.4)
2026-09-07 00:28:27,183 MatchingPostProcessor WARNING  Orphan pdf_cell 63 recovered to row=0 by nearest-row fallback (col=0, y=519.7, dist=240.4)
2026-09-07 00:28:27,183 MatchingPostProcessor WARNING  Orphan pdf_cell 64 recovered to row=0 by nearest-row fallback (col=0, y=519.7, dist=240.4)
2026-09-07 00:28:27,183 MatchingPostProcessor WARNING  Orphan pdf_cell 65 recovered to row=0 by nearest-row fallback (col=0, y=541.3, dist=262.0)
2026-09-07 00:28:27,183 MatchingPostProcessor WARNING  Orphan pdf_cell 66 recovered to row=0 by nearest-row fallback (col=0, y=541.3, dist=262.0)
2026-09-07 00:28:27,183 MatchingPostProcessor WARNING  Orphan pdf_cell 67 recovered to row=0 by nearest-row fallback (col=0, y=541.3, dist=262.0)
2026-09-07 00:28:27,183 MatchingPostProcessor WARNING  Orphan pdf_cell 68 recovered to row=0 by nearest-row fallback (col=0, y=562.9, dist=283.6)
2026-09-07 00:28:27,183 MatchingPostProcessor WARNING  Orphan pdf_cell 69 recovered to row=0 by nearest-row fallback (col=0, y=562.9, dist=283.6)
2026-09-07 00:28:27,183 MatchingPostProcessor WARNING  Orphan pdf_cell 70 recovered to row=0 by nearest-row fallback (col=0, y=562.9, dist=283.6)
2026-09-07 00:28:27,183 MatchingPostProcessor WARNING  Orphan pdf_cell 71 recovered to row=0 by nearest-row fallback (col=0, y=584.5, dist=305.2)
2026-09-07 00:28:27,183 MatchingPostProcessor WARNING  Orphan pdf_cell 72 recovered to row=0 by nearest-row fallback (col=0, y=584.5, dist=305.2)
2026-09-07 00:28:27,183 MatchingPostProcessor WARNING  Orphan pdf_cell 73 recovered to row=0 by nearest-row fallback (col=0, y=584.5, dist=305.2)
2026-09-07 00:28:27,183 MatchingPostProcessor WARNING  Orphan pdf_cell 74 recovered to row=0 by nearest-row fallback (col=0, y=584.5, dist=305.2)
2026-09-07 00:28:27,183 MatchingPostProcessor WARNING  Orphan pdf_cell 75 recovered to row=0 by nearest-row fallback (col=0, y=606.1, dist=326.8)
2026-09-07 00:28:27,183 MatchingPostProcessor WARNING  Orphan pdf_cell 76 recovered to row=0 by nearest-row fallback (col=0, y=606.1, dist=326.8)
2026-09-07 00:28:27,183 MatchingPostProcessor WARNING  Orphan pdf_cell 77 recovered to row=0 by nearest-row fallback (col=0, y=606.1, dist=326.8)
2026-09-07 00:28:27,183 MatchingPostProcessor WARNING  Orphan pdf_cell 78 recovered to row=0 by nearest-row fallback (col=0, y=606.1, dist=326.8)
2026-09-07 00:28:27,183 MatchingPostProcessor WARNING  Orphan pdf_cell 79 recovered to row=0 by nearest-row fallback (col=0, y=627.7, dist=348.4)
2026-09-07 00:28:27,183 MatchingPostProcessor WARNING  Orphan pdf_cell 80 recovered to row=0 by nearest-row fallback (col=0, y=627.7, dist=348.4)
2026-09-07 00:28:27,183 MatchingPostProcessor WARNING  Orphan pdf_cell 81 recovered to row=0 by nearest-row fallback (col=0, y=627.7, dist=348.4)
2026-09-07 00:28:27,183 MatchingPostProcessor WARNING  Orphan pdf_cell 82 recovered to row=0 by nearest-row fallback (col=0, y=627.7, dist=348.4)
2026-09-07 00:28:27,183 MatchingPostProcessor WARNING  Orphan pdf_cell 83 recovered to row=0 by nearest-row fallback (col=0, y=649.3, dist=370.0)
2026-09-07 00:28:27,183 MatchingPostProcessor WARNING  Orphan pdf_cell 84 recovered to row=0 by nearest-row fallback (col=0, y=649.3, dist=370.0)
2026-09-07 00:28:27,183 MatchingPostProcessor WARNING  Orphan pdf_cell 85 recovered to row=0 by nearest-row fallback (col=0, y=670.9, dist=391.6)
2026-09-07 00:28:27,183 MatchingPostProcessor WARNING  Orphan pdf_cell 86 recovered to row=0 by nearest-row fallback (col=0, y=670.9, dist=391.6)
2026-09-07 00:28:27,183 MatchingPostProcessor WARNING  Orphan pdf_cell 87 recovered to row=0 by nearest-row fallback (col=0, y=670.9, dist=391.6)
2026-09-07 00:28:27,183 MatchingPostProcessor WARNING  Orphan pdf_cell 88 recovered to row=0 by nearest-row fallback (col=0, y=692.5, dist=413.2)
2026-09-07 00:28:27,183 MatchingPostProcessor WARNING  Orphan pdf_cell 89 recovered to row=0 by nearest-row fallback (col=0, y=692.5, dist=413.2)
2026-09-07 00:28:27,183 MatchingPostProcessor WARNING  Orphan pdf_cell 90 recovered to row=0 by nearest-row fallback (col=0, y=692.5, dist=413.2)
2026-09-07 00:28:27,183 MatchingPostProcessor WARNING  Orphan pdf_cell 91 recovered to row=0 by nearest-row fallback (col=0, y=692.5, dist=413.2)
2026-09-07 00:28:27,183 MatchingPostProcessor WARNING  Orphan pdf_cell 92 recovered to row=0 by nearest-row fallback (col=0, y=692.5, dist=413.2)
2026-09-07 00:28:27,183 MatchingPostProcessor WARNING  Orphan pdf_cell 93 recovered to row=0 by nearest-row fallback (col=0, y=714.1, dist=434.8)
2026-09-07 00:28:27,183 MatchingPostProcessor WARNING  Orphan pdf_cell 94 recovered to row=0 by nearest-row fallback (col=0, y=714.1, dist=434.8)
2026-09-07 00:28:27,183 MatchingPostProcessor WARNING  Orphan pdf_cell 95 recovered to row=0 by nearest-row fallback (col=0, y=714.1, dist=434.8)
2026-09-07 00:28:27,183 MatchingPostProcessor WARNING  Orphan pdf_cell 96 recovered to row=0 by nearest-row fallback (col=0, y=714.1, dist=434.8)
2026-09-07 00:28:27,183 MatchingPostProcessor WARNING  Orphan pdf_cell 97 recovered to row=0 by nearest-row fallback (col=0, y=735.7, dist=456.4)
2026-09-07 00:28:27,183 MatchingPostProcessor WARNING  Orphan pdf_cell 98 recovered to row=0 by nearest-row fallback (col=0, y=735.7, dist=456.4)
2026-09-07 00:28:27,183 MatchingPostProcessor WARNING  Orphan pdf_cell 99 recovered to row=0 by nearest-row fallback (col=0, y=735.7, dist=456.4)
2026-09-07 00:28:27,183 MatchingPostProcessor WARNING  Orphan pdf_cell 100 recovered to row=0 by nearest-row fallback (col=0, y=735.7, dist=456.4)
2026-09-07 00:28:27,183 MatchingPostProcessor WARNING  Orphan pdf_cell 101 recovered to row=0 by nearest-row fallback (col=0, y=757.3, dist=478.0)
2026-09-07 00:28:27,183 MatchingPostProcessor WARNING  Orphan pdf_cell 102 recovered to row=0 by nearest-row fallback (col=0, y=757.3, dist=478.0)
2026-09-07 00:28:27,183 MatchingPostProcessor WARNING  Orphan pdf_cell 103 recovered to row=0 by nearest-row fallback (col=0, y=757.3, dist=478.0)
2026-09-07 00:28:27,183 MatchingPostProcessor WARNING  Orphan pdf_cell 104 recovered to row=0 by nearest-row fallback (col=0, y=778.9, dist=499.6)
2026-09-07 00:28:27,183 MatchingPostProcessor WARNING  Orphan pdf_cell 105 recovered to row=0 by nearest-row fallback (col=0, y=778.9, dist=499.6)
2026-09-07 00:28:27,183 MatchingPostProcessor WARNING  Orphan pdf_cell 106 recovered to row=0 by nearest-row fallback (col=0, y=778.9, dist=499.6)
2026-09-07 00:28:27,183 MatchingPostProcessor WARNING  Orphan pdf_cell 107 recovered to row=0 by nearest-row fallback (col=0, y=778.9, dist=499.6)
2026-09-07 00:28:27,184 MatchingPostProcessor WARNING  Orphan pdf_cell 108 recovered to row=0 by nearest-row fallback (col=0, y=800.5, dist=521.2)
2026-09-07 00:28:27,184 MatchingPostProcessor WARNING  Orphan pdf_cell 109 recovered to row=0 by nearest-row fallback (col=0, y=800.5, dist=521.2)
2026-09-07 00:28:27,184 MatchingPostProcessor WARNING  Orphan pdf_cell 110 recovered to row=0 by nearest-row fallback (col=0, y=800.5, dist=521.2)
2026-09-07 00:28:27,184 MatchingPostProcessor WARNING  Orphan pdf_cell 111 recovered to row=0 by nearest-row fallback (col=0, y=800.5, dist=521.2)
2026-09-07 00:28:27,184 MatchingPostProcessor WARNING  Orphan pdf_cell 112 recovered to row=0 by nearest-row fallback (col=0, y=800.5, dist=521.2)
2026-09-07 00:28:27,184 MatchingPostProcessor WARNING  Orphan pdf_cell 177 recovered to row=0 by nearest-row fallback (col=1, y=512.5, dist=233.2)
2026-09-07 00:28:27,184 MatchingPostProcessor WARNING  Orphan pdf_cell 178 recovered to row=0 by nearest-row fallback (col=1, y=541.3, dist=262.0)
2026-09-07 00:28:27,184 MatchingPostProcessor WARNING  Orphan pdf_cell 179 recovered to row=0 by nearest-row fallback (col=1, y=541.3, dist=262.0)
2026-09-07 00:28:27,184 MatchingPostProcessor WARNING  Orphan pdf_cell 180 recovered to row=0 by nearest-row fallback (col=1, y=541.3, dist=262.0)
2026-09-07 00:28:27,184 MatchingPostProcessor WARNING  Orphan pdf_cell 181 recovered to row=0 by nearest-row fallback (col=1, y=541.3, dist=262.0)
2026-09-07 00:28:27,184 MatchingPostProcessor WARNING  Orphan pdf_cell 182 recovered to row=0 by nearest-row fallback (col=1, y=541.3, dist=262.0)
2026-09-07 00:28:27,184 MatchingPostProcessor WARNING  Orphan pdf_cell 183 recovered to row=0 by nearest-row fallback (col=1, y=562.9, dist=283.6)
2026-09-07 00:28:27,184 MatchingPostProcessor WARNING  Orphan pdf_cell 184 recovered to row=0 by nearest-row fallback (col=1, y=562.9, dist=283.6)
2026-09-07 00:28:27,184 MatchingPostProcessor WARNING  Orphan pdf_cell 185 recovered to row=0 by nearest-row fallback (col=1, y=562.9, dist=283.6)
2026-09-07 00:28:27,184 MatchingPostProcessor WARNING  Orphan pdf_cell 186 recovered to row=0 by nearest-row fallback (col=1, y=562.9, dist=283.6)
2026-09-07 00:28:27,184 MatchingPostProcessor WARNING  Orphan pdf_cell 187 recovered to row=0 by nearest-row fallback (col=1, y=562.9, dist=283.6)
2026-09-07 00:28:27,184 MatchingPostProcessor WARNING  Orphan pdf_cell 188 recovered to row=0 by nearest-row fallback (col=1, y=584.5, dist=305.2)
2026-09-07 00:28:27,184 MatchingPostProcessor WARNING  Orphan pdf_cell 189 recovered to row=0 by nearest-row fallback (col=1, y=584.5, dist=305.2)
2026-09-07 00:28:27,184 MatchingPostProcessor WARNING  Orphan pdf_cell 190 recovered to row=0 by nearest-row fallback (col=1, y=584.5, dist=305.2)
2026-09-07 00:28:27,184 MatchingPostProcessor WARNING  Orphan pdf_cell 191 recovered to row=0 by nearest-row fallback (col=1, y=584.5, dist=305.2)
2026-09-07 00:28:27,184 MatchingPostProcessor WARNING  Orphan pdf_cell 192 recovered to row=0 by nearest-row fallback (col=1, y=584.5, dist=305.2)
2026-09-07 00:28:27,184 MatchingPostProcessor WARNING  Orphan pdf_cell 193 recovered to row=0 by nearest-row fallback (col=1, y=584.5, dist=305.2)
2026-09-07 00:28:27,184 MatchingPostProcessor WARNING  Orphan pdf_cell 194 recovered to row=0 by nearest-row fallback (col=1, y=606.1, dist=326.8)
2026-09-07 00:28:27,184 MatchingPostProcessor WARNING  Orphan pdf_cell 195 recovered to row=0 by nearest-row fallback (col=1, y=606.1, dist=326.8)
2026-09-07 00:28:27,184 MatchingPostProcessor WARNING  Orphan pdf_cell 196 recovered to row=0 by nearest-row fallback (col=1, y=606.1, dist=326.8)
2026-09-07 00:28:27,184 MatchingPostProcessor WARNING  Orphan pdf_cell 197 recovered to row=0 by nearest-row fallback (col=1, y=606.1, dist=326.8)
2026-09-07 00:28:27,184 MatchingPostProcessor WARNING  Orphan pdf_cell 198 recovered to row=0 by nearest-row fallback (col=1, y=655.7, dist=376.5)
2026-09-07 00:28:27,184 MatchingPostProcessor WARNING  Orphan pdf_cell 199 recovered to row=0 by nearest-row fallback (col=1, y=684.5, dist=405.3)
2026-09-07 00:28:27,184 MatchingPostProcessor WARNING  Orphan pdf_cell 200 recovered to row=0 by nearest-row fallback (col=1, y=684.5, dist=405.3)
2026-09-07 00:28:27,184 MatchingPostProcessor WARNING  Orphan pdf_cell 201 recovered to row=0 by nearest-row fallback (col=1, y=684.5, dist=405.3)
2026-09-07 00:28:27,184 MatchingPostProcessor WARNING  Orphan pdf_cell 202 recovered to row=0 by nearest-row fallback (col=1, y=734.1, dist=454.9)
2026-09-07 00:28:27,184 MatchingPostProcessor WARNING  Orphan pdf_cell 203 recovered to row=0 by nearest-row fallback (col=1, y=762.9, dist=483.7)
2026-09-07 00:28:27,184 MatchingPostProcessor WARNING  Orphan pdf_cell 204 recovered to row=0 by nearest-row fallback (col=1, y=762.9, dist=483.7)
2026-09-07 00:28:27,184 MatchingPostProcessor WARNING  Orphan pdf_cell 205 recovered to row=0 by nearest-row fallback (col=1, y=762.9, dist=483.7)
2026-09-07 00:28:27,184 MatchingPostProcessor WARNING  Orphan pdf_cell 206 recovered to row=0 by nearest-row fallback (col=1, y=762.9, dist=483.7)
2026-09-07 00:28:27,184 MatchingPostProcessor WARNING  Orphan pdf_cell 207 recovered to row=0 by nearest-row fallback (col=1, y=784.5, dist=505.3)
2026-09-07 00:28:27,184 MatchingPostProcessor WARNING  Orphan pdf_cell 208 recovered to row=0 by nearest-row fallback (col=1, y=784.5, dist=505.3)
2026-09-07 00:28:27,184 MatchingPostProcessor WARNING  Orphan pdf_cell 209 recovered to row=0 by nearest-row fallback (col=1, y=784.5, dist=505.3)
2026-09-07 00:28:27,184 MatchingPostProcessor WARNING  Orphan pdf_cell 210 recovered to row=0 by nearest-row fallback (col=1, y=784.5, dist=505.3)
2026-09-07 00:28:27,184 MatchingPostProcessor WARNING  Orphan pdf_cell 211 recovered to row=0 by nearest-row fallback (col=1, y=784.5, dist=505.3)
sample-input/pdf/02-Effective awk Programming- 4th Edition.pdf chunks=460 collection=market_quality_chunks_hybrid json=87f2826097d85b86/docling.json
=== end 2026-09-07T00:31:57+09:00 ===
