=== 2026-09-07T00:32:07+09:00 sample-input/pdf/03-JavaScript Data Structures and Algorithms.pdf ===
sample-input/pdf/03-JavaScript Data Structures and Algorithms.pdf family=B format=pdf normalize=false
Loading weights:   0%|          | 0/770 [00:00<?, ?it/s]Loading weights: 100%|██████████| 770/770 [00:00<00:00, 26252.76it/s]
2026-09-07 00:32:17,989 MatchingPostProcessor WARNING  Orphan pdf_cell 49 recovered to row=14 by nearest-row fallback (col=0, y=730.6, dist=59.6)
2026-09-07 00:32:17,989 MatchingPostProcessor WARNING  Orphan pdf_cell 50 recovered to row=14 by nearest-row fallback (col=0, y=730.6, dist=59.6)
2026-09-07 00:32:17,989 MatchingPostProcessor WARNING  Orphan pdf_cell 51 recovered to row=14 by nearest-row fallback (col=0, y=730.6, dist=59.6)
2026-09-07 00:32:17,989 MatchingPostProcessor WARNING  Orphan pdf_cell 52 recovered to row=14 by nearest-row fallback (col=1, y=730.6, dist=59.6)
2026-09-07 00:32:19,908 MatchingPostProcessor WARNING  Orphan pdf_cell 133 recovered to col=0 by nearest-column fallback (row=1, x=366.5, dist=159.5)
2026-09-07 00:32:28,197 MatchingPostProcessor WARNING  Orphan pdf_cell 52 recovered to row=0 by nearest-row fallback (col=0, y=853.4, dist=247.4)
2026-09-07 00:32:28,197 MatchingPostProcessor WARNING  Orphan pdf_cell 53 recovered to row=0 by nearest-row fallback (col=0, y=853.4, dist=247.4)
2026-09-07 00:32:28,197 MatchingPostProcessor WARNING  Orphan pdf_cell 54 recovered to row=0 by nearest-row fallback (col=0, y=853.4, dist=247.4)
2026-09-07 00:32:28,197 MatchingPostProcessor WARNING  Orphan pdf_cell 55 recovered to row=0 by nearest-row fallback (col=0, y=883.4, dist=277.4)
2026-09-07 00:32:28,197 MatchingPostProcessor WARNING  Orphan pdf_cell 56 recovered to row=0 by nearest-row fallback (col=0, y=883.4, dist=277.4)
2026-09-07 00:32:28,197 MatchingPostProcessor WARNING  Orphan pdf_cell 57 recovered to row=0 by nearest-row fallback (col=0, y=883.4, dist=277.4)
2026-09-07 00:32:28,197 MatchingPostProcessor WARNING  Orphan pdf_cell 58 recovered to row=0 by nearest-row fallback (col=0, y=883.4, dist=277.4)
2026-09-07 00:32:28,197 MatchingPostProcessor WARNING  Orphan pdf_cell 59 recovered to row=0 by nearest-row fallback (col=0, y=913.4, dist=307.4)
2026-09-07 00:32:28,197 MatchingPostProcessor WARNING  Orphan pdf_cell 60 recovered to row=0 by nearest-row fallback (col=0, y=913.4, dist=307.4)
2026-09-07 00:32:28,197 MatchingPostProcessor WARNING  Orphan pdf_cell 61 recovered to row=0 by nearest-row fallback (col=0, y=913.4, dist=307.4)
2026-09-07 00:32:28,197 MatchingPostProcessor WARNING  Orphan pdf_cell 62 recovered to row=0 by nearest-row fallback (col=0, y=943.4, dist=337.4)
2026-09-07 00:32:28,197 MatchingPostProcessor WARNING  Orphan pdf_cell 63 recovered to row=0 by nearest-row fallback (col=0, y=943.4, dist=337.4)
2026-09-07 00:32:28,197 MatchingPostProcessor WARNING  Orphan pdf_cell 64 recovered to row=0 by nearest-row fallback (col=0, y=973.4, dist=367.4)
2026-09-07 00:32:28,197 MatchingPostProcessor WARNING  Orphan pdf_cell 65 recovered to row=0 by nearest-row fallback (col=0, y=973.4, dist=367.4)
2026-09-07 00:32:28,197 MatchingPostProcessor WARNING  Orphan pdf_cell 66 recovered to row=0 by nearest-row fallback (col=0, y=1003.4, dist=397.4)
2026-09-07 00:32:28,197 MatchingPostProcessor WARNING  Orphan pdf_cell 67 recovered to row=0 by nearest-row fallback (col=0, y=1003.4, dist=397.4)
2026-09-07 00:32:28,197 MatchingPostProcessor WARNING  Orphan pdf_cell 68 recovered to row=0 by nearest-row fallback (col=0, y=1003.4, dist=397.4)
2026-09-07 00:32:28,197 MatchingPostProcessor WARNING  Orphan pdf_cell 69 recovered to row=0 by nearest-row fallback (col=0, y=1033.4, dist=427.4)
2026-09-07 00:32:28,197 MatchingPostProcessor WARNING  Orphan pdf_cell 70 recovered to row=0 by nearest-row fallback (col=0, y=1033.4, dist=427.4)
2026-09-07 00:32:28,197 MatchingPostProcessor WARNING  Orphan pdf_cell 71 recovered to row=0 by nearest-row fallback (col=0, y=1033.4, dist=427.4)
2026-09-07 00:32:28,197 MatchingPostProcessor WARNING  Orphan pdf_cell 72 recovered to row=0 by nearest-row fallback (col=0, y=1063.4, dist=457.4)
2026-09-07 00:32:28,197 MatchingPostProcessor WARNING  Orphan pdf_cell 73 recovered to row=0 by nearest-row fallback (col=0, y=1063.4, dist=457.4)
2026-09-07 00:32:28,197 MatchingPostProcessor WARNING  Orphan pdf_cell 74 recovered to row=0 by nearest-row fallback (col=0, y=1063.4, dist=457.4)
2026-09-07 00:32:28,197 MatchingPostProcessor WARNING  Orphan pdf_cell 75 recovered to row=0 by nearest-row fallback (col=0, y=1063.4, dist=457.4)
2026-09-07 00:32:28,197 MatchingPostProcessor WARNING  Orphan pdf_cell 76 recovered to row=0 by nearest-row fallback (col=0, y=1093.4, dist=487.4)
2026-09-07 00:32:28,197 MatchingPostProcessor WARNING  Orphan pdf_cell 77 recovered to row=0 by nearest-row fallback (col=0, y=1093.4, dist=487.4)
2026-09-07 00:32:28,197 MatchingPostProcessor WARNING  Orphan pdf_cell 78 recovered to row=0 by nearest-row fallback (col=0, y=1123.4, dist=517.4)
2026-09-07 00:32:28,197 MatchingPostProcessor WARNING  Orphan pdf_cell 79 recovered to row=0 by nearest-row fallback (col=0, y=1123.4, dist=517.4)
2026-09-07 00:32:28,197 MatchingPostProcessor WARNING  Orphan pdf_cell 80 recovered to row=0 by nearest-row fallback (col=0, y=1123.4, dist=517.4)
2026-09-07 00:32:28,197 MatchingPostProcessor WARNING  Orphan pdf_cell 81 recovered to row=0 by nearest-row fallback (col=0, y=1153.4, dist=547.4)
2026-09-07 00:32:28,197 MatchingPostProcessor WARNING  Orphan pdf_cell 82 recovered to row=0 by nearest-row fallback (col=0, y=1153.4, dist=547.4)
2026-09-07 00:32:28,197 MatchingPostProcessor WARNING  Orphan pdf_cell 83 recovered to row=0 by nearest-row fallback (col=0, y=1153.4, dist=547.4)
2026-09-07 00:32:28,197 MatchingPostProcessor WARNING  Orphan pdf_cell 84 recovered to row=0 by nearest-row fallback (col=0, y=1183.5, dist=577.5)
2026-09-07 00:32:28,197 MatchingPostProcessor WARNING  Orphan pdf_cell 85 recovered to row=0 by nearest-row fallback (col=0, y=1183.5, dist=577.5)
2026-09-07 00:32:28,197 MatchingPostProcessor WARNING  Orphan pdf_cell 86 recovered to row=0 by nearest-row fallback (col=0, y=1183.5, dist=577.5)
2026-09-07 00:32:28,197 MatchingPostProcessor WARNING  Orphan pdf_cell 87 recovered to row=0 by nearest-row fallback (col=0, y=1213.5, dist=607.5)
2026-09-07 00:32:28,197 MatchingPostProcessor WARNING  Orphan pdf_cell 88 recovered to row=0 by nearest-row fallback (col=0, y=1213.5, dist=607.5)
2026-09-07 00:32:28,197 MatchingPostProcessor WARNING  Orphan pdf_cell 89 recovered to row=0 by nearest-row fallback (col=0, y=1213.5, dist=607.5)
2026-09-07 00:32:28,197 MatchingPostProcessor WARNING  Orphan pdf_cell 90 recovered to row=0 by nearest-row fallback (col=0, y=1243.5, dist=637.5)
2026-09-07 00:32:28,197 MatchingPostProcessor WARNING  Orphan pdf_cell 91 recovered to row=0 by nearest-row fallback (col=0, y=1243.5, dist=637.5)
2026-09-07 00:32:28,197 MatchingPostProcessor WARNING  Orphan pdf_cell 92 recovered to row=0 by nearest-row fallback (col=0, y=1243.5, dist=637.5)
2026-09-07 00:32:28,197 MatchingPostProcessor WARNING  Orphan pdf_cell 129 recovered to row=0 by nearest-row fallback (col=1, y=864.7, dist=258.7)
2026-09-07 00:32:28,197 MatchingPostProcessor WARNING  Orphan pdf_cell 130 recovered to row=0 by nearest-row fallback (col=1, y=864.7, dist=258.7)
2026-09-07 00:32:28,197 MatchingPostProcessor WARNING  Orphan pdf_cell 131 recovered to row=0 by nearest-row fallback (col=1, y=864.7, dist=258.7)
2026-09-07 00:32:28,197 MatchingPostProcessor WARNING  Orphan pdf_cell 132 recovered to row=0 by nearest-row fallback (col=1, y=894.7, dist=288.7)
2026-09-07 00:32:28,197 MatchingPostProcessor WARNING  Orphan pdf_cell 133 recovered to row=0 by nearest-row fallback (col=1, y=894.7, dist=288.7)
2026-09-07 00:32:28,197 MatchingPostProcessor WARNING  Orphan pdf_cell 134 recovered to row=0 by nearest-row fallback (col=1, y=924.7, dist=318.7)
2026-09-07 00:32:28,197 MatchingPostProcessor WARNING  Orphan pdf_cell 135 recovered to row=0 by nearest-row fallback (col=1, y=924.7, dist=318.7)
2026-09-07 00:32:28,197 MatchingPostProcessor WARNING  Orphan pdf_cell 136 recovered to row=0 by nearest-row fallback (col=1, y=924.7, dist=318.7)
2026-09-07 00:32:28,198 MatchingPostProcessor WARNING  Orphan pdf_cell 137 recovered to row=0 by nearest-row fallback (col=1, y=954.7, dist=348.7)
2026-09-07 00:32:28,198 MatchingPostProcessor WARNING  Orphan pdf_cell 138 recovered to row=0 by nearest-row fallback (col=1, y=954.7, dist=348.7)
2026-09-07 00:32:28,198 MatchingPostProcessor WARNING  Orphan pdf_cell 139 recovered to row=0 by nearest-row fallback (col=1, y=954.7, dist=348.7)
2026-09-07 00:32:28,198 MatchingPostProcessor WARNING  Orphan pdf_cell 140 recovered to row=0 by nearest-row fallback (col=1, y=984.8, dist=378.8)
2026-09-07 00:32:28,198 MatchingPostProcessor WARNING  Orphan pdf_cell 141 recovered to row=0 by nearest-row fallback (col=1, y=984.8, dist=378.8)
2026-09-07 00:32:28,198 MatchingPostProcessor WARNING  Orphan pdf_cell 142 recovered to row=0 by nearest-row fallback (col=1, y=984.8, dist=378.8)
2026-09-07 00:32:28,198 MatchingPostProcessor WARNING  Orphan pdf_cell 143 recovered to row=0 by nearest-row fallback (col=1, y=1014.8, dist=408.8)
2026-09-07 00:32:28,198 MatchingPostProcessor WARNING  Orphan pdf_cell 144 recovered to row=0 by nearest-row fallback (col=1, y=1014.8, dist=408.8)
2026-09-07 00:32:28,198 MatchingPostProcessor WARNING  Orphan pdf_cell 145 recovered to row=0 by nearest-row fallback (col=1, y=1014.8, dist=408.8)
2026-09-07 00:32:28,198 MatchingPostProcessor WARNING  Orphan pdf_cell 146 recovered to row=0 by nearest-row fallback (col=1, y=1044.8, dist=438.8)
2026-09-07 00:32:28,198 MatchingPostProcessor WARNING  Orphan pdf_cell 147 recovered to row=0 by nearest-row fallback (col=1, y=1044.8, dist=438.8)
2026-09-07 00:32:28,198 MatchingPostProcessor WARNING  Orphan pdf_cell 148 recovered to row=0 by nearest-row fallback (col=1, y=1044.8, dist=438.8)
2026-09-07 00:32:28,198 MatchingPostProcessor WARNING  Orphan pdf_cell 149 recovered to row=0 by nearest-row fallback (col=1, y=1074.8, dist=468.8)
2026-09-07 00:32:28,198 MatchingPostProcessor WARNING  Orphan pdf_cell 150 recovered to row=0 by nearest-row fallback (col=1, y=1074.8, dist=468.8)
2026-09-07 00:32:28,198 MatchingPostProcessor WARNING  Orphan pdf_cell 151 recovered to row=0 by nearest-row fallback (col=1, y=1074.8, dist=468.8)
2026-09-07 00:32:28,198 MatchingPostProcessor WARNING  Orphan pdf_cell 152 recovered to row=0 by nearest-row fallback (col=1, y=1104.8, dist=498.8)
2026-09-07 00:32:28,198 MatchingPostProcessor WARNING  Orphan pdf_cell 153 recovered to row=0 by nearest-row fallback (col=1, y=1104.8, dist=498.8)
2026-09-07 00:32:28,198 MatchingPostProcessor WARNING  Orphan pdf_cell 154 recovered to row=0 by nearest-row fallback (col=1, y=1104.8, dist=498.8)
2026-09-07 00:32:28,198 MatchingPostProcessor WARNING  Orphan pdf_cell 155 recovered to row=0 by nearest-row fallback (col=1, y=1134.8, dist=528.8)
2026-09-07 00:32:28,198 MatchingPostProcessor WARNING  Orphan pdf_cell 156 recovered to row=0 by nearest-row fallback (col=1, y=1134.8, dist=528.8)
2026-09-07 00:32:28,198 MatchingPostProcessor WARNING  Orphan pdf_cell 157 recovered to row=0 by nearest-row fallback (col=1, y=1164.8, dist=558.8)
2026-09-07 00:32:28,198 MatchingPostProcessor WARNING  Orphan pdf_cell 158 recovered to row=0 by nearest-row fallback (col=1, y=1164.8, dist=558.8)
2026-09-07 00:32:28,198 MatchingPostProcessor WARNING  Orphan pdf_cell 159 recovered to row=0 by nearest-row fallback (col=1, y=1194.8, dist=588.8)
2026-09-07 00:32:28,198 MatchingPostProcessor WARNING  Orphan pdf_cell 160 recovered to row=0 by nearest-row fallback (col=1, y=1224.8, dist=618.8)
2026-09-07 00:32:28,198 MatchingPostProcessor WARNING  Orphan pdf_cell 161 recovered to row=0 by nearest-row fallback (col=1, y=1224.8, dist=618.8)
2026-09-07 00:32:28,198 MatchingPostProcessor WARNING  Orphan pdf_cell 162 recovered to row=0 by nearest-row fallback (col=1, y=1224.8, dist=618.8)
2026-09-07 00:32:28,198 MatchingPostProcessor WARNING  Orphan pdf_cell 163 recovered to row=0 by nearest-row fallback (col=1, y=1254.8, dist=648.8)
2026-09-07 00:32:28,198 MatchingPostProcessor WARNING  Orphan pdf_cell 164 recovered to row=0 by nearest-row fallback (col=1, y=1254.8, dist=648.8)
2026-09-07 00:32:28,835 MatchingPostProcessor WARNING  Orphan pdf_cell 40 recovered to row=12 by nearest-row fallback (col=0, y=555.1, dist=19.9)
2026-09-07 00:32:28,835 MatchingPostProcessor WARNING  Orphan pdf_cell 41 recovered to row=12 by nearest-row fallback (col=0, y=555.1, dist=19.9)
2026-09-07 00:32:28,835 MatchingPostProcessor WARNING  Orphan pdf_cell 138 recovered to row=11 by nearest-row fallback (col=1, y=545.0, dist=25.0)
2026-09-07 00:32:28,835 MatchingPostProcessor WARNING  Orphan pdf_cell 139 recovered to row=11 by nearest-row fallback (col=1, y=545.0, dist=25.0)
2026-09-07 00:32:28,835 MatchingPostProcessor WARNING  Orphan pdf_cell 140 recovered to row=11 by nearest-row fallback (col=1, y=545.0, dist=25.0)
2026-09-07 00:32:29,545 MatchingPostProcessor WARNING  Orphan pdf_cell 53 recovered to row=1 by nearest-row fallback (col=0, y=939.0, dist=290.3)
2026-09-07 00:32:29,545 MatchingPostProcessor WARNING  Orphan pdf_cell 54 recovered to row=1 by nearest-row fallback (col=0, y=939.0, dist=290.3)
2026-09-07 00:32:29,545 MatchingPostProcessor WARNING  Orphan pdf_cell 55 recovered to row=1 by nearest-row fallback (col=0, y=939.0, dist=290.3)
2026-09-07 00:32:29,545 MatchingPostProcessor WARNING  Orphan pdf_cell 56 recovered to row=1 by nearest-row fallback (col=0, y=969.0, dist=320.3)
2026-09-07 00:32:29,545 MatchingPostProcessor WARNING  Orphan pdf_cell 57 recovered to row=1 by nearest-row fallback (col=0, y=999.0, dist=350.3)
2026-09-07 00:32:29,545 MatchingPostProcessor WARNING  Orphan pdf_cell 58 recovered to row=1 by nearest-row fallback (col=0, y=999.0, dist=350.3)
2026-09-07 00:32:29,545 MatchingPostProcessor WARNING  Orphan pdf_cell 59 recovered to row=1 by nearest-row fallback (col=0, y=999.0, dist=350.3)
2026-09-07 00:32:29,545 MatchingPostProcessor WARNING  Orphan pdf_cell 60 recovered to row=1 by nearest-row fallback (col=0, y=1029.0, dist=380.3)
2026-09-07 00:32:29,545 MatchingPostProcessor WARNING  Orphan pdf_cell 61 recovered to row=1 by nearest-row fallback (col=0, y=1029.0, dist=380.3)
2026-09-07 00:32:29,545 MatchingPostProcessor WARNING  Orphan pdf_cell 62 recovered to row=1 by nearest-row fallback (col=0, y=1029.0, dist=380.3)
2026-09-07 00:32:29,545 MatchingPostProcessor WARNING  Orphan pdf_cell 63 recovered to row=1 by nearest-row fallback (col=0, y=1029.0, dist=380.3)
2026-09-07 00:32:29,545 MatchingPostProcessor WARNING  Orphan pdf_cell 64 recovered to row=1 by nearest-row fallback (col=0, y=1059.0, dist=410.3)
2026-09-07 00:32:29,545 MatchingPostProcessor WARNING  Orphan pdf_cell 65 recovered to row=1 by nearest-row fallback (col=0, y=1059.0, dist=410.3)
2026-09-07 00:32:29,545 MatchingPostProcessor WARNING  Orphan pdf_cell 66 recovered to row=1 by nearest-row fallback (col=0, y=1059.0, dist=410.3)
2026-09-07 00:32:29,545 MatchingPostProcessor WARNING  Orphan pdf_cell 67 recovered to row=1 by nearest-row fallback (col=0, y=1089.0, dist=440.3)
2026-09-07 00:32:29,545 MatchingPostProcessor WARNING  Orphan pdf_cell 68 recovered to row=1 by nearest-row fallback (col=0, y=1089.0, dist=440.3)
2026-09-07 00:32:29,545 MatchingPostProcessor WARNING  Orphan pdf_cell 69 recovered to row=1 by nearest-row fallback (col=0, y=1119.0, dist=470.3)
2026-09-07 00:32:29,545 MatchingPostProcessor WARNING  Orphan pdf_cell 70 recovered to row=1 by nearest-row fallback (col=0, y=1119.0, dist=470.3)
2026-09-07 00:32:29,545 MatchingPostProcessor WARNING  Orphan pdf_cell 71 recovered to row=1 by nearest-row fallback (col=0, y=1119.0, dist=470.3)
2026-09-07 00:32:29,545 MatchingPostProcessor WARNING  Orphan pdf_cell 72 recovered to row=1 by nearest-row fallback (col=0, y=1149.0, dist=500.3)
2026-09-07 00:32:29,545 MatchingPostProcessor WARNING  Orphan pdf_cell 73 recovered to row=1 by nearest-row fallback (col=0, y=1149.0, dist=500.3)
2026-09-07 00:32:29,545 MatchingPostProcessor WARNING  Orphan pdf_cell 74 recovered to row=1 by nearest-row fallback (col=0, y=1179.0, dist=530.3)
2026-09-07 00:32:29,545 MatchingPostProcessor WARNING  Orphan pdf_cell 75 recovered to row=1 by nearest-row fallback (col=0, y=1179.0, dist=530.3)
2026-09-07 00:32:29,545 MatchingPostProcessor WARNING  Orphan pdf_cell 76 recovered to row=1 by nearest-row fallback (col=0, y=1209.0, dist=560.3)
2026-09-07 00:32:29,545 MatchingPostProcessor WARNING  Orphan pdf_cell 77 recovered to row=1 by nearest-row fallback (col=0, y=1209.0, dist=560.3)
2026-09-07 00:32:29,545 MatchingPostProcessor WARNING  Orphan pdf_cell 78 recovered to row=1 by nearest-row fallback (col=0, y=1239.0, dist=590.3)
2026-09-07 00:32:29,545 MatchingPostProcessor WARNING  Orphan pdf_cell 79 recovered to row=1 by nearest-row fallback (col=0, y=1239.0, dist=590.3)
2026-09-07 00:32:29,545 MatchingPostProcessor WARNING  Orphan pdf_cell 80 recovered to row=1 by nearest-row fallback (col=0, y=1239.0, dist=590.3)
2026-09-07 00:32:29,545 MatchingPostProcessor WARNING  Orphan pdf_cell 81 recovered to row=1 by nearest-row fallback (col=0, y=1269.0, dist=620.3)
2026-09-07 00:32:29,545 MatchingPostProcessor WARNING  Orphan pdf_cell 82 recovered to row=1 by nearest-row fallback (col=0, y=1269.0, dist=620.3)
2026-09-07 00:32:29,545 MatchingPostProcessor WARNING  Orphan pdf_cell 147 recovered to row=1 by nearest-row fallback (col=1, y=909.1, dist=260.4)
2026-09-07 00:32:29,545 MatchingPostProcessor WARNING  Orphan pdf_cell 148 recovered to row=1 by nearest-row fallback (col=1, y=909.1, dist=260.4)
2026-09-07 00:32:29,545 MatchingPostProcessor WARNING  Orphan pdf_cell 149 recovered to row=1 by nearest-row fallback (col=1, y=909.1, dist=260.4)
2026-09-07 00:32:29,545 MatchingPostProcessor WARNING  Orphan pdf_cell 150 recovered to row=1 by nearest-row fallback (col=1, y=939.1, dist=290.4)
2026-09-07 00:32:29,545 MatchingPostProcessor WARNING  Orphan pdf_cell 151 recovered to row=1 by nearest-row fallback (col=1, y=939.1, dist=290.4)
2026-09-07 00:32:29,545 MatchingPostProcessor WARNING  Orphan pdf_cell 152 recovered to row=1 by nearest-row fallback (col=1, y=939.1, dist=290.4)
2026-09-07 00:32:29,545 MatchingPostProcessor WARNING  Orphan pdf_cell 153 recovered to row=1 by nearest-row fallback (col=1, y=969.1, dist=320.4)
2026-09-07 00:32:29,545 MatchingPostProcessor WARNING  Orphan pdf_cell 154 recovered to row=1 by nearest-row fallback (col=1, y=969.1, dist=320.4)
2026-09-07 00:32:29,545 MatchingPostProcessor WARNING  Orphan pdf_cell 155 recovered to row=1 by nearest-row fallback (col=1, y=969.1, dist=320.4)
2026-09-07 00:32:29,545 MatchingPostProcessor WARNING  Orphan pdf_cell 156 recovered to row=1 by nearest-row fallback (col=1, y=999.1, dist=350.4)
2026-09-07 00:32:29,545 MatchingPostProcessor WARNING  Orphan pdf_cell 157 recovered to row=1 by nearest-row fallback (col=1, y=999.1, dist=350.4)
2026-09-07 00:32:29,545 MatchingPostProcessor WARNING  Orphan pdf_cell 158 recovered to row=1 by nearest-row fallback (col=1, y=999.1, dist=350.4)
2026-09-07 00:32:29,545 MatchingPostProcessor WARNING  Orphan pdf_cell 159 recovered to row=1 by nearest-row fallback (col=1, y=1029.1, dist=380.4)
2026-09-07 00:32:29,545 MatchingPostProcessor WARNING  Orphan pdf_cell 160 recovered to row=1 by nearest-row fallback (col=1, y=1029.1, dist=380.4)
2026-09-07 00:32:29,545 MatchingPostProcessor WARNING  Orphan pdf_cell 161 recovered to row=1 by nearest-row fallback (col=1, y=1029.1, dist=380.4)
2026-09-07 00:32:29,545 MatchingPostProcessor WARNING  Orphan pdf_cell 162 recovered to row=1 by nearest-row fallback (col=1, y=1059.1, dist=410.4)
2026-09-07 00:32:29,545 MatchingPostProcessor WARNING  Orphan pdf_cell 163 recovered to row=1 by nearest-row fallback (col=1, y=1059.1, dist=410.4)
2026-09-07 00:32:29,545 MatchingPostProcessor WARNING  Orphan pdf_cell 164 recovered to row=1 by nearest-row fallback (col=1, y=1059.1, dist=410.4)
2026-09-07 00:32:29,545 MatchingPostProcessor WARNING  Orphan pdf_cell 165 recovered to row=1 by nearest-row fallback (col=1, y=1089.1, dist=440.4)
2026-09-07 00:32:29,545 MatchingPostProcessor WARNING  Orphan pdf_cell 166 recovered to row=1 by nearest-row fallback (col=1, y=1089.1, dist=440.4)
2026-09-07 00:32:29,545 MatchingPostProcessor WARNING  Orphan pdf_cell 167 recovered to row=1 by nearest-row fallback (col=1, y=1119.1, dist=470.4)
2026-09-07 00:32:29,545 MatchingPostProcessor WARNING  Orphan pdf_cell 168 recovered to row=1 by nearest-row fallback (col=1, y=1119.1, dist=470.4)
2026-09-07 00:32:29,545 MatchingPostProcessor WARNING  Orphan pdf_cell 169 recovered to row=1 by nearest-row fallback (col=1, y=1195.1, dist=546.4)
2026-09-07 00:32:29,545 MatchingPostProcessor WARNING  Orphan pdf_cell 170 recovered to row=1 by nearest-row fallback (col=1, y=1235.0, dist=586.3)
2026-09-07 00:32:29,546 MatchingPostProcessor WARNING  Orphan pdf_cell 171 recovered to row=1 by nearest-row fallback (col=1, y=1235.0, dist=586.3)
2026-09-07 00:32:29,546 MatchingPostProcessor WARNING  Orphan pdf_cell 172 recovered to row=1 by nearest-row fallback (col=1, y=1235.0, dist=586.3)
2026-09-07 00:32:29,546 MatchingPostProcessor WARNING  Orphan pdf_cell 173 recovered to row=1 by nearest-row fallback (col=1, y=1265.0, dist=616.3)
2026-09-07 00:32:29,546 MatchingPostProcessor WARNING  Orphan pdf_cell 174 recovered to row=1 by nearest-row fallback (col=1, y=1265.0, dist=616.3)
2026-09-07 00:32:36,985 MatchingPostProcessor WARNING  Orphan pdf_cell 18 recovered to row=2 by nearest-row fallback (col=0, y=463.0, dist=60.0)
2026-09-07 00:32:36,985 MatchingPostProcessor WARNING  Orphan pdf_cell 19 recovered to row=2 by nearest-row fallback (col=0, y=463.0, dist=60.0)
2026-09-07 00:32:36,985 MatchingPostProcessor WARNING  Orphan pdf_cell 20 recovered to row=2 by nearest-row fallback (col=0, y=463.0, dist=60.0)
sample-input/pdf/03-JavaScript Data Structures and Algorithms.pdf chunks=385 collection=market_quality_chunks_hybrid json=d4c364f01d91b0fa/docling.json
=== end 2026-09-07T00:34:04+09:00 ===
