parse
Loading weights:   0%|          | 0/770 [00:00<?, ?it/s]Loading weights: 100%|██████████| 770/770 [00:00<00:00, 28336.16it/s]
2026-09-06 22:42:25,832 MatchingPostProcessor WARNING  Orphan pdf_cell 25 recovered to row=5 by nearest-row fallback (col=0, y=294.7, dist=22.0)
2026-09-06 22:42:25,833 MatchingPostProcessor WARNING  Orphan pdf_cell 26 recovered to row=5 by nearest-row fallback (col=0, y=294.7, dist=22.0)
2026-09-06 22:42:25,833 MatchingPostProcessor WARNING  Orphan pdf_cell 27 recovered to row=5 by nearest-row fallback (col=0, y=294.7, dist=22.0)
2026-09-06 22:42:25,833 MatchingPostProcessor WARNING  Orphan pdf_cell 28 recovered to row=5 by nearest-row fallback (col=0, y=294.7, dist=22.0)
2026-09-06 22:42:25,833 MatchingPostProcessor WARNING  Orphan pdf_cell 29 recovered to row=5 by nearest-row fallback (col=1, y=294.7, dist=22.0)
2026-09-06 22:42:25,833 MatchingPostProcessor WARNING  Orphan pdf_cell 118 recovered to row=23 by nearest-row fallback (col=0, y=820.7, dist=22.0)
2026-09-06 22:42:25,833 MatchingPostProcessor WARNING  Orphan pdf_cell 119 recovered to row=23 by nearest-row fallback (col=0, y=820.7, dist=22.0)
2026-09-06 22:42:25,833 MatchingPostProcessor WARNING  Orphan pdf_cell 120 recovered to row=23 by nearest-row fallback (col=0, y=820.7, dist=22.0)
2026-09-06 22:42:25,833 MatchingPostProcessor WARNING  Orphan pdf_cell 121 recovered to row=23 by nearest-row fallback (col=1, y=820.7, dist=22.0)
2026-09-06 22:42:25,833 MatchingPostProcessor WARNING  Orphan pdf_cell 160 recovered to row=33 by nearest-row fallback (col=0, y=1089.9, dist=71.2)
2026-09-06 22:42:25,833 MatchingPostProcessor WARNING  Orphan pdf_cell 161 recovered to row=33 by nearest-row fallback (col=1, y=1089.9, dist=71.2)
2026-09-06 22:42:26,284 MatchingPostProcessor WARNING  Orphan pdf_cell 16 recovered to row=0 by nearest-row fallback (col=0, y=186.2, dist=31.5)
2026-09-06 22:42:28,900 MatchingPostProcessor WARNING  Orphan pdf_cell 51 recovered to row=1 by nearest-row fallback (col=0, y=255.2, dist=21.0)
2026-09-06 22:42:28,900 MatchingPostProcessor WARNING  Orphan pdf_cell 52 recovered to row=1 by nearest-row fallback (col=1, y=255.2, dist=21.0)
2026-09-06 22:42:28,900 MatchingPostProcessor WARNING  Orphan pdf_cell 53 recovered to row=1 by nearest-row fallback (col=2, y=255.2, dist=21.0)
2026-09-06 22:42:28,900 MatchingPostProcessor WARNING  Orphan pdf_cell 54 recovered to row=1 by nearest-row fallback (col=2, y=255.2, dist=21.0)
2026-09-06 22:42:28,900 MatchingPostProcessor WARNING  Orphan pdf_cell 55 recovered to row=1 by nearest-row fallback (col=3, y=255.2, dist=21.0)
2026-09-06 22:42:28,900 MatchingPostProcessor WARNING  Orphan pdf_cell 56 recovered to row=1 by nearest-row fallback (col=3, y=255.2, dist=21.0)
2026-09-06 22:42:28,900 MatchingPostProcessor WARNING  Orphan pdf_cell 117 recovered to row=7 by nearest-row fallback (col=0, y=423.2, dist=21.0)
2026-09-06 22:42:28,900 MatchingPostProcessor WARNING  Orphan pdf_cell 118 recovered to row=7 by nearest-row fallback (col=0, y=423.2, dist=21.0)
2026-09-06 22:42:28,900 MatchingPostProcessor WARNING  Orphan pdf_cell 119 recovered to row=7 by nearest-row fallback (col=1, y=423.2, dist=21.0)
2026-09-06 22:42:43,745 MatchingPostProcessor WARNING  Orphan pdf_cell 128 recovered to row=0 by nearest-row fallback (col=0, y=1030.7, dist=514.5)
2026-09-06 22:42:43,745 MatchingPostProcessor WARNING  Orphan pdf_cell 129 recovered to row=0 by nearest-row fallback (col=0, y=1030.7, dist=514.5)
2026-09-06 22:42:43,745 MatchingPostProcessor WARNING  Orphan pdf_cell 130 recovered to row=0 by nearest-row fallback (col=0, y=1030.7, dist=514.5)
2026-09-06 22:42:43,745 MatchingPostProcessor WARNING  Orphan pdf_cell 131 recovered to row=0 by nearest-row fallback (col=0, y=1030.7, dist=514.5)
2026-09-06 22:42:43,745 MatchingPostProcessor WARNING  Orphan pdf_cell 132 recovered to row=0 by nearest-row fallback (col=0, y=1051.7, dist=535.5)
2026-09-06 22:42:43,745 MatchingPostProcessor WARNING  Orphan pdf_cell 133 recovered to row=0 by nearest-row fallback (col=0, y=1051.7, dist=535.5)
2026-09-06 22:42:43,746 MatchingPostProcessor WARNING  Orphan pdf_cell 134 recovered to row=0 by nearest-row fallback (col=0, y=1072.7, dist=556.5)
2026-09-06 22:42:43,746 MatchingPostProcessor WARNING  Orphan pdf_cell 135 recovered to row=0 by nearest-row fallback (col=0, y=1072.7, dist=556.5)
2026-09-06 22:42:43,746 MatchingPostProcessor WARNING  Orphan pdf_cell 136 recovered to row=0 by nearest-row fallback (col=0, y=1072.7, dist=556.5)
2026-09-06 22:42:43,746 MatchingPostProcessor WARNING  Orphan pdf_cell 137 recovered to row=0 by nearest-row fallback (col=0, y=1093.7, dist=577.5)
2026-09-06 22:42:43,746 MatchingPostProcessor WARNING  Orphan pdf_cell 138 recovered to row=0 by nearest-row fallback (col=0, y=1093.7, dist=577.5)
2026-09-06 22:42:43,746 MatchingPostProcessor WARNING  Orphan pdf_cell 139 recovered to row=0 by nearest-row fallback (col=0, y=1114.7, dist=598.5)
2026-09-06 22:42:43,746 MatchingPostProcessor WARNING  Orphan pdf_cell 140 recovered to row=0 by nearest-row fallback (col=0, y=1114.7, dist=598.5)
2026-09-06 22:42:43,746 MatchingPostProcessor WARNING  Orphan pdf_cell 141 recovered to row=0 by nearest-row fallback (col=0, y=1114.7, dist=598.5)
2026-09-06 22:42:43,746 MatchingPostProcessor WARNING  Orphan pdf_cell 142 recovered to row=0 by nearest-row fallback (col=0, y=1114.7, dist=598.5)
2026-09-06 22:42:43,746 MatchingPostProcessor WARNING  Orphan pdf_cell 143 recovered to row=0 by nearest-row fallback (col=0, y=1135.7, dist=619.5)
2026-09-06 22:42:43,746 MatchingPostProcessor WARNING  Orphan pdf_cell 144 recovered to row=0 by nearest-row fallback (col=0, y=1135.7, dist=619.5)
2026-09-06 22:42:43,746 MatchingPostProcessor WARNING  Orphan pdf_cell 145 recovered to row=0 by nearest-row fallback (col=0, y=1135.7, dist=619.5)
2026-09-06 22:42:43,746 MatchingPostProcessor WARNING  Orphan pdf_cell 146 recovered to row=0 by nearest-row fallback (col=0, y=1135.7, dist=619.5)
2026-09-06 22:42:43,746 MatchingPostProcessor WARNING  Orphan pdf_cell 147 recovered to row=0 by nearest-row fallback (col=0, y=1156.7, dist=640.5)
2026-09-06 22:42:43,746 MatchingPostProcessor WARNING  Orphan pdf_cell 148 recovered to row=0 by nearest-row fallback (col=0, y=1156.7, dist=640.5)
2026-09-06 22:42:43,746 MatchingPostProcessor WARNING  Orphan pdf_cell 149 recovered to row=0 by nearest-row fallback (col=0, y=1156.7, dist=640.5)
2026-09-06 22:42:43,746 MatchingPostProcessor WARNING  Orphan pdf_cell 150 recovered to row=0 by nearest-row fallback (col=0, y=1177.7, dist=661.5)
2026-09-06 22:42:43,747 MatchingPostProcessor WARNING  Orphan pdf_cell 151 recovered to row=0 by nearest-row fallback (col=0, y=1177.7, dist=661.5)
2026-09-06 22:42:43,747 MatchingPostProcessor WARNING  Orphan pdf_cell 152 recovered to row=0 by nearest-row fallback (col=0, y=1177.7, dist=661.5)
2026-09-06 22:42:43,747 MatchingPostProcessor WARNING  Orphan pdf_cell 153 recovered to row=0 by nearest-row fallback (col=0, y=1177.7, dist=661.5)
2026-09-06 22:42:43,747 MatchingPostProcessor WARNING  Orphan pdf_cell 154 recovered to row=0 by nearest-row fallback (col=0, y=1177.7, dist=661.5)
2026-09-06 22:42:43,747 MatchingPostProcessor WARNING  Orphan pdf_cell 155 recovered to row=0 by nearest-row fallback (col=0, y=1198.7, dist=682.5)
2026-09-06 22:42:43,747 MatchingPostProcessor WARNING  Orphan pdf_cell 156 recovered to row=0 by nearest-row fallback (col=0, y=1198.7, dist=682.5)
2026-09-06 22:42:43,747 MatchingPostProcessor WARNING  Orphan pdf_cell 157 recovered to row=0 by nearest-row fallback (col=0, y=1198.7, dist=682.5)
2026-09-06 22:42:43,747 MatchingPostProcessor WARNING  Orphan pdf_cell 158 recovered to row=0 by nearest-row fallback (col=0, y=1198.7, dist=682.5)
2026-09-06 22:42:43,747 MatchingPostProcessor WARNING  Orphan pdf_cell 284 recovered to row=0 by nearest-row fallback (col=1, y=1021.7, dist=505.5)
2026-09-06 22:42:43,747 MatchingPostProcessor WARNING  Orphan pdf_cell 285 recovered to row=0 by nearest-row fallback (col=1, y=1021.7, dist=505.5)
2026-09-06 22:42:43,747 MatchingPostProcessor WARNING  Orphan pdf_cell 286 recovered to row=0 by nearest-row fallback (col=1, y=1021.7, dist=505.5)
2026-09-06 22:42:43,747 MatchingPostProcessor WARNING  Orphan pdf_cell 287 recovered to row=0 by nearest-row fallback (col=1, y=1021.7, dist=505.5)
2026-09-06 22:42:43,747 MatchingPostProcessor WARNING  Orphan pdf_cell 288 recovered to row=0 by nearest-row fallback (col=1, y=1021.7, dist=505.5)
2026-09-06 22:42:43,747 MatchingPostProcessor WARNING  Orphan pdf_cell 289 recovered to row=0 by nearest-row fallback (col=1, y=1042.7, dist=526.5)
2026-09-06 22:42:43,747 MatchingPostProcessor WARNING  Orphan pdf_cell 290 recovered to row=0 by nearest-row fallback (col=1, y=1042.7, dist=526.5)
2026-09-06 22:42:43,747 MatchingPostProcessor WARNING  Orphan pdf_cell 291 recovered to row=0 by nearest-row fallback (col=1, y=1042.7, dist=526.5)
2026-09-06 22:42:43,747 MatchingPostProcessor WARNING  Orphan pdf_cell 292 recovered to row=0 by nearest-row fallback (col=1, y=1042.7, dist=526.5)
2026-09-06 22:42:43,747 MatchingPostProcessor WARNING  Orphan pdf_cell 293 recovered to row=0 by nearest-row fallback (col=1, y=1042.7, dist=526.5)
2026-09-06 22:42:43,748 MatchingPostProcessor WARNING  Orphan pdf_cell 294 recovered to row=0 by nearest-row fallback (col=1, y=1063.7, dist=547.5)
2026-09-06 22:42:43,748 MatchingPostProcessor WARNING  Orphan pdf_cell 295 recovered to row=0 by nearest-row fallback (col=1, y=1063.7, dist=547.5)
2026-09-06 22:42:43,748 MatchingPostProcessor WARNING  Orphan pdf_cell 296 recovered to row=0 by nearest-row fallback (col=1, y=1063.7, dist=547.5)
2026-09-06 22:42:43,748 MatchingPostProcessor WARNING  Orphan pdf_cell 297 recovered to row=0 by nearest-row fallback (col=1, y=1063.7, dist=547.5)
2026-09-06 22:42:43,748 MatchingPostProcessor WARNING  Orphan pdf_cell 298 recovered to row=0 by nearest-row fallback (col=1, y=1084.7, dist=568.5)
2026-09-06 22:42:43,748 MatchingPostProcessor WARNING  Orphan pdf_cell 299 recovered to row=0 by nearest-row fallback (col=1, y=1084.7, dist=568.5)
2026-09-06 22:42:43,748 MatchingPostProcessor WARNING  Orphan pdf_cell 300 recovered to row=0 by nearest-row fallback (col=1, y=1084.7, dist=568.5)
2026-09-06 22:42:43,748 MatchingPostProcessor WARNING  Orphan pdf_cell 301 recovered to row=0 by nearest-row fallback (col=1, y=1084.7, dist=568.5)
2026-09-06 22:42:43,748 MatchingPostProcessor WARNING  Orphan pdf_cell 302 recovered to row=0 by nearest-row fallback (col=1, y=1105.7, dist=589.5)
2026-09-06 22:42:43,748 MatchingPostProcessor WARNING  Orphan pdf_cell 303 recovered to row=0 by nearest-row fallback (col=1, y=1105.7, dist=589.5)
2026-09-06 22:42:43,748 MatchingPostProcessor WARNING  Orphan pdf_cell 304 recovered to row=0 by nearest-row fallback (col=1, y=1126.7, dist=610.5)
2026-09-06 22:42:43,748 MatchingPostProcessor WARNING  Orphan pdf_cell 305 recovered to row=0 by nearest-row fallback (col=1, y=1126.7, dist=610.5)
2026-09-06 22:42:43,748 MatchingPostProcessor WARNING  Orphan pdf_cell 306 recovered to row=0 by nearest-row fallback (col=1, y=1147.7, dist=631.5)
2026-09-06 22:42:43,748 MatchingPostProcessor WARNING  Orphan pdf_cell 307 recovered to row=0 by nearest-row fallback (col=1, y=1147.7, dist=631.5)
2026-09-06 22:42:43,748 MatchingPostProcessor WARNING  Orphan pdf_cell 308 recovered to row=0 by nearest-row fallback (col=1, y=1147.7, dist=631.5)
2026-09-06 22:42:43,748 MatchingPostProcessor WARNING  Orphan pdf_cell 309 recovered to row=0 by nearest-row fallback (col=1, y=1168.7, dist=652.5)
2026-09-06 22:42:43,748 MatchingPostProcessor WARNING  Orphan pdf_cell 310 recovered to row=0 by nearest-row fallback (col=1, y=1189.7, dist=673.5)
2026-09-06 22:42:43,748 MatchingPostProcessor WARNING  Orphan pdf_cell 311 recovered to row=0 by nearest-row fallback (col=1, y=1189.7, dist=673.5)
2026-09-06 22:42:51,065 MatchingPostProcessor WARNING  Orphan pdf_cell 143 recovered to row=1 by nearest-row fallback (col=0, y=1168.7, dist=546.0)
2026-09-06 22:42:51,065 MatchingPostProcessor WARNING  Orphan pdf_cell 144 recovered to row=1 by nearest-row fallback (col=0, y=1168.7, dist=546.0)
2026-09-06 22:42:51,186 MatchingPostProcessor WARNING  Orphan pdf_cell 160 recovered to row=0 by nearest-row fallback (col=0, y=1140.9, dist=557.7)
2026-09-06 22:42:51,186 MatchingPostProcessor WARNING  Orphan pdf_cell 161 recovered to row=0 by nearest-row fallback (col=0, y=1140.9, dist=557.7)
2026-09-06 22:42:51,186 MatchingPostProcessor WARNING  Orphan pdf_cell 162 recovered to row=0 by nearest-row fallback (col=0, y=1140.9, dist=557.7)
2026-09-06 22:42:51,187 MatchingPostProcessor WARNING  Orphan pdf_cell 163 recovered to row=0 by nearest-row fallback (col=0, y=1161.9, dist=578.7)
2026-09-06 22:42:51,187 MatchingPostProcessor WARNING  Orphan pdf_cell 164 recovered to row=0 by nearest-row fallback (col=0, y=1161.9, dist=578.7)
2026-09-06 22:42:51,187 MatchingPostProcessor WARNING  Orphan pdf_cell 165 recovered to row=0 by nearest-row fallback (col=0, y=1162.0, dist=578.7)
2026-09-06 22:42:51,187 MatchingPostProcessor WARNING  Orphan pdf_cell 302 recovered to row=0 by nearest-row fallback (col=1, y=1153.9, dist=570.7)
2026-09-06 22:42:51,187 MatchingPostProcessor WARNING  Orphan pdf_cell 303 recovered to row=0 by nearest-row fallback (col=1, y=1153.9, dist=570.7)
2026-09-06 22:42:51,317 MatchingPostProcessor WARNING  Orphan pdf_cell 146 recovered to row=0 by nearest-row fallback (col=0, y=967.2, dist=466.9)
2026-09-06 22:42:51,318 MatchingPostProcessor WARNING  Orphan pdf_cell 147 recovered to row=0 by nearest-row fallback (col=0, y=967.2, dist=466.9)
2026-09-06 22:42:51,318 MatchingPostProcessor WARNING  Orphan pdf_cell 148 recovered to row=0 by nearest-row fallback (col=0, y=987.7, dist=487.4)
2026-09-06 22:42:51,318 MatchingPostProcessor WARNING  Orphan pdf_cell 149 recovered to row=0 by nearest-row fallback (col=0, y=987.7, dist=487.4)
2026-09-06 22:42:51,318 MatchingPostProcessor WARNING  Orphan pdf_cell 150 recovered to row=0 by nearest-row fallback (col=0, y=987.7, dist=487.4)
2026-09-06 22:42:51,318 MatchingPostProcessor WARNING  Orphan pdf_cell 151 recovered to row=0 by nearest-row fallback (col=0, y=1008.2, dist=507.9)
2026-09-06 22:42:51,318 MatchingPostProcessor WARNING  Orphan pdf_cell 152 recovered to row=0 by nearest-row fallback (col=0, y=1008.2, dist=507.9)
2026-09-06 22:42:51,318 MatchingPostProcessor WARNING  Orphan pdf_cell 153 recovered to row=0 by nearest-row fallback (col=0, y=1008.2, dist=507.9)
2026-09-06 22:42:51,318 MatchingPostProcessor WARNING  Orphan pdf_cell 154 recovered to row=0 by nearest-row fallback (col=0, y=1008.2, dist=507.9)
2026-09-06 22:42:51,318 MatchingPostProcessor WARNING  Orphan pdf_cell 155 recovered to row=0 by nearest-row fallback (col=0, y=1028.7, dist=528.4)
2026-09-06 22:42:51,318 MatchingPostProcessor WARNING  Orphan pdf_cell 156 recovered to row=0 by nearest-row fallback (col=0, y=1049.2, dist=548.9)
2026-09-06 22:42:51,318 MatchingPostProcessor WARNING  Orphan pdf_cell 157 recovered to row=0 by nearest-row fallback (col=0, y=1049.2, dist=548.9)
2026-09-06 22:42:51,318 MatchingPostProcessor WARNING  Orphan pdf_cell 158 recovered to row=0 by nearest-row fallback (col=0, y=1049.2, dist=548.9)
2026-09-06 22:42:51,318 MatchingPostProcessor WARNING  Orphan pdf_cell 159 recovered to row=0 by nearest-row fallback (col=0, y=1069.7, dist=569.4)
2026-09-06 22:42:51,318 MatchingPostProcessor WARNING  Orphan pdf_cell 160 recovered to row=0 by nearest-row fallback (col=0, y=1069.7, dist=569.4)
2026-09-06 22:42:51,319 MatchingPostProcessor WARNING  Orphan pdf_cell 161 recovered to row=0 by nearest-row fallback (col=0, y=1069.7, dist=569.4)
2026-09-06 22:42:51,319 MatchingPostProcessor WARNING  Orphan pdf_cell 162 recovered to row=0 by nearest-row fallback (col=0, y=1069.7, dist=569.4)
2026-09-06 22:42:51,319 MatchingPostProcessor WARNING  Orphan pdf_cell 163 recovered to row=0 by nearest-row fallback (col=0, y=1090.2, dist=589.9)
2026-09-06 22:42:51,319 MatchingPostProcessor WARNING  Orphan pdf_cell 164 recovered to row=0 by nearest-row fallback (col=0, y=1090.2, dist=589.9)
2026-09-06 22:42:51,319 MatchingPostProcessor WARNING  Orphan pdf_cell 165 recovered to row=0 by nearest-row fallback (col=0, y=1110.7, dist=610.4)
2026-09-06 22:42:51,319 MatchingPostProcessor WARNING  Orphan pdf_cell 166 recovered to row=0 by nearest-row fallback (col=0, y=1110.7, dist=610.4)
2026-09-06 22:42:51,319 MatchingPostProcessor WARNING  Orphan pdf_cell 167 recovered to row=0 by nearest-row fallback (col=0, y=1131.2, dist=630.9)
2026-09-06 22:42:51,319 MatchingPostProcessor WARNING  Orphan pdf_cell 168 recovered to row=0 by nearest-row fallback (col=0, y=1131.2, dist=630.9)
2026-09-06 22:42:51,319 MatchingPostProcessor WARNING  Orphan pdf_cell 169 recovered to row=0 by nearest-row fallback (col=0, y=1131.2, dist=630.9)
2026-09-06 22:42:51,319 MatchingPostProcessor WARNING  Orphan pdf_cell 170 recovered to row=0 by nearest-row fallback (col=0, y=1151.7, dist=651.4)
2026-09-06 22:42:51,319 MatchingPostProcessor WARNING  Orphan pdf_cell 171 recovered to row=0 by nearest-row fallback (col=0, y=1151.7, dist=651.4)
2026-09-06 22:42:51,319 MatchingPostProcessor WARNING  Orphan pdf_cell 172 recovered to row=0 by nearest-row fallback (col=0, y=1151.7, dist=651.4)
2026-09-06 22:42:51,319 MatchingPostProcessor WARNING  Orphan pdf_cell 310 recovered to row=0 by nearest-row fallback (col=1, y=962.7, dist=462.4)
2026-09-06 22:42:51,319 MatchingPostProcessor WARNING  Orphan pdf_cell 311 recovered to row=0 by nearest-row fallback (col=1, y=962.7, dist=462.4)
2026-09-06 22:42:51,319 MatchingPostProcessor WARNING  Orphan pdf_cell 312 recovered to row=0 by nearest-row fallback (col=1, y=962.7, dist=462.4)
2026-09-06 22:42:51,319 MatchingPostProcessor WARNING  Orphan pdf_cell 313 recovered to row=0 by nearest-row fallback (col=1, y=962.7, dist=462.4)
2026-09-06 22:42:51,320 MatchingPostProcessor WARNING  Orphan pdf_cell 314 recovered to row=0 by nearest-row fallback (col=1, y=983.2, dist=482.9)
2026-09-06 22:42:51,320 MatchingPostProcessor WARNING  Orphan pdf_cell 315 recovered to row=0 by nearest-row fallback (col=1, y=1004.2, dist=503.9)
2026-09-06 22:42:51,320 MatchingPostProcessor WARNING  Orphan pdf_cell 316 recovered to row=0 by nearest-row fallback (col=1, y=1004.2, dist=503.9)
2026-09-06 22:42:51,320 MatchingPostProcessor WARNING  Orphan pdf_cell 317 recovered to row=0 by nearest-row fallback (col=1, y=1004.2, dist=503.9)
2026-09-06 22:42:51,320 MatchingPostProcessor WARNING  Orphan pdf_cell 318 recovered to row=0 by nearest-row fallback (col=1, y=1004.2, dist=503.9)
2026-09-06 22:42:51,320 MatchingPostProcessor WARNING  Orphan pdf_cell 319 recovered to row=0 by nearest-row fallback (col=1, y=1025.2, dist=524.9)
2026-09-06 22:42:51,320 MatchingPostProcessor WARNING  Orphan pdf_cell 320 recovered to row=0 by nearest-row fallback (col=1, y=1025.2, dist=524.9)
2026-09-06 22:42:51,320 MatchingPostProcessor WARNING  Orphan pdf_cell 321 recovered to row=0 by nearest-row fallback (col=1, y=1025.2, dist=524.9)
2026-09-06 22:42:51,320 MatchingPostProcessor WARNING  Orphan pdf_cell 322 recovered to row=0 by nearest-row fallback (col=1, y=1046.2, dist=545.9)
2026-09-06 22:42:51,320 MatchingPostProcessor WARNING  Orphan pdf_cell 323 recovered to row=0 by nearest-row fallback (col=1, y=1046.2, dist=545.9)
2026-09-06 22:42:51,320 MatchingPostProcessor WARNING  Orphan pdf_cell 324 recovered to row=0 by nearest-row fallback (col=1, y=1046.2, dist=545.9)
2026-09-06 22:42:51,320 MatchingPostProcessor WARNING  Orphan pdf_cell 325 recovered to row=0 by nearest-row fallback (col=1, y=1046.2, dist=545.9)
2026-09-06 22:42:51,320 MatchingPostProcessor WARNING  Orphan pdf_cell 326 recovered to row=0 by nearest-row fallback (col=1, y=1046.2, dist=545.9)
2026-09-06 22:42:51,320 MatchingPostProcessor WARNING  Orphan pdf_cell 327 recovered to row=0 by nearest-row fallback (col=1, y=1066.7, dist=566.4)
2026-09-06 22:42:51,320 MatchingPostProcessor WARNING  Orphan pdf_cell 328 recovered to row=0 by nearest-row fallback (col=1, y=1066.7, dist=566.4)
2026-09-06 22:42:51,320 MatchingPostProcessor WARNING  Orphan pdf_cell 329 recovered to row=0 by nearest-row fallback (col=1, y=1066.7, dist=566.4)
2026-09-06 22:42:51,320 MatchingPostProcessor WARNING  Orphan pdf_cell 330 recovered to row=0 by nearest-row fallback (col=1, y=1066.7, dist=566.4)
2026-09-06 22:42:51,320 MatchingPostProcessor WARNING  Orphan pdf_cell 331 recovered to row=0 by nearest-row fallback (col=1, y=1087.2, dist=586.9)
2026-09-06 22:42:51,320 MatchingPostProcessor WARNING  Orphan pdf_cell 332 recovered to row=0 by nearest-row fallback (col=1, y=1087.2, dist=586.9)
2026-09-06 22:42:51,320 MatchingPostProcessor WARNING  Orphan pdf_cell 333 recovered to row=0 by nearest-row fallback (col=1, y=1107.7, dist=607.4)
2026-09-06 22:42:51,321 MatchingPostProcessor WARNING  Orphan pdf_cell 334 recovered to row=0 by nearest-row fallback (col=1, y=1107.7, dist=607.4)
2026-09-06 22:42:51,321 MatchingPostProcessor WARNING  Orphan pdf_cell 335 recovered to row=0 by nearest-row fallback (col=1, y=1107.7, dist=607.4)
2026-09-06 22:42:51,321 MatchingPostProcessor WARNING  Orphan pdf_cell 336 recovered to row=0 by nearest-row fallback (col=1, y=1128.6, dist=628.3)
2026-09-06 22:42:51,321 MatchingPostProcessor WARNING  Orphan pdf_cell 337 recovered to row=0 by nearest-row fallback (col=1, y=1128.6, dist=628.3)
2026-09-06 22:42:51,321 MatchingPostProcessor WARNING  Orphan pdf_cell 338 recovered to row=0 by nearest-row fallback (col=1, y=1148.7, dist=648.4)
2026-09-06 22:42:51,321 MatchingPostProcessor WARNING  Orphan pdf_cell 339 recovered to row=0 by nearest-row fallback (col=1, y=1148.7, dist=648.4)
2026-09-06 22:42:51,456 MatchingPostProcessor WARNING  Orphan pdf_cell 297 recovered to row=0 by nearest-row fallback (col=1, y=1151.9, dist=537.2)
2026-09-06 22:42:51,456 MatchingPostProcessor WARNING  Orphan pdf_cell 298 recovered to row=0 by nearest-row fallback (col=1, y=1151.9, dist=537.2)
2026-09-06 22:42:51,456 MatchingPostProcessor WARNING  Orphan pdf_cell 299 recovered to row=0 by nearest-row fallback (col=1, y=1151.9, dist=537.2)
2026-09-06 22:42:51,577 MatchingPostProcessor WARNING  Orphan pdf_cell 137 recovered to row=0 by nearest-row fallback (col=0, y=1160.7, dist=548.5)
2026-09-06 22:42:51,577 MatchingPostProcessor WARNING  Orphan pdf_cell 138 recovered to row=0 by nearest-row fallback (col=0, y=1160.7, dist=548.5)
2026-09-06 22:42:51,577 MatchingPostProcessor WARNING  Orphan pdf_cell 290 recovered to row=0 by nearest-row fallback (col=1, y=1147.7, dist=535.5)
2026-09-06 22:42:51,577 MatchingPostProcessor WARNING  Orphan pdf_cell 291 recovered to row=0 by nearest-row fallback (col=1, y=1147.7, dist=535.5)
2026-09-06 22:42:51,577 MatchingPostProcessor WARNING  Orphan pdf_cell 292 recovered to row=0 by nearest-row fallback (col=1, y=1147.7, dist=535.5)
2026-09-06 22:42:51,577 MatchingPostProcessor WARNING  Orphan pdf_cell 293 recovered to row=0 by nearest-row fallback (col=1, y=1168.7, dist=556.5)
2026-09-06 22:42:51,577 MatchingPostProcessor WARNING  Orphan pdf_cell 294 recovered to row=0 by nearest-row fallback (col=1, y=1168.7, dist=556.5)
2026-09-06 22:42:58,706 MatchingPostProcessor WARNING  Orphan pdf_cell 287 recovered to col=2 by nearest-column fallback (row=41, x=728.6, dist=388.5)
2026-09-06 22:42:58,706 MatchingPostProcessor WARNING  Orphan pdf_cell 303 recovered to col=2 by nearest-column fallback (row=46, x=728.6, dist=388.5)
2026-09-06 22:42:58,891 MatchingPostProcessor WARNING  Orphan pdf_cell 164 recovered to row=0 by nearest-row fallback (col=0, y=1147.7, dist=564.7)
2026-09-06 22:42:58,891 MatchingPostProcessor WARNING  Orphan pdf_cell 165 recovered to row=0 by nearest-row fallback (col=0, y=1147.7, dist=564.7)
2026-09-06 22:42:58,891 MatchingPostProcessor WARNING  Orphan pdf_cell 166 recovered to row=0 by nearest-row fallback (col=0, y=1168.7, dist=585.7)
2026-09-06 22:42:58,891 MatchingPostProcessor WARNING  Orphan pdf_cell 167 recovered to row=0 by nearest-row fallback (col=0, y=1168.7, dist=585.7)
2026-09-06 22:42:58,891 MatchingPostProcessor WARNING  Orphan pdf_cell 316 recovered to row=0 by nearest-row fallback (col=1, y=1135.7, dist=552.7)
2026-09-06 22:42:58,891 MatchingPostProcessor WARNING  Orphan pdf_cell 317 recovered to row=0 by nearest-row fallback (col=1, y=1135.7, dist=552.7)
2026-09-06 22:42:58,891 MatchingPostProcessor WARNING  Orphan pdf_cell 318 recovered to row=0 by nearest-row fallback (col=1, y=1135.7, dist=552.7)
2026-09-06 22:42:58,892 MatchingPostProcessor WARNING  Orphan pdf_cell 319 recovered to row=0 by nearest-row fallback (col=1, y=1135.7, dist=552.7)
2026-09-06 22:42:58,892 MatchingPostProcessor WARNING  Orphan pdf_cell 320 recovered to row=0 by nearest-row fallback (col=1, y=1135.7, dist=552.7)
2026-09-06 22:42:58,892 MatchingPostProcessor WARNING  Orphan pdf_cell 321 recovered to row=0 by nearest-row fallback (col=1, y=1156.7, dist=573.7)
2026-09-06 22:42:58,892 MatchingPostProcessor WARNING  Orphan pdf_cell 322 recovered to row=0 by nearest-row fallback (col=1, y=1156.7, dist=573.7)
2026-09-06 22:42:58,892 MatchingPostProcessor WARNING  Orphan pdf_cell 323 recovered to row=0 by nearest-row fallback (col=1, y=1156.7, dist=573.7)
2026-09-06 22:42:58,892 MatchingPostProcessor WARNING  Orphan pdf_cell 324 recovered to row=0 by nearest-row fallback (col=1, y=1177.7, dist=594.7)
2026-09-06 22:42:58,892 MatchingPostProcessor WARNING  Orphan pdf_cell 325 recovered to row=0 by nearest-row fallback (col=1, y=1177.7, dist=594.7)
2026-09-06 22:42:58,892 MatchingPostProcessor WARNING  Orphan pdf_cell 326 recovered to row=0 by nearest-row fallback (col=1, y=1177.7, dist=594.7)
2026-09-06 22:43:06,258 MatchingPostProcessor WARNING  Orphan pdf_cell 297 recovered to col=2 by nearest-column fallback (row=33, x=721.4, dist=287.2)
2026-09-06 22:43:06,469 MatchingPostProcessor WARNING  Orphan pdf_cell 70 recovered to row=1 by nearest-row fallback (col=0, y=572.7, dist=258.1)
2026-09-06 22:43:06,469 MatchingPostProcessor WARNING  Orphan pdf_cell 71 recovered to row=1 by nearest-row fallback (col=0, y=572.7, dist=258.1)
2026-09-06 22:43:06,469 MatchingPostProcessor WARNING  Orphan pdf_cell 72 recovered to row=1 by nearest-row fallback (col=0, y=593.7, dist=279.1)
2026-09-06 22:43:06,469 MatchingPostProcessor WARNING  Orphan pdf_cell 73 recovered to row=1 by nearest-row fallback (col=0, y=593.7, dist=279.1)
2026-09-06 22:43:06,469 MatchingPostProcessor WARNING  Orphan pdf_cell 74 recovered to row=1 by nearest-row fallback (col=0, y=593.7, dist=279.1)
2026-09-06 22:43:06,469 MatchingPostProcessor WARNING  Orphan pdf_cell 75 recovered to row=1 by nearest-row fallback (col=0, y=614.7, dist=300.1)
2026-09-06 22:43:06,469 MatchingPostProcessor WARNING  Orphan pdf_cell 76 recovered to row=1 by nearest-row fallback (col=0, y=614.7, dist=300.1)
2026-09-06 22:43:06,469 MatchingPostProcessor WARNING  Orphan pdf_cell 77 recovered to row=1 by nearest-row fallback (col=0, y=635.7, dist=321.1)
2026-09-06 22:43:06,469 MatchingPostProcessor WARNING  Orphan pdf_cell 78 recovered to row=1 by nearest-row fallback (col=0, y=656.7, dist=342.1)
2026-09-06 22:43:06,469 MatchingPostProcessor WARNING  Orphan pdf_cell 79 recovered to row=1 by nearest-row fallback (col=0, y=656.7, dist=342.1)
2026-09-06 22:43:06,469 MatchingPostProcessor WARNING  Orphan pdf_cell 80 recovered to row=1 by nearest-row fallback (col=0, y=656.7, dist=342.1)
2026-09-06 22:43:06,469 MatchingPostProcessor WARNING  Orphan pdf_cell 81 recovered to row=1 by nearest-row fallback (col=0, y=677.7, dist=363.1)
2026-09-06 22:43:06,469 MatchingPostProcessor WARNING  Orphan pdf_cell 82 recovered to row=1 by nearest-row fallback (col=0, y=677.7, dist=363.1)
2026-09-06 22:43:06,469 MatchingPostProcessor WARNING  Orphan pdf_cell 83 recovered to row=1 by nearest-row fallback (col=0, y=677.7, dist=363.1)
2026-09-06 22:43:06,469 MatchingPostProcessor WARNING  Orphan pdf_cell 84 recovered to row=1 by nearest-row fallback (col=0, y=698.7, dist=384.1)
2026-09-06 22:43:06,469 MatchingPostProcessor WARNING  Orphan pdf_cell 85 recovered to row=1 by nearest-row fallback (col=0, y=698.7, dist=384.1)
2026-09-06 22:43:06,469 MatchingPostProcessor WARNING  Orphan pdf_cell 86 recovered to row=1 by nearest-row fallback (col=0, y=719.7, dist=405.1)
2026-09-06 22:43:06,469 MatchingPostProcessor WARNING  Orphan pdf_cell 87 recovered to row=1 by nearest-row fallback (col=0, y=719.7, dist=405.1)
2026-09-06 22:43:06,469 MatchingPostProcessor WARNING  Orphan pdf_cell 88 recovered to row=1 by nearest-row fallback (col=0, y=719.7, dist=405.1)
2026-09-06 22:43:06,469 MatchingPostProcessor WARNING  Orphan pdf_cell 89 recovered to row=1 by nearest-row fallback (col=0, y=740.7, dist=426.1)
2026-09-06 22:43:06,469 MatchingPostProcessor WARNING  Orphan pdf_cell 90 recovered to row=1 by nearest-row fallback (col=0, y=761.7, dist=447.1)
2026-09-06 22:43:06,470 MatchingPostProcessor WARNING  Orphan pdf_cell 91 recovered to row=1 by nearest-row fallback (col=0, y=761.7, dist=447.1)
2026-09-06 22:43:06,470 MatchingPostProcessor WARNING  Orphan pdf_cell 92 recovered to row=1 by nearest-row fallback (col=0, y=782.7, dist=468.1)
2026-09-06 22:43:06,470 MatchingPostProcessor WARNING  Orphan pdf_cell 93 recovered to row=1 by nearest-row fallback (col=0, y=782.7, dist=468.1)
2026-09-06 22:43:06,470 MatchingPostProcessor WARNING  Orphan pdf_cell 94 recovered to row=1 by nearest-row fallback (col=0, y=803.7, dist=489.1)
2026-09-06 22:43:06,470 MatchingPostProcessor WARNING  Orphan pdf_cell 95 recovered to row=1 by nearest-row fallback (col=0, y=803.7, dist=489.1)
2026-09-06 22:43:06,470 MatchingPostProcessor WARNING  Orphan pdf_cell 96 recovered to row=1 by nearest-row fallback (col=0, y=824.7, dist=510.1)
2026-09-06 22:43:06,470 MatchingPostProcessor WARNING  Orphan pdf_cell 97 recovered to row=1 by nearest-row fallback (col=0, y=824.7, dist=510.1)
2026-09-06 22:43:06,470 MatchingPostProcessor WARNING  Orphan pdf_cell 98 recovered to row=1 by nearest-row fallback (col=0, y=824.7, dist=510.1)
2026-09-06 22:43:06,470 MatchingPostProcessor WARNING  Orphan pdf_cell 99 recovered to row=1 by nearest-row fallback (col=0, y=845.7, dist=531.1)
2026-09-06 22:43:06,470 MatchingPostProcessor WARNING  Orphan pdf_cell 100 recovered to row=1 by nearest-row fallback (col=0, y=845.7, dist=531.1)
2026-09-06 22:43:06,470 MatchingPostProcessor WARNING  Orphan pdf_cell 101 recovered to row=1 by nearest-row fallback (col=0, y=845.7, dist=531.1)
2026-09-06 22:43:06,470 MatchingPostProcessor WARNING  Orphan pdf_cell 102 recovered to row=1 by nearest-row fallback (col=0, y=845.7, dist=531.1)
2026-09-06 22:43:06,470 MatchingPostProcessor WARNING  Orphan pdf_cell 103 recovered to row=1 by nearest-row fallback (col=0, y=866.7, dist=552.1)
2026-09-06 22:43:06,470 MatchingPostProcessor WARNING  Orphan pdf_cell 104 recovered to row=1 by nearest-row fallback (col=0, y=866.7, dist=552.1)
2026-09-06 22:43:06,470 MatchingPostProcessor WARNING  Orphan pdf_cell 105 recovered to row=1 by nearest-row fallback (col=0, y=887.7, dist=573.1)
2026-09-06 22:43:06,470 MatchingPostProcessor WARNING  Orphan pdf_cell 106 recovered to row=1 by nearest-row fallback (col=0, y=887.7, dist=573.1)
2026-09-06 22:43:06,470 MatchingPostProcessor WARNING  Orphan pdf_cell 107 recovered to row=1 by nearest-row fallback (col=0, y=887.7, dist=573.1)
2026-09-06 22:43:06,470 MatchingPostProcessor WARNING  Orphan pdf_cell 108 recovered to row=1 by nearest-row fallback (col=0, y=887.7, dist=573.1)
2026-09-06 22:43:06,470 MatchingPostProcessor WARNING  Orphan pdf_cell 109 recovered to row=1 by nearest-row fallback (col=0, y=887.7, dist=573.1)
2026-09-06 22:43:06,470 MatchingPostProcessor WARNING  Orphan pdf_cell 110 recovered to row=1 by nearest-row fallback (col=0, y=908.7, dist=594.1)
2026-09-06 22:43:06,470 MatchingPostProcessor WARNING  Orphan pdf_cell 111 recovered to row=1 by nearest-row fallback (col=0, y=908.7, dist=594.1)
2026-09-06 22:43:06,470 MatchingPostProcessor WARNING  Orphan pdf_cell 112 recovered to row=1 by nearest-row fallback (col=0, y=908.7, dist=594.1)
2026-09-06 22:43:06,470 MatchingPostProcessor WARNING  Orphan pdf_cell 113 recovered to row=1 by nearest-row fallback (col=0, y=908.7, dist=594.1)
2026-09-06 22:43:06,471 MatchingPostProcessor WARNING  Orphan pdf_cell 114 recovered to row=1 by nearest-row fallback (col=0, y=908.7, dist=594.1)
2026-09-06 22:43:06,471 MatchingPostProcessor WARNING  Orphan pdf_cell 115 recovered to row=1 by nearest-row fallback (col=0, y=929.7, dist=615.1)
2026-09-06 22:43:06,471 MatchingPostProcessor WARNING  Orphan pdf_cell 116 recovered to row=1 by nearest-row fallback (col=0, y=929.7, dist=615.1)
2026-09-06 22:43:06,471 MatchingPostProcessor WARNING  Orphan pdf_cell 117 recovered to row=1 by nearest-row fallback (col=0, y=929.7, dist=615.1)
2026-09-06 22:43:06,471 MatchingPostProcessor WARNING  Orphan pdf_cell 118 recovered to row=1 by nearest-row fallback (col=0, y=929.7, dist=615.1)
2026-09-06 22:43:06,471 MatchingPostProcessor WARNING  Orphan pdf_cell 119 recovered to row=1 by nearest-row fallback (col=0, y=929.7, dist=615.1)
2026-09-06 22:43:06,471 MatchingPostProcessor WARNING  Orphan pdf_cell 120 recovered to row=1 by nearest-row fallback (col=0, y=950.7, dist=636.1)
2026-09-06 22:43:06,471 MatchingPostProcessor WARNING  Orphan pdf_cell 121 recovered to row=1 by nearest-row fallback (col=0, y=950.7, dist=636.1)
2026-09-06 22:43:06,471 MatchingPostProcessor WARNING  Orphan pdf_cell 122 recovered to row=1 by nearest-row fallback (col=0, y=950.7, dist=636.1)
2026-09-06 22:43:06,471 MatchingPostProcessor WARNING  Orphan pdf_cell 123 recovered to row=1 by nearest-row fallback (col=0, y=950.7, dist=636.1)
2026-09-06 22:43:06,471 MatchingPostProcessor WARNING  Orphan pdf_cell 124 recovered to row=1 by nearest-row fallback (col=0, y=971.7, dist=657.1)
2026-09-06 22:43:06,471 MatchingPostProcessor WARNING  Orphan pdf_cell 125 recovered to row=1 by nearest-row fallback (col=0, y=971.7, dist=657.1)
2026-09-06 22:43:06,471 MatchingPostProcessor WARNING  Orphan pdf_cell 126 recovered to row=1 by nearest-row fallback (col=0, y=992.7, dist=678.1)
2026-09-06 22:43:06,471 MatchingPostProcessor WARNING  Orphan pdf_cell 127 recovered to row=1 by nearest-row fallback (col=0, y=992.7, dist=678.1)
2026-09-06 22:43:06,471 MatchingPostProcessor WARNING  Orphan pdf_cell 128 recovered to row=1 by nearest-row fallback (col=0, y=992.7, dist=678.1)
2026-09-06 22:43:06,471 MatchingPostProcessor WARNING  Orphan pdf_cell 129 recovered to row=1 by nearest-row fallback (col=0, y=992.7, dist=678.1)
2026-09-06 22:43:06,471 MatchingPostProcessor WARNING  Orphan pdf_cell 130 recovered to row=1 by nearest-row fallback (col=0, y=1013.7, dist=699.1)
2026-09-06 22:43:06,471 MatchingPostProcessor WARNING  Orphan pdf_cell 131 recovered to row=1 by nearest-row fallback (col=0, y=1013.7, dist=699.1)
2026-09-06 22:43:06,471 MatchingPostProcessor WARNING  Orphan pdf_cell 132 recovered to row=1 by nearest-row fallback (col=0, y=1034.7, dist=720.1)
2026-09-06 22:43:06,471 MatchingPostProcessor WARNING  Orphan pdf_cell 133 recovered to row=1 by nearest-row fallback (col=0, y=1034.7, dist=720.1)
2026-09-06 22:43:06,471 MatchingPostProcessor WARNING  Orphan pdf_cell 134 recovered to row=1 by nearest-row fallback (col=0, y=1034.7, dist=720.1)
2026-09-06 22:43:06,471 MatchingPostProcessor WARNING  Orphan pdf_cell 135 recovered to row=1 by nearest-row fallback (col=0, y=1055.7, dist=741.1)
2026-09-06 22:43:06,472 MatchingPostProcessor WARNING  Orphan pdf_cell 136 recovered to row=1 by nearest-row fallback (col=0, y=1055.7, dist=741.1)
2026-09-06 22:43:06,472 MatchingPostProcessor WARNING  Orphan pdf_cell 137 recovered to row=1 by nearest-row fallback (col=0, y=1055.7, dist=741.1)
2026-09-06 22:43:06,472 MatchingPostProcessor WARNING  Orphan pdf_cell 138 recovered to row=1 by nearest-row fallback (col=0, y=1076.7, dist=762.1)
2026-09-06 22:43:06,472 MatchingPostProcessor WARNING  Orphan pdf_cell 139 recovered to row=1 by nearest-row fallback (col=0, y=1076.7, dist=762.1)
2026-09-06 22:43:06,472 MatchingPostProcessor WARNING  Orphan pdf_cell 140 recovered to row=1 by nearest-row fallback (col=0, y=1076.7, dist=762.1)
2026-09-06 22:43:06,472 MatchingPostProcessor WARNING  Orphan pdf_cell 141 recovered to row=1 by nearest-row fallback (col=0, y=1076.7, dist=762.1)
2026-09-06 22:43:06,472 MatchingPostProcessor WARNING  Orphan pdf_cell 142 recovered to row=1 by nearest-row fallback (col=0, y=1076.7, dist=762.1)
2026-09-06 22:43:06,472 MatchingPostProcessor WARNING  Orphan pdf_cell 143 recovered to row=1 by nearest-row fallback (col=0, y=1097.7, dist=783.1)
2026-09-06 22:43:06,472 MatchingPostProcessor WARNING  Orphan pdf_cell 144 recovered to row=1 by nearest-row fallback (col=0, y=1097.7, dist=783.1)
2026-09-06 22:43:06,472 MatchingPostProcessor WARNING  Orphan pdf_cell 145 recovered to row=1 by nearest-row fallback (col=0, y=1097.7, dist=783.1)
2026-09-06 22:43:06,472 MatchingPostProcessor WARNING  Orphan pdf_cell 146 recovered to row=1 by nearest-row fallback (col=0, y=1097.7, dist=783.1)
2026-09-06 22:43:06,472 MatchingPostProcessor WARNING  Orphan pdf_cell 147 recovered to row=1 by nearest-row fallback (col=0, y=1118.7, dist=804.1)
2026-09-06 22:43:06,472 MatchingPostProcessor WARNING  Orphan pdf_cell 148 recovered to row=1 by nearest-row fallback (col=0, y=1118.7, dist=804.1)
2026-09-06 22:43:06,472 MatchingPostProcessor WARNING  Orphan pdf_cell 149 recovered to row=1 by nearest-row fallback (col=0, y=1118.7, dist=804.1)
2026-09-06 22:43:06,472 MatchingPostProcessor WARNING  Orphan pdf_cell 150 recovered to row=1 by nearest-row fallback (col=0, y=1139.7, dist=825.1)
2026-09-06 22:43:06,472 MatchingPostProcessor WARNING  Orphan pdf_cell 151 recovered to row=1 by nearest-row fallback (col=0, y=1139.7, dist=825.1)
2026-09-06 22:43:06,472 MatchingPostProcessor WARNING  Orphan pdf_cell 152 recovered to row=1 by nearest-row fallback (col=0, y=1139.7, dist=825.1)
2026-09-06 22:43:06,472 MatchingPostProcessor WARNING  Orphan pdf_cell 153 recovered to row=1 by nearest-row fallback (col=0, y=1139.7, dist=825.1)
2026-09-06 22:43:06,472 MatchingPostProcessor WARNING  Orphan pdf_cell 154 recovered to row=1 by nearest-row fallback (col=0, y=1160.7, dist=846.1)
2026-09-06 22:43:06,472 MatchingPostProcessor WARNING  Orphan pdf_cell 155 recovered to row=1 by nearest-row fallback (col=0, y=1160.7, dist=846.1)
2026-09-06 22:43:06,472 MatchingPostProcessor WARNING  Orphan pdf_cell 156 recovered to row=1 by nearest-row fallback (col=0, y=1181.7, dist=867.1)
2026-09-06 22:43:06,472 MatchingPostProcessor WARNING  Orphan pdf_cell 157 recovered to row=1 by nearest-row fallback (col=0, y=1181.7, dist=867.1)
2026-09-06 22:43:06,472 MatchingPostProcessor WARNING  Orphan pdf_cell 158 recovered to row=1 by nearest-row fallback (col=0, y=1181.7, dist=867.1)
2026-09-06 22:43:06,472 MatchingPostProcessor WARNING  Orphan pdf_cell 159 recovered to row=1 by nearest-row fallback (col=0, y=1181.7, dist=867.1)
2026-09-06 22:43:06,473 MatchingPostProcessor WARNING  Orphan pdf_cell 160 recovered to row=1 by nearest-row fallback (col=0, y=1181.7, dist=867.1)
2026-09-06 22:43:06,473 MatchingPostProcessor WARNING  Orphan pdf_cell 161 recovered to row=1 by nearest-row fallback (col=0, y=1181.7, dist=867.1)
2026-09-06 22:43:06,473 MatchingPostProcessor WARNING  Orphan pdf_cell 229 recovered to row=1 by nearest-row fallback (col=1, y=569.7, dist=255.1)
2026-09-06 22:43:06,473 MatchingPostProcessor WARNING  Orphan pdf_cell 230 recovered to row=1 by nearest-row fallback (col=1, y=569.7, dist=255.1)
2026-09-06 22:43:06,473 MatchingPostProcessor WARNING  Orphan pdf_cell 231 recovered to row=1 by nearest-row fallback (col=1, y=569.7, dist=255.1)
2026-09-06 22:43:06,473 MatchingPostProcessor WARNING  Orphan pdf_cell 232 recovered to row=1 by nearest-row fallback (col=1, y=569.7, dist=255.1)
2026-09-06 22:43:06,473 MatchingPostProcessor WARNING  Orphan pdf_cell 233 recovered to row=1 by nearest-row fallback (col=1, y=590.7, dist=276.1)
2026-09-06 22:43:06,473 MatchingPostProcessor WARNING  Orphan pdf_cell 234 recovered to row=1 by nearest-row fallback (col=1, y=590.7, dist=276.1)
2026-09-06 22:43:06,473 MatchingPostProcessor WARNING  Orphan pdf_cell 235 recovered to row=1 by nearest-row fallback (col=1, y=590.7, dist=276.1)
2026-09-06 22:43:06,473 MatchingPostProcessor WARNING  Orphan pdf_cell 236 recovered to row=1 by nearest-row fallback (col=1, y=611.7, dist=297.1)
2026-09-06 22:43:06,473 MatchingPostProcessor WARNING  Orphan pdf_cell 237 recovered to row=1 by nearest-row fallback (col=1, y=611.7, dist=297.1)
2026-09-06 22:43:06,473 MatchingPostProcessor WARNING  Orphan pdf_cell 238 recovered to row=1 by nearest-row fallback (col=1, y=611.7, dist=297.1)
2026-09-06 22:43:06,473 MatchingPostProcessor WARNING  Orphan pdf_cell 239 recovered to row=1 by nearest-row fallback (col=1, y=611.7, dist=297.1)
2026-09-06 22:43:06,473 MatchingPostProcessor WARNING  Orphan pdf_cell 240 recovered to row=1 by nearest-row fallback (col=1, y=632.7, dist=318.1)
2026-09-06 22:43:06,473 MatchingPostProcessor WARNING  Orphan pdf_cell 241 recovered to row=1 by nearest-row fallback (col=1, y=632.7, dist=318.1)
2026-09-06 22:43:06,473 MatchingPostProcessor WARNING  Orphan pdf_cell 242 recovered to row=1 by nearest-row fallback (col=1, y=632.7, dist=318.1)
2026-09-06 22:43:06,473 MatchingPostProcessor WARNING  Orphan pdf_cell 243 recovered to row=1 by nearest-row fallback (col=1, y=632.7, dist=318.1)
2026-09-06 22:43:06,473 MatchingPostProcessor WARNING  Orphan pdf_cell 244 recovered to row=1 by nearest-row fallback (col=1, y=632.7, dist=318.1)
2026-09-06 22:43:06,473 MatchingPostProcessor WARNING  Orphan pdf_cell 245 recovered to row=1 by nearest-row fallback (col=1, y=632.7, dist=318.1)
2026-09-06 22:43:06,473 MatchingPostProcessor WARNING  Orphan pdf_cell 246 recovered to row=1 by nearest-row fallback (col=1, y=653.7, dist=339.1)
2026-09-06 22:43:06,473 MatchingPostProcessor WARNING  Orphan pdf_cell 247 recovered to row=1 by nearest-row fallback (col=1, y=674.7, dist=360.1)
2026-09-06 22:43:06,473 MatchingPostProcessor WARNING  Orphan pdf_cell 248 recovered to row=1 by nearest-row fallback (col=1, y=674.7, dist=360.1)
2026-09-06 22:43:06,473 MatchingPostProcessor WARNING  Orphan pdf_cell 249 recovered to row=1 by nearest-row fallback (col=1, y=695.7, dist=381.1)
2026-09-06 22:43:06,473 MatchingPostProcessor WARNING  Orphan pdf_cell 250 recovered to row=1 by nearest-row fallback (col=1, y=716.7, dist=402.1)
2026-09-06 22:43:06,473 MatchingPostProcessor WARNING  Orphan pdf_cell 251 recovered to row=1 by nearest-row fallback (col=1, y=716.7, dist=402.1)
2026-09-06 22:43:06,474 MatchingPostProcessor WARNING  Orphan pdf_cell 252 recovered to row=1 by nearest-row fallback (col=1, y=764.0, dist=449.3)
2026-09-06 22:43:06,474 MatchingPostProcessor WARNING  Orphan pdf_cell 253 recovered to row=1 by nearest-row fallback (col=1, y=792.7, dist=478.1)
2026-09-06 22:43:06,474 MatchingPostProcessor WARNING  Orphan pdf_cell 254 recovered to row=1 by nearest-row fallback (col=1, y=792.7, dist=478.1)
2026-09-06 22:43:06,474 MatchingPostProcessor WARNING  Orphan pdf_cell 255 recovered to row=1 by nearest-row fallback (col=1, y=792.7, dist=478.1)
2026-09-06 22:43:06,474 MatchingPostProcessor WARNING  Orphan pdf_cell 256 recovered to row=1 by nearest-row fallback (col=1, y=792.7, dist=478.1)
2026-09-06 22:43:06,474 MatchingPostProcessor WARNING  Orphan pdf_cell 257 recovered to row=1 by nearest-row fallback (col=1, y=792.7, dist=478.1)
2026-09-06 22:43:06,474 MatchingPostProcessor WARNING  Orphan pdf_cell 258 recovered to row=1 by nearest-row fallback (col=1, y=814.1, dist=499.5)
2026-09-06 22:43:06,474 MatchingPostProcessor WARNING  Orphan pdf_cell 259 recovered to row=1 by nearest-row fallback (col=1, y=813.7, dist=499.1)
2026-09-06 22:43:06,474 MatchingPostProcessor WARNING  Orphan pdf_cell 260 recovered to row=1 by nearest-row fallback (col=1, y=813.7, dist=499.1)
2026-09-06 22:43:06,474 MatchingPostProcessor WARNING  Orphan pdf_cell 261 recovered to row=1 by nearest-row fallback (col=1, y=813.7, dist=499.1)
2026-09-06 22:43:06,474 MatchingPostProcessor WARNING  Orphan pdf_cell 262 recovered to row=1 by nearest-row fallback (col=1, y=813.7, dist=499.1)
2026-09-06 22:43:06,474 MatchingPostProcessor WARNING  Orphan pdf_cell 263 recovered to row=1 by nearest-row fallback (col=1, y=834.7, dist=520.1)
2026-09-06 22:43:06,474 MatchingPostProcessor WARNING  Orphan pdf_cell 264 recovered to row=1 by nearest-row fallback (col=1, y=834.7, dist=520.1)
2026-09-06 22:43:06,474 MatchingPostProcessor WARNING  Orphan pdf_cell 265 recovered to row=1 by nearest-row fallback (col=1, y=834.7, dist=520.1)
2026-09-06 22:43:06,474 MatchingPostProcessor WARNING  Orphan pdf_cell 266 recovered to row=1 by nearest-row fallback (col=1, y=855.7, dist=541.1)
2026-09-06 22:43:06,474 MatchingPostProcessor WARNING  Orphan pdf_cell 267 recovered to row=1 by nearest-row fallback (col=1, y=855.7, dist=541.1)
2026-09-06 22:43:06,474 MatchingPostProcessor WARNING  Orphan pdf_cell 268 recovered to row=1 by nearest-row fallback (col=1, y=855.7, dist=541.1)
2026-09-06 22:43:06,474 MatchingPostProcessor WARNING  Orphan pdf_cell 269 recovered to row=1 by nearest-row fallback (col=1, y=855.7, dist=541.1)
2026-09-06 22:43:06,474 MatchingPostProcessor WARNING  Orphan pdf_cell 270 recovered to row=1 by nearest-row fallback (col=1, y=855.7, dist=541.1)
2026-09-06 22:43:06,474 MatchingPostProcessor WARNING  Orphan pdf_cell 271 recovered to row=1 by nearest-row fallback (col=1, y=876.7, dist=562.1)
2026-09-06 22:43:06,474 MatchingPostProcessor WARNING  Orphan pdf_cell 272 recovered to row=1 by nearest-row fallback (col=1, y=897.7, dist=583.1)
2026-09-06 22:43:06,474 MatchingPostProcessor WARNING  Orphan pdf_cell 273 recovered to row=1 by nearest-row fallback (col=1, y=897.7, dist=583.1)
2026-09-06 22:43:06,474 MatchingPostProcessor WARNING  Orphan pdf_cell 274 recovered to row=1 by nearest-row fallback (col=1, y=897.7, dist=583.1)
2026-09-06 22:43:06,474 MatchingPostProcessor WARNING  Orphan pdf_cell 275 recovered to row=1 by nearest-row fallback (col=1, y=918.7, dist=604.1)
2026-09-06 22:43:06,474 MatchingPostProcessor WARNING  Orphan pdf_cell 276 recovered to row=1 by nearest-row fallback (col=1, y=918.7, dist=604.1)
2026-09-06 22:43:06,474 MatchingPostProcessor WARNING  Orphan pdf_cell 277 recovered to row=1 by nearest-row fallback (col=1, y=918.7, dist=604.1)
2026-09-06 22:43:06,474 MatchingPostProcessor WARNING  Orphan pdf_cell 278 recovered to row=1 by nearest-row fallback (col=1, y=918.7, dist=604.1)
2026-09-06 22:43:06,475 MatchingPostProcessor WARNING  Orphan pdf_cell 279 recovered to row=1 by nearest-row fallback (col=1, y=918.7, dist=604.1)
2026-09-06 22:43:06,475 MatchingPostProcessor WARNING  Orphan pdf_cell 280 recovered to row=1 by nearest-row fallback (col=1, y=939.7, dist=625.1)
2026-09-06 22:43:06,475 MatchingPostProcessor WARNING  Orphan pdf_cell 281 recovered to row=1 by nearest-row fallback (col=1, y=939.7, dist=625.1)
2026-09-06 22:43:06,475 MatchingPostProcessor WARNING  Orphan pdf_cell 282 recovered to row=1 by nearest-row fallback (col=1, y=939.7, dist=625.1)
2026-09-06 22:43:06,475 MatchingPostProcessor WARNING  Orphan pdf_cell 283 recovered to row=1 by nearest-row fallback (col=1, y=960.7, dist=646.1)
2026-09-06 22:43:06,475 MatchingPostProcessor WARNING  Orphan pdf_cell 284 recovered to row=1 by nearest-row fallback (col=1, y=960.7, dist=646.1)
2026-09-06 22:43:06,475 MatchingPostProcessor WARNING  Orphan pdf_cell 285 recovered to row=1 by nearest-row fallback (col=1, y=981.7, dist=667.1)
2026-09-06 22:43:06,475 MatchingPostProcessor WARNING  Orphan pdf_cell 286 recovered to row=1 by nearest-row fallback (col=1, y=981.7, dist=667.1)
2026-09-06 22:43:06,475 MatchingPostProcessor WARNING  Orphan pdf_cell 287 recovered to row=1 by nearest-row fallback (col=1, y=981.7, dist=667.1)
2026-09-06 22:43:06,475 MatchingPostProcessor WARNING  Orphan pdf_cell 288 recovered to row=1 by nearest-row fallback (col=1, y=1002.7, dist=688.1)
2026-09-06 22:43:06,475 MatchingPostProcessor WARNING  Orphan pdf_cell 289 recovered to row=1 by nearest-row fallback (col=1, y=1002.7, dist=688.1)
2026-09-06 22:43:06,475 MatchingPostProcessor WARNING  Orphan pdf_cell 290 recovered to row=1 by nearest-row fallback (col=1, y=1002.7, dist=688.1)
2026-09-06 22:43:06,475 MatchingPostProcessor WARNING  Orphan pdf_cell 291 recovered to row=1 by nearest-row fallback (col=1, y=1023.7, dist=709.1)
2026-09-06 22:43:06,475 MatchingPostProcessor WARNING  Orphan pdf_cell 292 recovered to row=1 by nearest-row fallback (col=1, y=1023.7, dist=709.1)
2026-09-06 22:43:06,475 MatchingPostProcessor WARNING  Orphan pdf_cell 293 recovered to row=1 by nearest-row fallback (col=1, y=1023.7, dist=709.1)
2026-09-06 22:43:06,475 MatchingPostProcessor WARNING  Orphan pdf_cell 294 recovered to row=1 by nearest-row fallback (col=1, y=1044.7, dist=730.1)
2026-09-06 22:43:06,475 MatchingPostProcessor WARNING  Orphan pdf_cell 295 recovered to row=1 by nearest-row fallback (col=1, y=1044.7, dist=730.1)
2026-09-06 22:43:06,475 MatchingPostProcessor WARNING  Orphan pdf_cell 296 recovered to row=1 by nearest-row fallback (col=1, y=1044.7, dist=730.1)
2026-09-06 22:43:06,475 MatchingPostProcessor WARNING  Orphan pdf_cell 297 recovered to row=1 by nearest-row fallback (col=1, y=1044.7, dist=730.1)
2026-09-06 22:43:06,475 MatchingPostProcessor WARNING  Orphan pdf_cell 298 recovered to row=1 by nearest-row fallback (col=1, y=1044.7, dist=730.1)
2026-09-06 22:43:06,475 MatchingPostProcessor WARNING  Orphan pdf_cell 299 recovered to row=1 by nearest-row fallback (col=1, y=1065.7, dist=751.1)
2026-09-06 22:43:06,475 MatchingPostProcessor WARNING  Orphan pdf_cell 300 recovered to row=1 by nearest-row fallback (col=1, y=1086.7, dist=772.1)
2026-09-06 22:43:06,475 MatchingPostProcessor WARNING  Orphan pdf_cell 301 recovered to row=1 by nearest-row fallback (col=1, y=1086.7, dist=772.1)
2026-09-06 22:43:06,475 MatchingPostProcessor WARNING  Orphan pdf_cell 302 recovered to row=1 by nearest-row fallback (col=1, y=1086.7, dist=772.1)
2026-09-06 22:43:06,475 MatchingPostProcessor WARNING  Orphan pdf_cell 303 recovered to row=1 by nearest-row fallback (col=1, y=1086.7, dist=772.1)
2026-09-06 22:43:06,475 MatchingPostProcessor WARNING  Orphan pdf_cell 304 recovered to row=1 by nearest-row fallback (col=1, y=1107.7, dist=793.1)
2026-09-06 22:43:06,476 MatchingPostProcessor WARNING  Orphan pdf_cell 305 recovered to row=1 by nearest-row fallback (col=1, y=1107.7, dist=793.1)
2026-09-06 22:43:06,476 MatchingPostProcessor WARNING  Orphan pdf_cell 306 recovered to row=1 by nearest-row fallback (col=1, y=1107.7, dist=793.1)
2026-09-06 22:43:06,476 MatchingPostProcessor WARNING  Orphan pdf_cell 307 recovered to row=1 by nearest-row fallback (col=1, y=1128.7, dist=814.1)
2026-09-06 22:43:06,476 MatchingPostProcessor WARNING  Orphan pdf_cell 308 recovered to row=1 by nearest-row fallback (col=1, y=1128.7, dist=814.1)
2026-09-06 22:43:06,476 MatchingPostProcessor WARNING  Orphan pdf_cell 309 recovered to row=1 by nearest-row fallback (col=1, y=1128.7, dist=814.1)
2026-09-06 22:43:06,476 MatchingPostProcessor WARNING  Orphan pdf_cell 310 recovered to row=1 by nearest-row fallback (col=1, y=1149.7, dist=835.1)
2026-09-06 22:43:06,476 MatchingPostProcessor WARNING  Orphan pdf_cell 311 recovered to row=1 by nearest-row fallback (col=1, y=1149.7, dist=835.1)
2026-09-06 22:43:06,476 MatchingPostProcessor WARNING  Orphan pdf_cell 312 recovered to row=1 by nearest-row fallback (col=1, y=1149.7, dist=835.1)
2026-09-06 22:43:06,476 MatchingPostProcessor WARNING  Orphan pdf_cell 313 recovered to row=1 by nearest-row fallback (col=1, y=1170.7, dist=856.1)
2026-09-06 22:43:06,476 MatchingPostProcessor WARNING  Orphan pdf_cell 314 recovered to row=1 by nearest-row fallback (col=1, y=1170.7, dist=856.1)
2026-09-06 22:43:06,612 MatchingPostProcessor WARNING  Orphan pdf_cell 115 recovered to row=0 by nearest-row fallback (col=0, y=927.5, dist=424.8)
2026-09-06 22:43:06,612 MatchingPostProcessor WARNING  Orphan pdf_cell 116 recovered to row=0 by nearest-row fallback (col=0, y=948.5, dist=445.8)
2026-09-06 22:43:06,612 MatchingPostProcessor WARNING  Orphan pdf_cell 117 recovered to row=0 by nearest-row fallback (col=0, y=948.5, dist=445.8)
2026-09-06 22:43:06,612 MatchingPostProcessor WARNING  Orphan pdf_cell 118 recovered to row=0 by nearest-row fallback (col=0, y=948.5, dist=445.8)
2026-09-06 22:43:06,612 MatchingPostProcessor WARNING  Orphan pdf_cell 119 recovered to row=0 by nearest-row fallback (col=0, y=969.5, dist=466.8)
2026-09-06 22:43:06,612 MatchingPostProcessor WARNING  Orphan pdf_cell 232 recovered to row=0 by nearest-row fallback (col=1, y=936.2, dist=433.5)
2026-09-06 22:43:06,612 MatchingPostProcessor WARNING  Orphan pdf_cell 233 recovered to row=0 by nearest-row fallback (col=1, y=964.9, dist=462.2)
2026-09-06 22:43:06,612 MatchingPostProcessor WARNING  Orphan pdf_cell 234 recovered to row=0 by nearest-row fallback (col=1, y=964.9, dist=462.2)
2026-09-06 22:43:06,612 MatchingPostProcessor WARNING  Orphan pdf_cell 235 recovered to row=0 by nearest-row fallback (col=1, y=964.9, dist=462.2)
2026-09-06 22:43:06,612 MatchingPostProcessor WARNING  Orphan pdf_cell 236 recovered to row=0 by nearest-row fallback (col=1, y=964.9, dist=462.2)
n 317 lens [5734, 12451, 12463, 15824, 16066]
embed first
first ok dim 2560 sec 0.16
embed longest
longest ok len 16066 sec 5.16
embed all 317
all ok 317 sec 71.37
minio
minio ok 196e1204f9b5d2da/original/PGP - GPG.pdf 196e1204f9b5d2da/docling.json
milvus upsert
milvus ok 317
done
